Product: MDK-ARM Standard 5.10
Component: ARM Compiler 5.04 update 1 (build 49)
Tool: armlink [5040049]

==============================================================================

Section Cross References

    stm32f4xx_adc.o(.text) refers to stm32f4xx_rcc.o(.text) for RCC_APB2PeriphResetCmd
    stm32f4xx_can.o(.text) refers to stm32f4xx_rcc.o(.text) for RCC_APB1PeriphResetCmd
    stm32f4xx_cryp.o(.text) refers to stm32f4xx_rcc.o(.text) for RCC_AHB2PeriphResetCmd
    stm32f4xx_cryp_aes.o(.text) refers to stm32f4xx_cryp.o(.text) for CRYP_KeyStructInit
    stm32f4xx_cryp_des.o(.text) refers to stm32f4xx_cryp.o(.text) for CRYP_KeyStructInit
    stm32f4xx_cryp_tdes.o(.text) refers to stm32f4xx_cryp.o(.text) for CRYP_KeyStructInit
    stm32f4xx_dac.o(.text) refers to stm32f4xx_rcc.o(.text) for RCC_APB1PeriphResetCmd
    stm32f4xx_dma2d.o(.text) refers to stm32f4xx_rcc.o(.text) for RCC_AHB1PeriphResetCmd
    stm32f4xx_fsmc.o(.text) refers to stm32f4xx_fsmc.o(.constdata) for FSMC_DefaultTimingStruct
    stm32f4xx_gpio.o(.text) refers to stm32f4xx_rcc.o(.text) for RCC_AHB1PeriphResetCmd
    stm32f4xx_hash.o(.text) refers to stm32f4xx_rcc.o(.text) for RCC_AHB2PeriphResetCmd
    stm32f4xx_hash_md5.o(.text) refers to stm32f4xx_hash.o(.text) for HASH_DeInit
    stm32f4xx_hash_sha1.o(.text) refers to stm32f4xx_hash.o(.text) for HASH_DeInit
    stm32f4xx_i2c.o(.text) refers to stm32f4xx_rcc.o(.text) for RCC_APB1PeriphResetCmd
    stm32f4xx_ltdc.o(.text) refers to stm32f4xx_rcc.o(.text) for RCC_APB2PeriphResetCmd
    stm32f4xx_pwr.o(.text) refers to stm32f4xx_rcc.o(.text) for RCC_APB1PeriphResetCmd
    stm32f4xx_rcc.o(.text) refers to stm32f4xx_rcc.o(.data) for APBAHBPrescTable
    stm32f4xx_rng.o(.text) refers to stm32f4xx_rcc.o(.text) for RCC_AHB2PeriphResetCmd
    stm32f4xx_sai.o(.text) refers to stm32f4xx_rcc.o(.text) for RCC_APB2PeriphResetCmd
    stm32f4xx_sdio.o(.text) refers to stm32f4xx_rcc.o(.text) for RCC_APB2PeriphResetCmd
    stm32f4xx_spi.o(.text) refers to stm32f4xx_rcc.o(.text) for RCC_APB2PeriphResetCmd
    stm32f4xx_syscfg.o(.text) refers to stm32f4xx_rcc.o(.text) for RCC_APB2PeriphResetCmd
    stm32f4xx_tim.o(.text) refers to stm32f4xx_rcc.o(.text) for RCC_APB2PeriphResetCmd
    stm32f4xx_usart.o(.text) refers to stm32f4xx_rcc.o(.text) for RCC_APB2PeriphResetCmd
    stm32f4xx_wwdg.o(.text) refers to stm32f4xx_rcc.o(.text) for RCC_APB1PeriphResetCmd
    startup_stm32f40_41xxx.o(STACK) refers (Special) to heapauxi.o(.text) for __use_two_region_memory
    startup_stm32f40_41xxx.o(HEAP) refers (Special) to heapauxi.o(.text) for __use_two_region_memory
    startup_stm32f40_41xxx.o(RESET) refers (Special) to heapauxi.o(.text) for __use_two_region_memory
    startup_stm32f40_41xxx.o(RESET) refers to startup_stm32f40_41xxx.o(STACK) for __initial_sp
    startup_stm32f40_41xxx.o(RESET) refers to startup_stm32f40_41xxx.o(.text) for Reset_Handler
    startup_stm32f40_41xxx.o(RESET) refers to stm32f4xx_it.o(.text) for NMI_Handler
    startup_stm32f40_41xxx.o(RESET) refers to reset_motor.o(.text) for EXTI3_IRQHandler
    startup_stm32f40_41xxx.o(RESET) refers to run_led.o(.text) for TIM1_TRG_COM_TIM11_IRQHandler
    startup_stm32f40_41xxx.o(RESET) refers to common_exit.o(.text) for EXTI15_10_IRQHandler
    startup_stm32f40_41xxx.o(RESET) refers to wfly.o(.text) for USART6_IRQHandler
    startup_stm32f40_41xxx.o(.text) refers (Special) to heapauxi.o(.text) for __use_two_region_memory
    startup_stm32f40_41xxx.o(.text) refers to system_stm32f4xx.o(.text) for SystemInit
    startup_stm32f40_41xxx.o(.text) refers to __main.o(!!!main) for __main
    startup_stm32f40_41xxx.o(.text) refers to startup_stm32f40_41xxx.o(HEAP) for Heap_Mem
    startup_stm32f40_41xxx.o(.text) refers to startup_stm32f40_41xxx.o(STACK) for Stack_Mem
    main.o(.text) refers to reset_motor.o(.text) for CAN2_RPDO_Speed
    main.o(.text) refers to delay.o(.text) for delay_ms
    main.o(.text) refers to misc.o(.text) for NVIC_PriorityGroupConfig
    main.o(.text) refers to run_led.o(.text) for run_led_gpio_init
    main.o(.text) refers to hard_stop.o(.text) for hard_stop_init
    main.o(.text) refers to manul_hal.o(.text) for Accelerate_ADC_Init
    main.o(.text) refers to wfly.o(.text) for Wfly_Usart_Init
    main.o(.text) refers to my_reset.o(.text) for reset_handle
    main.o(.text) refers to reset_motor.o(.data) for trigger
    system_stm32f4xx.o(.text) refers to system_stm32f4xx.o(.data) for SystemCoreClock
    delay.o(.text) refers to misc.o(.text) for SysTick_CLKSourceConfig
    delay.o(.text) refers to delay.o(.data) for fac_us
    run_led.o(.text) refers to stm32f4xx_rcc.o(.text) for RCC_AHB1PeriphClockCmd
    run_led.o(.text) refers to stm32f4xx_gpio.o(.text) for GPIO_Init
    run_led.o(.text) refers to stm32f4xx_tim.o(.text) for TIM_TimeBaseInit
    run_led.o(.text) refers to misc.o(.text) for NVIC_Init
    run_led.o(.text) refers to run_led.o(.data) for led1_flag
[...]
    USER\\system_stm32f4xx.c                 0x00000000   Number         0  system_stm32f4xx.o ABSOLUTE
    USER\main.c                              0x00000000   Number         0  main.o ABSOLUTE
    USER\stm32f4xx_it.c                      0x00000000   Number         0  stm32f4xx_it.o ABSOLUTE
    USER\system_stm32f4xx.c                  0x00000000   Number         0  system_stm32f4xx.o ABSOLUTE
    dc.s                                     0x00000000   Number         0  dc.o ABSOLUTE
    RESET                                    0x08000000   Section      392  startup_stm32f40_41xxx.o(RESET)
    !!!main                                  0x08000188   Section        8  __main.o(!!!main)
    !!!scatter                               0x08000190   Section       52  __scatter.o(!!!scatter)
    !!handler_copy                           0x080001c4   Section       26  __scatter_copy.o(!!handler_copy)
    !!handler_zi                             0x080001e0   Section       28  __scatter_zi.o(!!handler_zi)
    .ARM.Collect$$libinit$$00000000          0x080001fc   Section        2  libinit.o(.ARM.Collect$$libinit$$00000000)
    .ARM.Collect$$libinit$$00000001          0x080001fe   Section        4  libinit2.o(.ARM.Collect$$libinit$$00000001)
    .ARM.Collect$$libinit$$00000008          0x08000202   Section        0  libinit2.o(.ARM.Collect$$libinit$$00000008)
    .ARM.Collect$$libinit$$0000000A          0x08000202   Section        0  libinit2.o(.ARM.Collect$$libinit$$0000000A)
    .ARM.Collect$$libinit$$0000000C          0x08000202   Section        0  libinit2.o(.ARM.Collect$$libinit$$0000000C)
    .ARM.Collect$$libinit$$0000000F          0x08000202   Section        0  libinit2.o(.ARM.Collect$$libinit$$0000000F)
    .ARM.Collect$$libinit$$00000011          0x08000202   Section        0  libinit2.o(.ARM.Collect$$libinit$$00000011)
    .ARM.Collect$$libinit$$00000013          0x08000202   Section        0  libinit2.o(.ARM.Collect$$libinit$$00000013)
    .ARM.Collect$$libinit$$00000015          0x08000202   Section        0  libinit2.o(.ARM.Collect$$libinit$$00000015)
    .ARM.Collect$$libinit$$00000017          0x08000202   Section        0  libinit2.o(.ARM.Collect$$libinit$$00000017)
    .ARM.Collect$$libinit$$00000019          0x08000202   Section        0  libinit2.o(.ARM.Collect$$libinit$$00000019)
    .ARM.Collect$$libinit$$0000001B          0x08000202   Section        0  libinit2.o(.ARM.Collect$$libinit$$0000001B)
    .ARM.Collect$$libinit$$0000001D          0x08000202   Section        0  libinit2.o(.ARM.Collect$$libinit$$0000001D)
    .ARM.Collect$$libinit$$0000001F          0x08000202   Section        0  libinit2.o(.ARM.Collect$$libinit$$0000001F)
    .ARM.Collect$$libinit$$00000021          0x08000202   Section        0  libinit2.o(.ARM.Collect$$libinit$$00000021)
    .ARM.Collect$$libinit$$00000023          0x08000202   Section        0  libinit2.o(.ARM.Collect$$libinit$$00000023)
    .ARM.Collect$$libinit$$0000002A          0x08000202   Section        0  libinit2.o(.ARM.Collect$$libinit$$0000002A)
    .ARM.Collect$$libinit$$0000002C          0x08000202   Section        0  libinit2.o(.ARM.Collect$$libinit$$0000002C)
    .ARM.Collect$$libinit$$0000002E          0x08000202   Section        0  libinit2.o(.ARM.Collect$$libinit$$0000002E)
    .ARM.Collect$$libinit$$00000030          0x08000202   Section        0  libinit2.o(.ARM.Collect$$libinit$$00000030)
    .ARM.Collect$$libinit$$00000031          0x08000202   Section        2  libinit2.o(.ARM.Collect$$libinit$$00000031)
    .ARM.Collect$$libshutdown$$00000000      0x08000204   Section        2  libshutdown.o(.ARM.Collect$$libshutdown$$00000000)
    .ARM.Collect$$libshutdown$$00000003      0x08000206   Section        0  libshutdown2.o(.ARM.Collect$$libshutdown$$00000003)
    .ARM.Collect$$libshutdown$$00000006      0x08000206   Section        0  libshutdown2.o(.ARM.Collect$$libshutdown$$00000006)
    .ARM.Collect$$libshutdown$$00000009      0x08000206   Section        0  libshutdown2.o(.ARM.Collect$$libshutdown$$00000009)
    .ARM.Collect$$libshutdown$$0000000B      0x08000206   Section        0  libshutdown2.o(.ARM.Collect$$libshutdown$$0000000B)
    .ARM.Collect$$libshutdown$$0000000E      0x08000206   Section        0  libshutdown2.o(.ARM.Collect$$libshutdown$$0000000E)
    .ARM.Collect$$libshutdown$$0000000F      0x08000206   Section        2  libshutdown2.o(.ARM.Collect$$libshutdown$$0000000F)
    .ARM.Collect$$rtentry$$00000000          0x08000208   Section        0  rtentry.o(.ARM.Collect$$rtentry$$00000000)
    .ARM.Collect$$rtentry$$00000002          0x08000208   Section        0  rtentry2.o(.ARM.Collect$$rtentry$$00000002)
    .ARM.Collect$$rtentry$$00000004          0x08000208   Section        6  rtentry4.o(.ARM.Collect$$rtentry$$00000004)
    .ARM.Collect$$rtentry$$00000009          0x0800020e   Section        0  rtentry2.o(.ARM.Collect$$rtentry$$00000009)
    .ARM.Collect$$rtentry$$0000000A          0x0800020e   Section        4  rtentry2.o(.ARM.Collect$$rtentry$$0000000A)
    .ARM.Collect$$rtentry$$0000000C          0x08000212   Section        0  rtentry2.o(.ARM.Collect$$rtentry$$0000000C)
    .ARM.Collect$$rtentry$$0000000D          0x08000212   Section        8  rtentry2.o(.ARM.Collect$$rtentry$$0000000D)
    .ARM.Collect$$rtexit$$00000000           0x0800021a   Section        2  rtexit.o(.ARM.Collect$$rtexit$$00000000)
    .ARM.Collect$$rtexit$$00000002           0x0800021c   Section        0  rtexit2.o(.ARM.Collect$$rtexit$$00000002)
    .ARM.Collect$$rtexit$$00000003           0x0800021c   Section        4  rtexit2.o(.ARM.Collect$$rtexit$$00000003)
    .ARM.Collect$$rtexit$$00000004           0x08000220   Section        6  rtexit2.o(.ARM.Collect$$rtexit$$00000004)
    .text                                    0x08000228   Section        0  misc.o(.text)
    .text                                    0x08000308   Section        0  stm32f4xx_adc.o(.text)
    .text                                    0x0800076c   Section        0  stm32f4xx_can.o(.text)
    CheckITStatus                            0x08000f6f   Thumb Code    18  stm32f4xx_can.o(.text)
    .text                                    0x0800115c   Section        0  stm32f4xx_dma.o(.text)
    .text                                    0x08001504   Section        0  stm32f4xx_exti.o(.text)
    .text                                    0x08001614   Section        0  stm32f4xx_gpio.o(.text)
    .text                                    0x080018a8   Section        0  stm32f4xx_rcc.o(.text)
    .text                                    0x08001f04   Section        0  stm32f4xx_syscfg.o(.text)
    .text                                    0x08001f98   Section        0  stm32f4xx_tim.o(.text)
    TI4_Config                               0x08002737   Thumb Code    80  stm32f4xx_tim.o(.text)
    TI3_Config                               0x08002799   Thumb Code    72  stm32f4xx_tim.o(.text)
    TI2_Config                               0x080027fb   Thumb Code    90  stm32f4xx_tim.o(.text)
    TI1_Config                               0x08002867   Thumb Code    58  stm32f4xx_tim.o(.text)
    .text                                    0x08002c3c   Section        0  stm32f4xx_usart.o(.text)
    .text                                    0x08003090   Section       64  startup_stm32f40_41xxx.o(.text)
    $v0                                      0x08003090   Number         0  startup_stm32f40_41xxx.o(.text)
    .text                                    0x080030d0   Section        0  main.o(.text)
    .text                                    0x080031b4   Section        0  stm32f4xx_it.o(.text)
    .text                                    0x080031d0   Section        0  system_stm32f4xx.o(.text)
    SetSysClock                              0x080031d1   Thumb Code   220  system_stm32f4xx.o(.text)
    .text                                    0x080033e0   Section        0  delay.o(.text)
    .text                                    0x080034e4   Section        0  run_led.o(.text)
    .text                                    0x0800361c   Section        0  reset_motor.o(.text)
    .text                                    0x08003d7c   Section        0  my_reset.o(.text)
    .text                                    0x08003de4   Section        0  manul_hal.o(.text)
    .text                                    0x08004180   Section        0  common_exit.o(.text)
    .text                                    0x08004280   Section        0  wfly.o(.text)
    .text                                    0x08004a40   Section        0  hard_stop.o(.text)
    .text                                    0x08004aa4   Section       72  llsdiv.o(.text)
    .text                                    0x08004aec   Section      138  rt_memcpy_v6.o(.text)
    .text                                    0x08004b76   Section        0  heapauxi.o(.text)
    .text                                    0x08004b7c   Section      238  lludivv7m.o(.text)
    .text                                    0x08004c6a   Section      100  rt_memcpy_w.o(.text)
    .text                                    0x08004cce   Section       74  sys_stackheap_outer.o(.text)
    .text                                    0x08004d18   Section        0  exit.o(.text)
    .text                                    0x08004d24   Section        8  libspace.o(.text)
    .text                                    0x08004d2c   Section        0  sys_exit.o(.text)
    .text                                    0x08004d38   Section        2  use_no_semi.o(.text)
    .text                                    0x08004d3a   Section        0  indicate_semi.o(.text)
    x$fpl$basic                              0x08004d3a   Section       24  basic.o(x$fpl$basic)
    $v0                                      0x08004d3a   Number         0  basic.o(x$fpl$basic)
    x$fpl$d2f                                0x08004d54   Section       98  d2f.o(x$fpl$d2f)
    $v0                                      0x08004d54   Number         0  d2f.o(x$fpl$d2f)
    x$fpl$dadd                               0x08004db8   Section      336  daddsub_clz.o(x$fpl$dadd)
    $v0                                      0x08004db8   Number         0  daddsub_clz.o(x$fpl$dadd)
    _dadd1                                   0x08004dc9   Thumb Code     0  daddsub_clz.o(x$fpl$dadd)
    x$fpl$dcmpinf                            0x08004f08   Section       24  dcmpi.o(x$fpl$dcmpinf)
    $v0                                      0x08004f08   Number         0  dcmpi.o(x$fpl$dcmpinf)
    x$fpl$ddiv                               0x08004f20   Section      688  ddiv.o(x$fpl$ddiv)
    $v0                                      0x08004f20   Number         0  ddiv.o(x$fpl$ddiv)
    ddiv_entry                               0x08004f27   Thumb Code     0  ddiv.o(x$fpl$ddiv)
    x$fpl$dflt                               0x080051d0   Section       46  dflt_clz.o(x$fpl$dflt)
    $v0                                      0x080051d0   Number         0  dflt_clz.o(x$fpl$dflt)
    x$fpl$dfltll                             0x08005200   Section      162  dfltll_clz.o(x$fpl$dfltll)
    $v0                                      0x08005200   Number         0  dfltll_clz.o(x$fpl$dfltll)
    x$fpl$dleqf                              0x080052a4   Section      120  dleqf.o(x$fpl$dleqf)
    $v0                                      0x080052a4   Number         0  dleqf.o(x$fpl$dleqf)
    x$fpl$dmul                               0x0800531c   Section      340  dmul.o(x$fpl$dmul)
    $v0                                      0x0800531c   Number         0  dmul.o(x$fpl$dmul)
    x$fpl$dnaninf                            0x08005470   Section      156  dnaninf.o(x$fpl$dnaninf)
    $v0                                      0x08005470   Number         0  dnaninf.o(x$fpl$dnaninf)
    x$fpl$dretinf                            0x0800550c   Section       12  dretinf.o(x$fpl$dretinf)
    $v0                                      0x0800550c   Number         0  dretinf.o(x$fpl$dretinf)
    x$fpl$drleqf                             0x08005518   Section      108  drleqf.o(x$fpl$drleqf)
    $v0                                      0x08005518   Number         0  drleqf.o(x$fpl$drleqf)
    x$fpl$dsub                               0x08005584   Section      468  daddsub_clz.o(x$fpl$dsub)
    $v0                                      0x08005584   Number         0  daddsub_clz.o(x$fpl$dsub)
    _dsub1                                   0x08005595   Thumb Code     0  daddsub_clz.o(x$fpl$dsub)
    x$fpl$f2d                                0x08005758   Section       86  f2d.o(x$fpl$f2d)
    $v0                                      0x08005758   Number         0  f2d.o(x$fpl$f2d)
    x$fpl$fnaninf                            0x080057ae   Section      140  fnaninf.o(x$fpl$fnaninf)
    $v0                                      0x080057ae   Number         0  fnaninf.o(x$fpl$fnaninf)
    x$fpl$fpinit                             0x0800583a   Section       10  fpinit.o(x$fpl$fpinit)
    $v0                                      0x0800583a   Number         0  fpinit.o(x$fpl$fpinit)
    x$fpl$fretinf                            0x08005844   Section       10  fretinf.o(x$fpl$fretinf)
    $v0                                      0x08005844   Number         0  fretinf.o(x$fpl$fretinf)
    x$fpl$llsfromd                           0x08005850   Section      194  dfixll.o(x$fpl$llsfromd)
    $v0                                      0x08005850   Number         0  dfixll.o(x$fpl$llsfromd)
    x$fpl$llsfromf                           0x08005914   Section      134  ffixll.o(x$fpl$llsfromf)
    $v0                                      0x08005914   Number         0  ffixll.o(x$fpl$llsfromf)
    x$fpl$usenofp                            0x0800599a   Section        0  usenofp.o(x$fpl$usenofp)
    .constdata                               0x0800599c   Section      360  reset_motor.o(.constdata)
    .data                                    0x20000000   Section       16  stm32f4xx_rcc.o(.data)
    APBAHBPrescTable                         0x20000000   Data          16  stm32f4xx_rcc.o(.data)
    .data                                    0x20000010   Section       20  system_stm32f4xx.o(.data)
    .data                                    0x20000024   Section        4  delay.o(.data)
    fac_us                                   0x20000024   Data           1  delay.o(.data)
    fac_ms                                   0x20000026   Data           2  delay.o(.data)
    .data                                    0x20000028   Section        2  run_led.o(.data)
    .data                                    0x2000002c   Section       33  reset_motor.o(.data)
    .data                                    0x20000050   Section       19  manul_hal.o(.data)
    star_type                                0x20000060   Data           1  manul_hal.o(.data)
    swap_type                                0x20000061   Data           1  manul_hal.o(.data)
    last_speed_type                          0x20000062   Data           1  manul_hal.o(.data)
    .data                                    0x20000064   Section       10  wfly.o(.data)
    state_swap                               0x2000006c   Data           1  wfly.o(.data)
    atuo_manul_flag                          0x2000006d   Data           1  wfly.o(.data)
    .data                                    0x2000006e   Section        1  hard_stop.o(.data)
    .bss                                     0x20000070   Section       32  reset_motor.o(.bss)
    .bss                                     0x20000090   Section       28  manul_hal.o(.bss)
    .bss                                     0x200000ac   Section      127  wfly.o(.bss)
    .bss                                     0x2000012c   Section       96  libspace.o(.bss)
    HEAP                                     0x20000190   Section      512  startup_stm32f40_41xxx.o(HEAP)
    Heap_Mem                                 0x20000190   Data         512  startup_stm32f40_41xxx.o(HEAP)
    STACK                                    0x20000390   Section     1024  startup_stm32f40_41xxx.o(STACK)
    Stack_Mem                                0x20000390   Data        1024  startup_stm32f40_41xxx.o(STACK)
    __initial_sp                             0x20000790   Data           0  startup_stm32f40_41xxx.o(STACK)

    Global Symbols

    Symbol Name                              Value     Ov Type        Size  Object(Section)

    BuildAttributes$$THM_ISAv4$E$P$D$K$B$S$7EM$VFPi3$EXTD16$VFPS$VFMA$PE$A:L22UL41UL21$X:L11$S22US41US21$IEEE1$IW$USESV6$~STKCKD$USESV7$~SHL$OSPACE$ROPI$EBA8$UX$STANDARDLIB$REQ8$PRES8$EABIv2 0x00000000   Number         0  anon$$obj.o ABSOLUTE
    __ARM_use_no_argv                        0x00000000   Number         0  main.o ABSOLUTE
    __ARM_exceptions_init                     - Undefined Weak Reference
    __alloca_initialize                       - Undefined Weak Reference
    __cpp_initialize__aeabi_                  - Undefined Weak Reference
    __cxa_finalize                            - Undefined Weak Reference
    __rt_locale                               - Undefined Weak Reference
    __sigvec_lookup                           - Undefined Weak Reference
    _atexit_init                              - Undefined Weak Reference
    _call_atexit_fns                          - Undefined Weak Reference
    _clock_init                               - Undefined Weak Reference
    _fp_trap_init                             - Undefined Weak Reference
    _fp_trap_shutdown                         - Undefined Weak Reference
    _get_lc_collate                           - Undefined Weak Reference
    _get_lc_ctype                             - Undefined Weak Reference
    _get_lc_monetary                          - Undefined Weak Reference
    _get_lc_numeric                           - Undefined Weak Reference
    _get_lc_time                              - Undefined Weak Reference
    _getenv_init                              - Undefined Weak Reference
    _handle_redirection                       - Undefined Weak Reference
    _init_alloc                               - Undefined Weak Reference
    _init_user_alloc                          - Undefined Weak Reference
    _initio                                   - Undefined Weak Reference
    _rand_init                                - Undefined Weak Reference
    _signal_finish                            - Undefined Weak Reference
    _signal_init                              - Undefined Weak Reference
    _terminate_alloc                          - Undefined Weak Reference
    _terminate_user_alloc                     - Undefined Weak Reference
    _terminateio                              - Undefined Weak Reference
    __Vectors_Size                           0x00000188   Number         0  startup_stm32f40_41xxx.o ABSOLUTE
    __Vectors                                0x08000000   Data           4  startup_stm32f40_41xxx.o(RESET)
    __Vectors_End                            0x08000188   Data           0  startup_stm32f40_41xxx.o(RESET)
    __main                                   0x08000189   Thumb Code     8  __main.o(!!!main)
    __scatterload                            0x08000191   Thumb Code     0  __scatter.o(!!!scatter)
    __scatterload_rt2                        0x08000191   Thumb Code    44  __scatter.o(!!!scatter)
    __scatterload_rt2_thumb_only             0x08000191   Thumb Code     0  __scatter.o(!!!scatter)
    __scatterload_null                       0x0800019f   Thumb Code     0  __scatter.o(!!!scatter)
    __scatterload_copy                       0x080001c5   Thumb Code    26  __scatter_copy.o(!!handler_copy)
    __scatterload_zeroinit                   0x080001e1   Thumb Code    28  __scatter_zi.o(!!handler_zi)
    __rt_lib_init                            0x080001fd   Thumb Code     0  libinit.o(.ARM.Collect$$libinit$$00000000)
    __rt_lib_init_fp_1                       0x080001ff   Thumb Code     0  libinit2.o(.ARM.Collect$$libinit$$00000001)
    __rt_lib_init_alloca_1                   0x08000203   Thumb Code     0  libinit2.o(.ARM.Collect$$libinit$$0000002C)
    __rt_lib_init_argv_1                     0x08000203   Thumb Code     0  libinit2.o(.ARM.Collect$$libinit$$0000002A)
    __rt_lib_init_atexit_1                   0x08000203   Thumb Code     0  libinit2.o(.ARM.Collect$$libinit$$00000019)
    __rt_lib_init_clock_1                    0x08000203   Thumb Code     0  libinit2.o(.ARM.Collect$$libinit$$0000001F)
    __rt_lib_init_cpp_1                      0x08000203   Thumb Code     0  libinit2.o(.ARM.Collect$$libinit$$00000030)
    __rt_lib_init_exceptions_1               0x08000203   Thumb Code     0  libinit2.o(.ARM.Collect$$libinit$$0000002E)
    __rt_lib_init_fp_trap_1                  0x08000203   Thumb Code     0  libinit2.o(.ARM.Collect$$libinit$$0000001D)
    __rt_lib_init_getenv_1                   0x08000203   Thumb Code     0  libinit2.o(.ARM.Collect$$libinit$$00000021)
    __rt_lib_init_heap_1                     0x08000203   Thumb Code     0  libinit2.o(.ARM.Collect$$libinit$$00000008)
    __rt_lib_init_lc_collate_1               0x08000203   Thumb Code     0  libinit2.o(.ARM.Collect$$libinit$$0000000F)
    __rt_lib_init_lc_ctype_1                 0x08000203   Thumb Code     0  libinit2.o(.ARM.Collect$$libinit$$00000011)
    __rt_lib_init_lc_monetary_1              0x08000203   Thumb Code     0  libinit2.o(.ARM.Collect$$libinit$$00000013)
    __rt_lib_init_lc_numeric_1               0x08000203   Thumb Code     0  libinit2.o(.ARM.Collect$$libinit$$00000015)
    __rt_lib_init_lc_time_1                  0x08000203   Thumb Code     0  libinit2.o(.ARM.Collect$$libinit$$00000017)
    __rt_lib_init_rand_1                     0x08000203   Thumb Code     0  libinit2.o(.ARM.Collect$$libinit$$0000000C)
    __rt_lib_init_return                     0x08000203   Thumb Code     0  libinit2.o(.ARM.Collect$$libinit$$00000031)
    __rt_lib_init_signal_1                   0x08000203   Thumb Code     0  libinit2.o(.ARM.Collect$$libinit$$0000001B)
    __rt_lib_init_stdio_1                    0x08000203   Thumb Code     0  libinit2.o(.ARM.Collect$$libinit$$00000023)
    __rt_lib_init_user_alloc_1               0x08000203   Thumb Code     0  libinit2.o(.ARM.Collect$$libinit$$0000000A)
    __rt_lib_shutdown                        0x08000205   Thumb Code     0  libshutdown.o(.ARM.Collect$$libshutdown$$00000000)
    __rt_lib_shutdown_fp_trap_1              0x08000207   Thumb Code     0  libshutdown2.o(.ARM.Collect$$libshutdown$$00000006)
    __rt_lib_shutdown_heap_1                 0x08000207   Thumb Code     0  libshutdown2.o(.ARM.Collect$$libshutdown$$0000000E)
    __rt_lib_shutdown_return                 0x08000207   Thumb Code     0  libshutdown2.o(.ARM.Collect$$libshutdown$$0000000F)
    __rt_lib_shutdown_signal_1               0x08000207   Thumb Code     0  libshutdown2.o(.ARM.Collect$$libshutdown$$00000009)
    __rt_lib_shutdown_stdio_1                0x08000207   Thumb Code     0  libshutdown2.o(.ARM.Collect$$libshutdown$$00000003)
    __rt_lib_shutdown_user_alloc_1           0x08000207   Thumb Code     0  libshutdown2.o(.ARM.Collect$$libshutdown$$0000000B)
    __rt_entry                               0x08000209   Thumb Code     0  rtentry.o(.ARM.Collect$$rtentry$$00000000)
    __rt_entry_presh_1                       0x08000209   Thumb Code     0  rtentry2.o(.ARM.Collect$$rtentry$$00000002)
    __rt_entry_sh                            0x08000209   Thumb Code     0  rtentry4.o(.ARM.Collect$$rtentry$$00000004)
    __rt_entry_li                            0x0800020f   Thumb Code     0  rtentry2.o(.ARM.Collect$$rtentry$$0000000A)
    __rt_entry_postsh_1                      0x0800020f   Thumb Code     0  rtentry2.o(.ARM.Collect$$rtentry$$00000009)
    __rt_entry_main                          0x08000213   Thumb Code     0  rtentry2.o(.ARM.Collect$$rtentry$$0000000D)
    __rt_entry_postli_1                      0x08000213   Thumb Code     0  rtentry2.o(.ARM.Collect$$rtentry$$0000000C)
    __rt_exit                                0x0800021b   Thumb Code     0  rtexit.o(.ARM.Collect$$rtexit$$00000000)
    __rt_exit_ls                             0x0800021d   Thumb Code     0  rtexit2.o(.ARM.Collect$$rtexit$$00000003)
    __rt_exit_prels_1                        0x0800021d   Thumb Code     0  rtexit2.o(.ARM.Collect$$rtexit$$00000002)
    __rt_exit_exit                           0x08000221   Thumb Code     0  rtexit2.o(.ARM.Collect$$rtexit$$00000004)
    NVIC_PriorityGroupConfig                 0x08000229   Thumb Code    10  misc.o(.text)
    NVIC_Init                                0x08000233   Thumb Code   106  misc.o(.text)
    NVIC_SetVectorTable                      0x0800029d   Thumb Code    14  misc.o(.text)
    NVIC_SystemLPConfig                      0x080002ab   Thumb Code    34  misc.o(.text)
    SysTick_CLKSourceConfig                  0x080002cd   Thumb Code    40  misc.o(.text)
    ADC_DeInit                               0x08000309   Thumb Code    22  stm32f4xx_adc.o(.text)
    ADC_Init                                 0x0800031f   Thumb Code    74  stm32f4xx_adc.o(.text)
    ADC_StructInit                           0x08000369   Thumb Code    20  stm32f4xx_adc.o(.text)
    ADC_CommonInit                           0x0800037d   Thumb Code    34  stm32f4xx_adc.o(.text)
    ADC_CommonStructInit                     0x0800039f   Thumb Code    12  stm32f4xx_adc.o(.text)
    ADC_Cmd                                  0x080003ab   Thumb Code    22  stm32f4xx_adc.o(.text)
    ADC_AnalogWatchdogCmd                    0x080003c1   Thumb Code    16  stm32f4xx_adc.o(.text)
    ADC_AnalogWatchdogThresholdsConfig       0x080003d1   Thumb Code     6  stm32f4xx_adc.o(.text)
    ADC_AnalogWatchdogSingleChannelConfig    0x080003d7   Thumb Code    16  stm32f4xx_adc.o(.text)
    ADC_TempSensorVrefintCmd                 0x080003e7   Thumb Code    34  stm32f4xx_adc.o(.text)
    ADC_VBATCmd                              0x08000409   Thumb Code    34  stm32f4xx_adc.o(.text)
    ADC_RegularChannelConfig                 0x0800042b   Thumb Code   184  stm32f4xx_adc.o(.text)
    ADC_SoftwareStartConv                    0x080004e3   Thumb Code    10  stm32f4xx_adc.o(.text)
    ADC_GetSoftwareStartConvStatus           0x080004ed   Thumb Code    20  stm32f4xx_adc.o(.text)
    ADC_EOCOnEachRegularChannelCmd           0x08000501   Thumb Code    22  stm32f4xx_adc.o(.text)
    ADC_ContinuousModeCmd                    0x08000517   Thumb Code    22  stm32f4xx_adc.o(.text)
    ADC_DiscModeChannelCountConfig           0x0800052d   Thumb Code    24  stm32f4xx_adc.o(.text)
    ADC_DiscModeCmd                          0x08000545   Thumb Code    22  stm32f4xx_adc.o(.text)
    ADC_GetConversionValue                   0x0800055b   Thumb Code     8  stm32f4xx_adc.o(.text)
    ADC_GetMultiModeConversionValue          0x08000563   Thumb Code     8  stm32f4xx_adc.o(.text)
    ADC_DMACmd                               0x0800056b   Thumb Code    22  stm32f4xx_adc.o(.text)
    ADC_DMARequestAfterLastTransferCmd       0x08000581   Thumb Code    22  stm32f4xx_adc.o(.text)
    ADC_MultiModeDMARequestAfterLastTransferCmd 0x08000597   Thumb Code    34  stm32f4xx_adc.o(.text)
    ADC_InjectedChannelConfig                0x080005b9   Thumb Code   130  stm32f4xx_adc.o(.text)
    ADC_InjectedSequencerLengthConfig        0x0800063b   Thumb Code    24  stm32f4xx_adc.o(.text)
    ADC_SetInjectedOffset                    0x08000653   Thumb Code    20  stm32f4xx_adc.o(.text)
    ADC_ExternalTrigInjectedConvConfig       0x08000667   Thumb Code    16  stm32f4xx_adc.o(.text)
    ADC_ExternalTrigInjectedConvEdgeConfig   0x08000677   Thumb Code    16  stm32f4xx_adc.o(.text)
    ADC_SoftwareStartInjectedConv            0x08000687   Thumb Code    10  stm32f4xx_adc.o(.text)
    ADC_GetSoftwareStartInjectedConvCmdStatus 0x08000691   Thumb Code    20  stm32f4xx_adc.o(.text)
    ADC_AutoInjectedConvCmd                  0x080006a5   Thumb Code    22  stm32f4xx_adc.o(.text)
    ADC_InjectedDiscModeCmd                  0x080006bb   Thumb Code    22  stm32f4xx_adc.o(.text)
    ADC_GetInjectedConversionValue           0x080006d1   Thumb Code    28  stm32f4xx_adc.o(.text)
    ADC_ITConfig                             0x080006ed   Thumb Code    56  stm32f4xx_adc.o(.text)
    ADC_GetFlagStatus                        0x08000725   Thumb Code    18  stm32f4xx_adc.o(.text)
    ADC_ClearFlag                            0x08000737   Thumb Code     6  stm32f4xx_adc.o(.text)
    ADC_GetITStatus                          0x0800073d   Thumb Code    38  stm32f4xx_adc.o(.text)
    ADC_ClearITPendingBit                    0x08000763   Thumb Code    10  stm32f4xx_adc.o(.text)
    CAN_DeInit                               0x0800076d   Thumb Code    50  stm32f4xx_can.o(.text)
    CAN_Init                                 0x0800079f   Thumb Code   276  stm32f4xx_can.o(.text)
    CAN_FilterInit                           0x080008b3   Thumb Code   258  stm32f4xx_can.o(.text)
    CAN_StructInit                           0x080009b5   Thumb Code    32  stm32f4xx_can.o(.text)
    CAN_SlaveStartBank                       0x080009d5   Thumb Code    48  stm32f4xx_can.o(.text)
    CAN_DBGFreeze                            0x08000a05   Thumb Code    22  stm32f4xx_can.o(.text)
    CAN_TTComModeCmd                         0x08000a1b   Thumb Code   118  stm32f4xx_can.o(.text)
    CAN_Transmit                             0x08000a91   Thumb Code   304  stm32f4xx_can.o(.text)
    CAN_TransmitStatus                       0x08000bc1   Thumb Code   138  stm32f4xx_can.o(.text)
    CAN_CancelTransmit                       0x08000c4b   Thumb Code    48  stm32f4xx_can.o(.text)
    CAN_Receive                              0x08000c7b   Thumb Code   240  stm32f4xx_can.o(.text)
    CAN_FIFORelease                          0x08000d6b   Thumb Code    22  stm32f4xx_can.o(.text)
    CAN_MessagePending                       0x08000d81   Thumb Code    30  stm32f4xx_can.o(.text)
    CAN_OperatingModeRequest                 0x08000d9f   Thumb Code   162  stm32f4xx_can.o(.text)
    CAN_Sleep                                0x08000e41   Thumb Code    30  stm32f4xx_can.o(.text)
    CAN_WakeUp                               0x08000e5f   Thumb Code    48  stm32f4xx_can.o(.text)
    CAN_GetLastErrorCode                     0x08000e8f   Thumb Code    12  stm32f4xx_can.o(.text)
    CAN_GetReceiveErrorCounter               0x08000e9b   Thumb Code    10  stm32f4xx_can.o(.text)
    CAN_GetLSBTransmitErrorCounter           0x08000ea5   Thumb Code    12  stm32f4xx_can.o(.text)
    CAN_ITConfig                             0x08000eb1   Thumb Code    18  stm32f4xx_can.o(.text)
    CAN_GetFlagStatus                        0x08000ec3   Thumb Code   120  stm32f4xx_can.o(.text)
    CAN_ClearFlag                            0x08000f3b   Thumb Code    52  stm32f4xx_can.o(.text)
    CAN_GetITStatus                          0x08000f81   Thumb Code   310  stm32f4xx_can.o(.text)
    CAN_ClearITPendingBit                    0x080010b7   Thumb Code   162  stm32f4xx_can.o(.text)
    DMA_DeInit                               0x0800115d   Thumb Code   324  stm32f4xx_dma.o(.text)
    DMA_Init                                 0x080012a1   Thumb Code    82  stm32f4xx_dma.o(.text)
    DMA_StructInit                           0x080012f3   Thumb Code    34  stm32f4xx_dma.o(.text)
    DMA_Cmd                                  0x08001315   Thumb Code    22  stm32f4xx_dma.o(.text)
    DMA_PeriphIncOffsetSizeConfig            0x0800132b   Thumb Code    22  stm32f4xx_dma.o(.text)
    DMA_FlowControllerConfig                 0x08001341   Thumb Code    22  stm32f4xx_dma.o(.text)
    DMA_SetCurrDataCounter                   0x08001357   Thumb Code     4  stm32f4xx_dma.o(.text)
    DMA_GetCurrDataCounter                   0x0800135b   Thumb Code     8  stm32f4xx_dma.o(.text)
    DMA_DoubleBufferModeConfig               0x08001363   Thumb Code    24  stm32f4xx_dma.o(.text)
    DMA_DoubleBufferModeCmd                  0x0800137b   Thumb Code    22  stm32f4xx_dma.o(.text)
    DMA_MemoryTargetConfig                   0x08001391   Thumb Code    10  stm32f4xx_dma.o(.text)
    DMA_GetCurrentMemoryTarget               0x0800139b   Thumb Code    20  stm32f4xx_dma.o(.text)
    DMA_GetCmdStatus                         0x080013af   Thumb Code    20  stm32f4xx_dma.o(.text)
    DMA_GetFIFOStatus                        0x080013c3   Thumb Code    12  stm32f4xx_dma.o(.text)
    DMA_GetFlagStatus                        0x080013cf   Thumb Code    56  stm32f4xx_dma.o(.text)
    DMA_ClearFlag                            0x08001407   Thumb Code    40  stm32f4xx_dma.o(.text)
    DMA_ITConfig                             0x0800142f   Thumb Code    58  stm32f4xx_dma.o(.text)
    DMA_GetITStatus                          0x08001469   Thumb Code    84  stm32f4xx_dma.o(.text)
    DMA_ClearITPendingBit                    0x080014bd   Thumb Code    40  stm32f4xx_dma.o(.text)
    EXTI_DeInit                              0x08001505   Thumb Code    28  stm32f4xx_exti.o(.text)
    EXTI_Init                                0x08001521   Thumb Code   142  stm32f4xx_exti.o(.text)
    EXTI_StructInit                          0x080015af   Thumb Code    16  stm32f4xx_exti.o(.text)
    EXTI_GenerateSWInterrupt                 0x080015bf   Thumb Code    16  stm32f4xx_exti.o(.text)
    EXTI_GetFlagStatus                       0x080015cf   Thumb Code    22  stm32f4xx_exti.o(.text)
    EXTI_ClearFlag                           0x080015e5   Thumb Code     8  stm32f4xx_exti.o(.text)
    EXTI_GetITStatus                         0x080015ed   Thumb Code    22  stm32f4xx_exti.o(.text)
    EXTI_ClearITPendingBit                   0x08001603   Thumb Code     8  stm32f4xx_exti.o(.text)
    GPIO_DeInit                              0x08001615   Thumb Code   268  stm32f4xx_gpio.o(.text)
    GPIO_Init                                0x08001721   Thumb Code   144  stm32f4xx_gpio.o(.text)
    GPIO_StructInit                          0x080017b1   Thumb Code    18  stm32f4xx_gpio.o(.text)
    GPIO_PinLockConfig                       0x080017c3   Thumb Code    34  stm32f4xx_gpio.o(.text)
    GPIO_ReadInputDataBit                    0x080017e5   Thumb Code    18  stm32f4xx_gpio.o(.text)
    GPIO_ReadInputData                       0x080017f7   Thumb Code     8  stm32f4xx_gpio.o(.text)
    GPIO_ReadOutputDataBit                   0x080017ff   Thumb Code    18  stm32f4xx_gpio.o(.text)
    GPIO_ReadOutputData                      0x08001811   Thumb Code     8  stm32f4xx_gpio.o(.text)
    GPIO_SetBits                             0x08001819   Thumb Code     4  stm32f4xx_gpio.o(.text)
    GPIO_ResetBits                           0x0800181d   Thumb Code     4  stm32f4xx_gpio.o(.text)
    GPIO_WriteBit                            0x08001821   Thumb Code    10  stm32f4xx_gpio.o(.text)
    GPIO_Write                               0x0800182b   Thumb Code     4  stm32f4xx_gpio.o(.text)
    GPIO_ToggleBits                          0x0800182f   Thumb Code     8  stm32f4xx_gpio.o(.text)
    GPIO_PinAFConfig                         0x08001837   Thumb Code    70  stm32f4xx_gpio.o(.text)
    RCC_DeInit                               0x080018a9   Thumb Code    82  stm32f4xx_rcc.o(.text)
    RCC_HSEConfig                            0x080018fb   Thumb Code    14  stm32f4xx_rcc.o(.text)
    RCC_GetFlagStatus                        0x08001909   Thumb Code    60  stm32f4xx_rcc.o(.text)
    RCC_WaitForHSEStartUp                    0x08001945   Thumb Code    56  stm32f4xx_rcc.o(.text)
    RCC_AdjustHSICalibrationValue            0x0800197d   Thumb Code    20  stm32f4xx_rcc.o(.text)
    RCC_HSICmd                               0x08001991   Thumb Code     6  stm32f4xx_rcc.o(.text)
    RCC_LSEConfig                            0x08001997   Thumb Code    46  stm32f4xx_rcc.o(.text)
    RCC_LSICmd                               0x080019c5   Thumb Code     6  stm32f4xx_rcc.o(.text)
    RCC_PLLConfig                            0x080019cb   Thumb Code    32  stm32f4xx_rcc.o(.text)
    RCC_PLLCmd                               0x080019eb   Thumb Code     6  stm32f4xx_rcc.o(.text)
    RCC_PLLI2SConfig                         0x080019f1   Thumb Code    14  stm32f4xx_rcc.o(.text)
    RCC_PLLI2SCmd                            0x080019ff   Thumb Code     6  stm32f4xx_rcc.o(.text)
    RCC_PLLSAIConfig                         0x08001a05   Thumb Code    20  stm32f4xx_rcc.o(.text)
    RCC_PLLSAICmd                            0x08001a19   Thumb Code     6  stm32f4xx_rcc.o(.text)
    RCC_ClockSecuritySystemCmd               0x08001a1f   Thumb Code     6  stm32f4xx_rcc.o(.text)
    RCC_MCO1Config                           0x08001a25   Thumb Code    28  stm32f4xx_rcc.o(.text)
    RCC_MCO2Config                           0x08001a41   Thumb Code    28  stm32f4xx_rcc.o(.text)
    RCC_SYSCLKConfig                         0x08001a5d   Thumb Code    20  stm32f4xx_rcc.o(.text)
    RCC_GetSYSCLKSource                      0x08001a71   Thumb Code    12  stm32f4xx_rcc.o(.text)
    RCC_HCLKConfig                           0x08001a7d   Thumb Code    20  stm32f4xx_rcc.o(.text)
    RCC_PCLK1Config                          0x08001a91   Thumb Code    20  stm32f4xx_rcc.o(.text)
    RCC_PCLK2Config                          0x08001aa5   Thumb Code    22  stm32f4xx_rcc.o(.text)
    RCC_GetClocksFreq                        0x08001abb   Thumb Code   222  stm32f4xx_rcc.o(.text)
    RCC_RTCCLKConfig                         0x08001b99   Thumb Code    54  stm32f4xx_rcc.o(.text)
    RCC_RTCCLKCmd                            0x08001bcf   Thumb Code     8  stm32f4xx_rcc.o(.text)
    RCC_BackupResetCmd                       0x08001bd7   Thumb Code     8  stm32f4xx_rcc.o(.text)
    RCC_I2SCLKConfig                         0x08001bdf   Thumb Code     6  stm32f4xx_rcc.o(.text)
    RCC_SAIPLLI2SClkDivConfig                0x08001be5   Thumb Code    26  stm32f4xx_rcc.o(.text)
    RCC_SAIPLLSAIClkDivConfig                0x08001bff   Thumb Code    28  stm32f4xx_rcc.o(.text)
    RCC_SAIBlockACLKConfig                   0x08001c1b   Thumb Code    20  stm32f4xx_rcc.o(.text)
    RCC_SAIBlockBCLKConfig                   0x08001c2f   Thumb Code    20  stm32f4xx_rcc.o(.text)
    RCC_LTDCCLKDivConfig                     0x08001c43   Thumb Code    20  stm32f4xx_rcc.o(.text)
    RCC_TIMCLKPresConfig                     0x08001c57   Thumb Code     6  stm32f4xx_rcc.o(.text)
    RCC_AHB1PeriphClockCmd                   0x08001c5d   Thumb Code    34  stm32f4xx_rcc.o(.text)
    RCC_AHB2PeriphClockCmd                   0x08001c7f   Thumb Code    78  stm32f4xx_rcc.o(.text)
    RCC_AHB3PeriphClockCmd                   0x08001ccd   Thumb Code    34  stm32f4xx_rcc.o(.text)
    RCC_APB1PeriphClockCmd                   0x08001cef   Thumb Code    34  stm32f4xx_rcc.o(.text)
    RCC_APB2PeriphClockCmd                   0x08001d11   Thumb Code    34  stm32f4xx_rcc.o(.text)
    RCC_AHB1PeriphResetCmd                   0x08001d33   Thumb Code    34  stm32f4xx_rcc.o(.text)
    RCC_AHB2PeriphResetCmd                   0x08001d55   Thumb Code    34  stm32f4xx_rcc.o(.text)
    RCC_AHB3PeriphResetCmd                   0x08001d77   Thumb Code    34  stm32f4xx_rcc.o(.text)
    RCC_APB1PeriphResetCmd                   0x08001d99   Thumb Code    34  stm32f4xx_rcc.o(.text)
    RCC_APB2PeriphResetCmd                   0x08001dbb   Thumb Code    34  stm32f4xx_rcc.o(.text)
    RCC_AHB1PeriphClockLPModeCmd             0x08001ddd   Thumb Code    34  stm32f4xx_rcc.o(.text)
    RCC_AHB2PeriphClockLPModeCmd             0x08001dff   Thumb Code    34  stm32f4xx_rcc.o(.text)
    RCC_AHB3PeriphClockLPModeCmd             0x08001e21   Thumb Code    34  stm32f4xx_rcc.o(.text)
    RCC_APB1PeriphClockLPModeCmd             0x08001e43   Thumb Code    34  stm32f4xx_rcc.o(.text)
    RCC_APB2PeriphClockLPModeCmd             0x08001e65   Thumb Code    34  stm32f4xx_rcc.o(.text)
    RCC_LSEModeConfig                        0x08001e87   Thumb Code    40  stm32f4xx_rcc.o(.text)
    RCC_ITConfig                             0x08001eaf   Thumb Code    34  stm32f4xx_rcc.o(.text)
    RCC_ClearFlag                            0x08001ed1   Thumb Code    18  stm32f4xx_rcc.o(.text)
    RCC_GetITStatus                          0x08001ee3   Thumb Code    22  stm32f4xx_rcc.o(.text)
    RCC_ClearITPendingBit                    0x08001ef9   Thumb Code     8  stm32f4xx_rcc.o(.text)
    SYSCFG_DeInit                            0x08001f05   Thumb Code    22  stm32f4xx_syscfg.o(.text)
    SYSCFG_MemoryRemapConfig                 0x08001f1b   Thumb Code     6  stm32f4xx_syscfg.o(.text)
    SYSCFG_MemorySwappingBank                0x08001f21   Thumb Code     6  stm32f4xx_syscfg.o(.text)
    SYSCFG_EXTILineConfig                    0x08001f27   Thumb Code    66  stm32f4xx_syscfg.o(.text)
    SYSCFG_ETH_MediaInterfaceConfig          0x08001f69   Thumb Code     8  stm32f4xx_syscfg.o(.text)
    SYSCFG_CompensationCellCmd               0x08001f71   Thumb Code     6  stm32f4xx_syscfg.o(.text)
    SYSCFG_GetCompensationCellStatus         0x08001f77   Thumb Code    22  stm32f4xx_syscfg.o(.text)
    TIM_DeInit                               0x08001f99   Thumb Code   346  stm32f4xx_tim.o(.text)
    TIM_TimeBaseInit                         0x080020f3   Thumb Code   104  stm32f4xx_tim.o(.text)
    TIM_TimeBaseStructInit                   0x0800215b   Thumb Code    18  stm32f4xx_tim.o(.text)
    TIM_PrescalerConfig                      0x0800216d   Thumb Code     6  stm32f4xx_tim.o(.text)
    TIM_CounterModeConfig                    0x08002173   Thumb Code    18  stm32f4xx_tim.o(.text)
    TIM_SetCounter                           0x08002185   Thumb Code     4  stm32f4xx_tim.o(.text)
    TIM_SetAutoreload                        0x08002189   Thumb Code     4  stm32f4xx_tim.o(.text)
    TIM_GetCounter                           0x0800218d   Thumb Code     6  stm32f4xx_tim.o(.text)
    TIM_GetPrescaler                         0x08002193   Thumb Code     6  stm32f4xx_tim.o(.text)
    TIM_UpdateDisableConfig                  0x08002199   Thumb Code    24  stm32f4xx_tim.o(.text)
    TIM_UpdateRequestConfig                  0x080021b1   Thumb Code    24  stm32f4xx_tim.o(.text)
    TIM_ARRPreloadConfig                     0x080021c9   Thumb Code    24  stm32f4xx_tim.o(.text)
    TIM_SelectOnePulseMode                   0x080021e1   Thumb Code    18  stm32f4xx_tim.o(.text)
    TIM_SetClockDivision                     0x080021f3   Thumb Code    18  stm32f4xx_tim.o(.text)
    TIM_Cmd                                  0x08002205   Thumb Code    24  stm32f4xx_tim.o(.text)
    TIM_OC1Init                              0x0800221d   Thumb Code   114  stm32f4xx_tim.o(.text)
    TIM_OC2Init                              0x0800228f   Thumb Code   154  stm32f4xx_tim.o(.text)
    TIM_OC3Init                              0x08002329   Thumb Code   204  stm32f4xx_tim.o(.text)
    TIM_OC4Init                              0x080023f5   Thumb Code   112  stm32f4xx_tim.o(.text)
    TIM_OCStructInit                         0x08002465   Thumb Code    20  stm32f4xx_tim.o(.text)
    TIM_SelectOCxM                           0x08002479   Thumb Code    86  stm32f4xx_tim.o(.text)
    TIM_SetCompare1                          0x080024cf   Thumb Code     4  stm32f4xx_tim.o(.text)
    TIM_SetCompare2                          0x080024d3   Thumb Code     4  stm32f4xx_tim.o(.text)
    TIM_SetCompare3                          0x080024d7   Thumb Code     4  stm32f4xx_tim.o(.text)
    TIM_SetCompare4                          0x080024db   Thumb Code     4  stm32f4xx_tim.o(.text)
    TIM_ForcedOC1Config                      0x080024df   Thumb Code    18  stm32f4xx_tim.o(.text)
    TIM_ForcedOC2Config                      0x080024f1   Thumb Code    26  stm32f4xx_tim.o(.text)
    TIM_ForcedOC3Config                      0x0800250b   Thumb Code    18  stm32f4xx_tim.o(.text)
    TIM_ForcedOC4Config                      0x0800251d   Thumb Code    26  stm32f4xx_tim.o(.text)
    TIM_OC1PreloadConfig                     0x08002537   Thumb Code    18  stm32f4xx_tim.o(.text)
    TIM_OC2PreloadConfig                     0x08002549   Thumb Code    26  stm32f4xx_tim.o(.text)
    TIM_OC3PreloadConfig                     0x08002563   Thumb Code    18  stm32f4xx_tim.o(.text)
    TIM_OC4PreloadConfig                     0x08002575   Thumb Code    26  stm32f4xx_tim.o(.text)
    TIM_OC1FastConfig                        0x0800258f   Thumb Code    18  stm32f4xx_tim.o(.text)
    TIM_OC2FastConfig                        0x080025a1   Thumb Code    26  stm32f4xx_tim.o(.text)
    TIM_OC3FastConfig                        0x080025bb   Thumb Code    18  stm32f4xx_tim.o(.text)
    TIM_OC4FastConfig                        0x080025cd   Thumb Code    26  stm32f4xx_tim.o(.text)
    TIM_ClearOC1Ref                          0x080025e7   Thumb Code    18  stm32f4xx_tim.o(.text)
    TIM_ClearOC2Ref                          0x080025f9   Thumb Code    24  stm32f4xx_tim.o(.text)
    TIM_ClearOC3Ref                          0x08002611   Thumb Code    18  stm32f4xx_tim.o(.text)
    TIM_ClearOC4Ref                          0x08002623   Thumb Code    24  stm32f4xx_tim.o(.text)
    TIM_OC1PolarityConfig                    0x0800263b   Thumb Code    18  stm32f4xx_tim.o(.text)
    TIM_OC1NPolarityConfig                   0x0800264d   Thumb Code    18  stm32f4xx_tim.o(.text)
    TIM_OC2PolarityConfig                    0x0800265f   Thumb Code    26  stm32f4xx_tim.o(.text)
    TIM_OC2NPolarityConfig                   0x08002679   Thumb Code    26  stm32f4xx_tim.o(.text)
    TIM_OC3PolarityConfig                    0x08002693   Thumb Code    26  stm32f4xx_tim.o(.text)
    TIM_OC3NPolarityConfig                   0x080026ad   Thumb Code    26  stm32f4xx_tim.o(.text)
    TIM_OC4PolarityConfig                    0x080026c7   Thumb Code    26  stm32f4xx_tim.o(.text)
    TIM_CCxCmd                               0x080026e1   Thumb Code    30  stm32f4xx_tim.o(.text)
    TIM_CCxNCmd                              0x080026ff   Thumb Code    30  stm32f4xx_tim.o(.text)
    TIM_SetIC4Prescaler                      0x0800271d   Thumb Code    26  stm32f4xx_tim.o(.text)
    TIM_SetIC3Prescaler                      0x08002787   Thumb Code    18  stm32f4xx_tim.o(.text)
    TIM_SetIC2Prescaler                      0x080027e1   Thumb Code    26  stm32f4xx_tim.o(.text)
    TIM_SetIC1Prescaler                      0x08002855   Thumb Code    18  stm32f4xx_tim.o(.text)
    TIM_ICInit                               0x080028a1   Thumb Code   110  stm32f4xx_tim.o(.text)
    TIM_ICStructInit                         0x0800290f   Thumb Code    18  stm32f4xx_tim.o(.text)
    TIM_PWMIConfig                           0x08002921   Thumb Code   124  stm32f4xx_tim.o(.text)
    TIM_GetCapture1                          0x0800299d   Thumb Code     6  stm32f4xx_tim.o(.text)
    TIM_GetCapture2                          0x080029a3   Thumb Code     6  stm32f4xx_tim.o(.text)
    TIM_GetCapture3                          0x080029a9   Thumb Code     6  stm32f4xx_tim.o(.text)
    TIM_GetCapture4                          0x080029af   Thumb Code     6  stm32f4xx_tim.o(.text)
    TIM_BDTRConfig                           0x080029b5   Thumb Code    32  stm32f4xx_tim.o(.text)
    TIM_BDTRStructInit                       0x080029d5   Thumb Code    18  stm32f4xx_tim.o(.text)
    TIM_CtrlPWMOutputs                       0x080029e7   Thumb Code    30  stm32f4xx_tim.o(.text)
    TIM_SelectCOM                            0x08002a05   Thumb Code    24  stm32f4xx_tim.o(.text)
    TIM_CCPreloadControl                     0x08002a1d   Thumb Code    24  stm32f4xx_tim.o(.text)
    TIM_ITConfig                             0x08002a35   Thumb Code    18  stm32f4xx_tim.o(.text)
    TIM_GenerateEvent                        0x08002a47   Thumb Code     4  stm32f4xx_tim.o(.text)
    TIM_GetFlagStatus                        0x08002a4b   Thumb Code    18  stm32f4xx_tim.o(.text)
    TIM_ClearFlag                            0x08002a5d   Thumb Code     6  stm32f4xx_tim.o(.text)
    TIM_GetITStatus                          0x08002a63   Thumb Code    34  stm32f4xx_tim.o(.text)
    TIM_ClearITPendingBit                    0x08002a85   Thumb Code     6  stm32f4xx_tim.o(.text)
    TIM_DMAConfig                            0x08002a8b   Thumb Code    10  stm32f4xx_tim.o(.text)
    TIM_DMACmd                               0x08002a95   Thumb Code    18  stm32f4xx_tim.o(.text)
    TIM_SelectCCDMA                          0x08002aa7   Thumb Code    24  stm32f4xx_tim.o(.text)
    TIM_InternalClockConfig                  0x08002abf   Thumb Code    12  stm32f4xx_tim.o(.text)
    TIM_SelectInputTrigger                   0x08002acb   Thumb Code    18  stm32f4xx_tim.o(.text)
    TIM_ITRxExternalClockConfig              0x08002add   Thumb Code    24  stm32f4xx_tim.o(.text)
    TIM_TIxExternalClockConfig               0x08002af5   Thumb Code    62  stm32f4xx_tim.o(.text)
    TIM_ETRConfig                            0x08002b33   Thumb Code    28  stm32f4xx_tim.o(.text)
    TIM_ETRClockMode1Config                  0x08002b4f   Thumb Code    54  stm32f4xx_tim.o(.text)
    TIM_ETRClockMode2Config                  0x08002b85   Thumb Code    32  stm32f4xx_tim.o(.text)
    TIM_SelectOutputTrigger                  0x08002ba5   Thumb Code    18  stm32f4xx_tim.o(.text)
    TIM_SelectSlaveMode                      0x08002bb7   Thumb Code    18  stm32f4xx_tim.o(.text)
    TIM_SelectMasterSlaveMode                0x08002bc9   Thumb Code    18  stm32f4xx_tim.o(.text)
    TIM_EncoderInterfaceConfig               0x08002bdb   Thumb Code    66  stm32f4xx_tim.o(.text)
    TIM_SelectHallSensor                     0x08002c1d   Thumb Code    24  stm32f4xx_tim.o(.text)
    TIM_RemapConfig                          0x08002c35   Thumb Code     6  stm32f4xx_tim.o(.text)
    USART_DeInit                             0x08002c3d   Thumb Code   206  stm32f4xx_usart.o(.text)
    USART_Init                               0x08002d0b   Thumb Code   204  stm32f4xx_usart.o(.text)
    USART_StructInit                         0x08002dd7   Thumb Code    24  stm32f4xx_usart.o(.text)
    USART_ClockInit                          0x08002def   Thumb Code    32  stm32f4xx_usart.o(.text)
    USART_ClockStructInit                    0x08002e0f   Thumb Code    12  stm32f4xx_usart.o(.text)
    USART_Cmd                                0x08002e1b   Thumb Code    24  stm32f4xx_usart.o(.text)
    USART_SetPrescaler                       0x08002e33   Thumb Code    16  stm32f4xx_usart.o(.text)
    USART_OverSampling8Cmd                   0x08002e43   Thumb Code    22  stm32f4xx_usart.o(.text)
    USART_OneBitMethodCmd                    0x08002e59   Thumb Code    24  stm32f4xx_usart.o(.text)
    USART_SendData                           0x08002e71   Thumb Code     8  stm32f4xx_usart.o(.text)
    USART_ReceiveData                        0x08002e79   Thumb Code    10  stm32f4xx_usart.o(.text)
    USART_SetAddress                         0x08002e83   Thumb Code    18  stm32f4xx_usart.o(.text)
    USART_ReceiverWakeUpCmd                  0x08002e95   Thumb Code    24  stm32f4xx_usart.o(.text)
    USART_WakeUpConfig                       0x08002ead   Thumb Code    18  stm32f4xx_usart.o(.text)
    USART_LINBreakDetectLengthConfig         0x08002ebf   Thumb Code    18  stm32f4xx_usart.o(.text)
    USART_LINCmd                             0x08002ed1   Thumb Code    24  stm32f4xx_usart.o(.text)
    USART_SendBreak                          0x08002ee9   Thumb Code    10  stm32f4xx_usart.o(.text)
    USART_HalfDuplexCmd                      0x08002ef3   Thumb Code    24  stm32f4xx_usart.o(.text)
    USART_SetGuardTime                       0x08002f0b   Thumb Code    16  stm32f4xx_usart.o(.text)
    USART_SmartCardCmd                       0x08002f1b   Thumb Code    24  stm32f4xx_usart.o(.text)
    USART_SmartCardNACKCmd                   0x08002f33   Thumb Code    24  stm32f4xx_usart.o(.text)
    USART_IrDAConfig                         0x08002f4b   Thumb Code    18  stm32f4xx_usart.o(.text)
    USART_IrDACmd                            0x08002f5d   Thumb Code    24  stm32f4xx_usart.o(.text)
    USART_DMACmd                             0x08002f75   Thumb Code    18  stm32f4xx_usart.o(.text)
    USART_ITConfig                           0x08002f87   Thumb Code    74  stm32f4xx_usart.o(.text)
    USART_GetFlagStatus                      0x08002fd1   Thumb Code    26  stm32f4xx_usart.o(.text)
    USART_ClearFlag                          0x08002feb   Thumb Code    18  stm32f4xx_usart.o(.text)
    USART_GetITStatus                        0x08002ffd   Thumb Code   118  stm32f4xx_usart.o(.text)
    USART_ClearITPendingBit                  0x08003073   Thumb Code    30  stm32f4xx_usart.o(.text)
    Reset_Handler                            0x08003091   Thumb Code     8  startup_stm32f40_41xxx.o(.text)
    ADC_IRQHandler                           0x080030ab   Thumb Code     0  startup_stm32f40_41xxx.o(.text)
    CAN1_RX0_IRQHandler                      0x080030ab   Thumb Code     0  startup_stm32f40_41xxx.o(.text)
    CAN1_RX1_IRQHandler                      0x080030ab   Thumb Code     0  startup_stm32f40_41xxx.o(.text)
    CAN1_SCE_IRQHandler                      0x080030ab   Thumb Code     0  startup_stm32f40_41xxx.o(.text)
    CAN1_TX_IRQHandler                       0x080030ab   Thumb Code     0  startup_stm32f40_41xxx.o(.text)
    CAN2_RX1_IRQHandler                      0x080030ab   Thumb Code     0  startup_stm32f40_41xxx.o(.text)
    CAN2_SCE_IRQHandler                      0x080030ab   Thumb Code     0  startup_stm32f40_41xxx.o(.text)
    CAN2_TX_IRQHandler                       0x080030ab   Thumb Code     0  startup_stm32f40_41xxx.o(.text)
    CRYP_IRQHandler                          0x080030ab   Thumb Code     0  startup_stm32f40_41xxx.o(.text)
    DCMI_IRQHandler                          0x080030ab   Thumb Code     0  startup_stm32f40_41xxx.o(.text)
    DMA1_Stream0_IRQHandler                  0x080030ab   Thumb Code     0  startup_stm32f40_41xxx.o(.text)
    DMA1_Stream1_IRQHandler                  0x080030ab   Thumb Code     0  startup_stm32f40_41xxx.o(.text)
    DMA1_Stream2_IRQHandler                  0x080030ab   Thumb Code     0  startup_stm32f40_41xxx.o(.text)
    DMA1_Stream3_IRQHandler                  0x080030ab   Thumb Code     0  startup_stm32f40_41xxx.o(.text)
    DMA1_Stream4_IRQHandler                  0x080030ab   Thumb Code     0  startup_stm32f40_41xxx.o(.text)
    DMA1_Stream5_IRQHandler                  0x080030ab   Thumb Code     0  startup_stm32f40_41xxx.o(.text)
    DMA1_Stream6_IRQHandler                  0x080030ab   Thumb Code     0  startup_stm32f40_41xxx.o(.text)
    DMA1_Stream7_IRQHandler                  0x080030ab   Thumb Code     0  startup_stm32f40_41xxx.o(.text)
    DMA2_Stream0_IRQHandler                  0x080030ab   Thumb Code     0  startup_stm32f40_41xxx.o(.text)
    DMA2_Stream1_IRQHandler                  0x080030ab   Thumb Code     0  startup_stm32f40_41xxx.o(.text)
    DMA2_Stream2_IRQHandler                  0x080030ab   Thumb Code     0  startup_stm32f40_41xxx.o(.text)
    DMA2_Stream3_IRQHandler                  0x080030ab   Thumb Code     0  startup_stm32f40_41xxx.o(.text)
    DMA2_Stream4_IRQHandler                  0x080030ab   Thumb Code     0  startup_stm32f40_41xxx.o(.text)
    DMA2_Stream5_IRQHandler                  0x080030ab   Thumb Code     0  startup_stm32f40_41xxx.o(.text)
    DMA2_Stream6_IRQHandler                  0x080030ab   Thumb Code     0  startup_stm32f40_41xxx.o(.text)
    DMA2_Stream7_IRQHandler                  0x080030ab   Thumb Code     0  startup_stm32f40_41xxx.o(.text)
    ETH_IRQHandler                           0x080030ab   Thumb Code     0  startup_stm32f40_41xxx.o(.text)
    ETH_WKUP_IRQHandler                      0x080030ab   Thumb Code     0  startup_stm32f40_41xxx.o(.text)
    EXTI0_IRQHandler                         0x080030ab   Thumb Code     0  startup_stm32f40_41xxx.o(.text)
    EXTI1_IRQHandler                         0x080030ab   Thumb Code     0  startup_stm32f40_41xxx.o(.text)
    EXTI2_IRQHandler                         0x080030ab   Thumb Code     0  startup_stm32f40_41xxx.o(.text)
    EXTI9_5_IRQHandler                       0x080030ab   Thumb Code     0  startup_stm32f40_41xxx.o(.text)
    FLASH_IRQHandler                         0x080030ab   Thumb Code     0  startup_stm32f40_41xxx.o(.text)
    FPU_IRQHandler                           0x080030ab   Thumb Code     0  startup_stm32f40_41xxx.o(.text)
    FSMC_IRQHandler                          0x080030ab   Thumb Code     0  startup_stm32f40_41xxx.o(.text)
    HASH_RNG_IRQHandler                      0x080030ab   Thumb Code     0  startup_stm32f40_41xxx.o(.text)
    I2C1_ER_IRQHandler                       0x080030ab   Thumb Code     0  startup_stm32f40_41xxx.o(.text)
    I2C1_EV_IRQHandler                       0x080030ab   Thumb Code     0  startup_stm32f40_41xxx.o(.text)
    I2C2_ER_IRQHandler                       0x080030ab   Thumb Code     0  startup_stm32f40_41xxx.o(.text)
    I2C2_EV_IRQHandler                       0x080030ab   Thumb Code     0  startup_stm32f40_41xxx.o(.text)
    I2C3_ER_IRQHandler                       0x080030ab   Thumb Code     0  startup_stm32f40_41xxx.o(.text)
    I2C3_EV_IRQHandler                       0x080030ab   Thumb Code     0  startup_stm32f40_41xxx.o(.text)
    OTG_FS_IRQHandler                        0x080030ab   Thumb Code     0  startup_stm32f40_41xxx.o(.text)
    OTG_FS_WKUP_IRQHandler                   0x080030ab   Thumb Code     0  startup_stm32f40_41xxx.o(.text)
    OTG_HS_EP1_IN_IRQHandler                 0x080030ab   Thumb Code     0  startup_stm32f40_41xxx.o(.text)
    OTG_HS_EP1_OUT_IRQHandler                0x080030ab   Thumb Code     0  startup_stm32f40_41xxx.o(.text)
    OTG_HS_IRQHandler                        0x080030ab   Thumb Code     0  startup_stm32f40_41xxx.o(.text)
    OTG_HS_WKUP_IRQHandler                   0x080030ab   Thumb Code     0  startup_stm32f40_41xxx.o(.text)
    PVD_IRQHandler                           0x080030ab   Thumb Code     0  startup_stm32f40_41xxx.o(.text)
    RCC_IRQHandler                           0x080030ab   Thumb Code     0  startup_stm32f40_41xxx.o(.text)
    RTC_Alarm_IRQHandler                     0x080030ab   Thumb Code     0  startup_stm32f40_41xxx.o(.text)
    RTC_WKUP_IRQHandler                      0x080030ab   Thumb Code     0  startup_stm32f40_41xxx.o(.text)
    SDIO_IRQHandler                          0x080030ab   Thumb Code     0  startup_stm32f40_41xxx.o(.text)
    SPI1_IRQHandler                          0x080030ab   Thumb Code     0  startup_stm32f40_41xxx.o(.text)
    SPI2_IRQHandler                          0x080030ab   Thumb Code     0  startup_stm32f40_41xxx.o(.text)
    SPI3_IRQHandler                          0x080030ab   Thumb Code     0  startup_stm32f40_41xxx.o(.text)
    TAMP_STAMP_IRQHandler                    0x080030ab   Thumb Code     0  startup_stm32f40_41xxx.o(.text)
    TIM1_BRK_TIM9_IRQHandler                 0x080030ab   Thumb Code     0  startup_stm32f40_41xxx.o(.text)
    TIM1_CC_IRQHandler                       0x080030ab   Thumb Code     0  startup_stm32f40_41xxx.o(.text)
    TIM1_UP_TIM10_IRQHandler                 0x080030ab   Thumb Code     0  startup_stm32f40_41xxx.o(.text)
    TIM2_IRQHandler                          0x080030ab   Thumb Code     0  startup_stm32f40_41xxx.o(.text)
    TIM3_IRQHandler                          0x080030ab   Thumb Code     0  startup_stm32f40_41xxx.o(.text)
    TIM4_IRQHandler                          0x080030ab   Thumb Code     0  startup_stm32f40_41xxx.o(.text)
    TIM5_IRQHandler                          0x080030ab   Thumb Code     0  startup_stm32f40_41xxx.o(.text)
    TIM6_DAC_IRQHandler                      0x080030ab   Thumb Code     0  startup_stm32f40_41xxx.o(.text)
    TIM7_IRQHandler                          0x080030ab   Thumb Code     0  startup_stm32f40_41xxx.o(.text)
    TIM8_BRK_TIM12_IRQHandler                0x080030ab   Thumb Code     0  startup_stm32f40_41xxx.o(.text)
    TIM8_CC_IRQHandler                       0x080030ab   Thumb Code     0  startup_stm32f40_41xxx.o(.text)
    TIM8_TRG_COM_TIM14_IRQHandler            0x080030ab   Thumb Code     0  startup_stm32f40_41xxx.o(.text)
    TIM8_UP_TIM13_IRQHandler                 0x080030ab   Thumb Code     0  startup_stm32f40_41xxx.o(.text)
    UART4_IRQHandler                         0x080030ab   Thumb Code     0  startup_stm32f40_41xxx.o(.text)
    UART5_IRQHandler                         0x080030ab   Thumb Code     0  startup_stm32f40_41xxx.o(.text)
    USART1_IRQHandler                        0x080030ab   Thumb Code     0  startup_stm32f40_41xxx.o(.text)
    USART2_IRQHandler                        0x080030ab   Thumb Code     0  startup_stm32f40_41xxx.o(.text)
    USART3_IRQHandler                        0x080030ab   Thumb Code     0  startup_stm32f40_41xxx.o(.text)
    WWDG_IRQHandler                          0x080030ab   Thumb Code     0  startup_stm32f40_41xxx.o(.text)
    __user_initial_stackheap                 0x080030ad   Thumb Code     0  startup_stm32f40_41xxx.o(.text)
    Motor_Start_Init                         0x080030d1   Thumb Code    94  main.o(.text)
    main                                     0x0800312f   Thumb Code   130  main.o(.text)
    NMI_Handler                              0x080031b5   Thumb Code     2  stm32f4xx_it.o(.text)
    HardFault_Handler                        0x080031b7   Thumb Code     4  stm32f4xx_it.o(.text)
    MemManage_Handler                        0x080031bb   Thumb Code     4  stm32f4xx_it.o(.text)
    BusFault_Handler                         0x080031bf   Thumb Code     4  stm32f4xx_it.o(.text)
    UsageFault_Handler                       0x080031c3   Thumb Code     4  stm32f4xx_it.o(.text)
    SVC_Handler                              0x080031c7   Thumb Code     2  stm32f4xx_it.o(.text)
    DebugMon_Handler                         0x080031c9   Thumb Code     2  stm32f4xx_it.o(.text)
    PendSV_Handler                           0x080031cb   Thumb Code     2  stm32f4xx_it.o(.text)
    SysTick_Handler                          0x080031cd   Thumb Code     2  stm32f4xx_it.o(.text)
    SystemInit                               0x080032ad   Thumb Code    88  system_stm32f4xx.o(.text)
    SystemCoreClockUpdate                    0x08003305   Thumb Code   174  system_stm32f4xx.o(.text)
    delay_init                               0x080033e1   Thumb Code    52  delay.o(.text)
    delay_us                                 0x08003415   Thumb Code    72  delay.o(.text)
    delay_xms                                0x0800345d   Thumb Code    72  delay.o(.text)
    delay_ms                                 0x080034a5   Thumb Code    56  delay.o(.text)
    run_led_gpio_init                        0x080034e5   Thumb Code    50  run_led.o(.text)
    run_led_tim11_init                       0x08003517   Thumb Code    88  run_led.o(.text)
    TIM1_TRG_COM_TIM11_IRQHandler            0x0800356f   Thumb Code    68  run_led.o(.text)
    systick_robot_init                       0x080035b3   Thumb Code    80  run_led.o(.text)
    CAN_Baud_Process                         0x0800361d   Thumb Code    84  reset_motor.o(.text)
    CAN2__ROBOTQ_Configuration               0x08003671   Thumb Code   232  reset_motor.o(.text)
    CAN2_RX0_IRQHandler                      0x08003759   Thumb Code    82  reset_motor.o(.text)
    SET_SDO_HAL                              0x080037ab   Thumb Code    34  reset_motor.o(.text)
    CAN2_SDO_WriteData                       0x080037cd   Thumb Code   120  reset_motor.o(.text)
    CAN2_RPDO_WriteData                      0x08003845   Thumb Code   180  reset_motor.o(.text)
    CAN2_RPDO_SET                            0x080038f9   Thumb Code    68  reset_motor.o(.text)
    CAN2_RPDO1_Speed                         0x0800393d   Thumb Code    36  reset_motor.o(.text)
    CAN2_RPDO_Speed                          0x08003961   Thumb Code    26  reset_motor.o(.text)
    CAN2_RPDO_Positon                        0x0800397b   Thumb Code    26  reset_motor.o(.text)
    CAN2_RPDO_Control_Word                   0x08003995   Thumb Code    26  reset_motor.o(.text)
    start_pdo                                0x080039af   Thumb Code    24  reset_motor.o(.text)
    vel_mode_run                             0x080039c7   Thumb Code   182  reset_motor.o(.text)
    point_reset_hal                          0x08003a7d   Thumb Code   100  reset_motor.o(.text)
    driver_init_hal                          0x08003ae1   Thumb Code    78  reset_motor.o(.text)
    Reset_hal                                0x08003b2f   Thumb Code    84  reset_motor.o(.text)
    Swtich_Init                              0x08003b83   Thumb Code   248  reset_motor.o(.text)
    EXTI3_IRQHandler                         0x08003c7b   Thumb Code    40  reset_motor.o(.text)
    EXTI4_IRQHandler                         0x08003ca3   Thumb Code   104  reset_motor.o(.text)
    Check_Switch_hanle                       0x08003d0b   Thumb Code    94  reset_motor.o(.text)
    mcu_reset                                0x08003d7d   Thumb Code    42  my_reset.o(.text)
    reset_handle                             0x08003da7   Thumb Code    46  my_reset.o(.text)
    Accelerate_ADC_Init                      0x08003de5   Thumb Code   140  manul_hal.o(.text)
    Accelerate_DMA                           0x08003e71   Thumb Code    90  manul_hal.o(.text)
    ADC_average_handle                       0x08003ecb   Thumb Code   114  manul_hal.o(.text)
    manual_hal                               0x08003f3d   Thumb Code   502  manul_hal.o(.text)
    EXTI15_10_IRQHandler                     0x08004181   Thumb Code   224  common_exit.o(.text)
    Wfly_Usart_Init                          0x08004281   Thumb Code   242  wfly.o(.text)
    Wfly_DMA_Init                            0x08004373   Thumb Code   136  wfly.o(.text)
    SBUS_reopen_rx                           0x080043fb   Thumb Code    50  wfly.o(.text)
    USART6_IRQHandler                        0x0800442d   Thumb Code    90  wfly.o(.text)
    SBUS_Swap_Motor                          0x08004487   Thumb Code   594  wfly.o(.text)
    SBUS_Motor_Hal                           0x080046d9   Thumb Code   172  wfly.o(.text)
    Wfly_Data_Channel                        0x08004785   Thumb Code   342  wfly.o(.text)
    Wfly_SBUS_Check                          0x080048db   Thumb Code   112  wfly.o(.text)
    Get_Ch_Hal                               0x0800494b   Thumb Code   222  wfly.o(.text)
    hard_stop_init                           0x08004a41   Thumb Code    96  hard_stop.o(.text)
    __aeabi_ldivmod                          0x08004aa5   Thumb Code     0  llsdiv.o(.text)
    _ll_sdiv                                 0x08004aa5   Thumb Code    72  llsdiv.o(.text)
    __aeabi_memcpy                           0x08004aed   Thumb Code     0  rt_memcpy_v6.o(.text)
    __rt_memcpy                              0x08004aed   Thumb Code   138  rt_memcpy_v6.o(.text)
    _memcpy_lastbytes                        0x08004b53   Thumb Code     0  rt_memcpy_v6.o(.text)
    __use_two_region_memory                  0x08004b77   Thumb Code     2  heapauxi.o(.text)
    __rt_heap_escrow$2region                 0x08004b79   Thumb Code     2  heapauxi.o(.text)
    __rt_heap_expand$2region                 0x08004b7b   Thumb Code     2  heapauxi.o(.text)
    __aeabi_uldivmod                         0x08004b7d   Thumb Code     0  lludivv7m.o(.text)
    _ll_udiv                                 0x08004b7d   Thumb Code   238  lludivv7m.o(.text)
    __aeabi_memcpy4                          0x08004c6b   Thumb Code     0  rt_memcpy_w.o(.text)
    __aeabi_memcpy8                          0x08004c6b   Thumb Code     0  rt_memcpy_w.o(.text)
    __rt_memcpy_w                            0x08004c6b   Thumb Code   100  rt_memcpy_w.o(.text)
    _memcpy_lastbytes_aligned                0x08004cb3   Thumb Code     0  rt_memcpy_w.o(.text)
    __user_setup_stackheap                   0x08004ccf   Thumb Code    74  sys_stackheap_outer.o(.text)
    exit                                     0x08004d19   Thumb Code    12  exit.o(.text)
    __user_libspace                          0x08004d25   Thumb Code     8  libspace.o(.text)
    __user_perproc_libspace                  0x08004d25   Thumb Code     0  libspace.o(.text)
    __user_perthread_libspace                0x08004d25   Thumb Code     0  libspace.o(.text)
    _sys_exit                                0x08004d2d   Thumb Code     8  sys_exit.o(.text)
    __I$use$semihosting                      0x08004d39   Thumb Code     0  use_no_semi.o(.text)
    __use_no_semihosting_swi                 0x08004d39   Thumb Code     2  use_no_semi.o(.text)
    __aeabi_dneg                             0x08004d3b   Thumb Code     0  basic.o(x$fpl$basic)
    __semihosting_library_function           0x08004d3b   Thumb Code     0  indicate_semi.o(.text)
    _dneg                                    0x08004d3b   Thumb Code     6  basic.o(x$fpl$basic)
    __aeabi_fneg                             0x08004d41   Thumb Code     0  basic.o(x$fpl$basic)
    _fneg                                    0x08004d41   Thumb Code     6  basic.o(x$fpl$basic)
    _dabs                                    0x08004d47   Thumb Code     6  basic.o(x$fpl$basic)
    _fabs                                    0x08004d4d   Thumb Code     6  basic.o(x$fpl$basic)
    __aeabi_d2f                              0x08004d55   Thumb Code     0  d2f.o(x$fpl$d2f)
    _d2f                                     0x08004d55   Thumb Code    98  d2f.o(x$fpl$d2f)
    __aeabi_dadd                             0x08004db9   Thumb Code     0  daddsub_clz.o(x$fpl$dadd)
    _dadd                                    0x08004db9   Thumb Code   332  daddsub_clz.o(x$fpl$dadd)
    __fpl_dcmp_Inf                           0x08004f09   Thumb Code    24  dcmpi.o(x$fpl$dcmpinf)
    __aeabi_ddiv                             0x08004f21   Thumb Code     0  ddiv.o(x$fpl$ddiv)
    _ddiv                                    0x08004f21   Thumb Code   552  ddiv.o(x$fpl$ddiv)
    __aeabi_i2d                              0x080051d1   Thumb Code     0  dflt_clz.o(x$fpl$dflt)
    _dflt                                    0x080051d1   Thumb Code    46  dflt_clz.o(x$fpl$dflt)
    __aeabi_l2d                              0x08005201   Thumb Code     0  dfltll_clz.o(x$fpl$dfltll)
    _ll_sto_d                                0x08005201   Thumb Code   162  dfltll_clz.o(x$fpl$dfltll)
    __aeabi_cdcmple                          0x080052a5   Thumb Code     0  dleqf.o(x$fpl$dleqf)
    _dcmple                                  0x080052a5   Thumb Code   120  dleqf.o(x$fpl$dleqf)
    __fpl_dcmple_InfNaN                      0x08005307   Thumb Code     0  dleqf.o(x$fpl$dleqf)
    __aeabi_dmul                             0x0800531d   Thumb Code     0  dmul.o(x$fpl$dmul)
    _dmul                                    0x0800531d   Thumb Code   332  dmul.o(x$fpl$dmul)
    __fpl_dnaninf                            0x08005471   Thumb Code   156  dnaninf.o(x$fpl$dnaninf)
    __fpl_dretinf                            0x0800550d   Thumb Code    12  dretinf.o(x$fpl$dretinf)
    __aeabi_cdrcmple                         0x08005519   Thumb Code     0  drleqf.o(x$fpl$drleqf)
    _drcmple                                 0x08005519   Thumb Code   108  drleqf.o(x$fpl$drleqf)
    __aeabi_dsub                             0x08005585   Thumb Code     0  daddsub_clz.o(x$fpl$dsub)
    _dsub                                    0x08005585   Thumb Code   464  daddsub_clz.o(x$fpl$dsub)
    __aeabi_f2d                              0x08005759   Thumb Code     0  f2d.o(x$fpl$f2d)
    _f2d                                     0x08005759   Thumb Code    86  f2d.o(x$fpl$f2d)
    __fpl_fnaninf                            0x080057af   Thumb Code   140  fnaninf.o(x$fpl$fnaninf)
    _fp_init                                 0x0800583b   Thumb Code    10  fpinit.o(x$fpl$fpinit)
    __fplib_config_fpu_vfp                   0x08005843   Thumb Code     0  fpinit.o(x$fpl$fpinit)
    __fplib_config_pureend_doubles           0x08005843   Thumb Code     0  fpinit.o(x$fpl$fpinit)
    __fpl_fretinf                            0x08005845   Thumb Code    10  fretinf.o(x$fpl$fretinf)
    __aeabi_d2lz                             0x08005851   Thumb Code     0  dfixll.o(x$fpl$llsfromd)
    _ll_sfrom_d                              0x08005851   Thumb Code   194  dfixll.o(x$fpl$llsfromd)
    __aeabi_f2lz                             0x08005915   Thumb Code     0  ffixll.o(x$fpl$llsfromf)
    _ll_sfrom_f                              0x08005915   Thumb Code   134  ffixll.o(x$fpl$llsfromf)
    __I$use$fp                               0x0800599a   Number         0  usenofp.o(x$fpl$usenofp)
    CAN_baud_table                           0x0800599c   Data         360  reset_motor.o(.constdata)
    Region$$Table$$Base                      0x08005b04   Number         0  anon$$obj.o(Region$$Table)
    Region$$Table$$Limit                     0x08005b24   Number         0  anon$$obj.o(Region$$Table)
    SystemCoreClock                          0x20000010   Data           4  system_stm32f4xx.o(.data)
    AHBPrescTable                            0x20000014   Data          16  system_stm32f4xx.o(.data)
    led1_flag                                0x20000028   Data           1  run_led.o(.data)
    cnt_led                                  0x20000029   Data           1  run_led.o(.data)
    thrrot_type                              0x2000002c   Data           8  reset_motor.o(.data)
    rx_can2_id                               0x20000034   Data           2  reset_motor.o(.data)
    can2_rx_data                             0x20000036   Data           8  reset_motor.o(.data)
    para_robot                               0x2000003e   Data           8  reset_motor.o(.data)
    trigger                                  0x20000048   Data           4  reset_motor.o(.data)
    type                                     0x2000004c   Data           1  reset_motor.o(.data)
    switch_button_flag                       0x20000050   Data           1  manul_hal.o(.data)
    manual_motor_dir_flag                    0x20000051   Data           1  manul_hal.o(.data)
    manul_trigger_flag                       0x20000052   Data           1  manul_hal.o(.data)
    speed_type                               0x20000058   Data           8  manul_hal.o(.data)
    last_thorrt                              0x20000064   Data           4  wfly.o(.data)
    last_sheer                               0x20000068   Data           4  wfly.o(.data)
    hard_stop_state                          0x2000006e   Data           1  hard_stop.o(.data)
    MOTOR_PARA                               0x20000070   Data          32  reset_motor.o(.bss)
    acce_data                                0x20000090   Data          28  manul_hal.o(.bss)
    my_wfly                                  0x200000ac   Data         127  wfly.o(.bss)
    __libspace_start                         0x2000012c   Data          96  libspace.o(.bss)
    __temporary_stack_top$libspace           0x2000018c   Data           0  libspace.o(.bss)



==============================================================================

Memory Map of the image

  Image Entry point : 0x08000189

  Load Region LR_IROM1 (Base: 0x08000000, Size: 0x00005b94, Max: 0x00100000, ABSOLUTE)

    Execution Region ER_IROM1 (Base: 0x08000000, Size: 0x00005b24, Max: 0x00100000, ABSOLUTE)

    Base Addr    Size         Type   Attr      Idx    E Section Name        Object

    0x08000000   0x00000188   Data   RO          827    RESET               startup_stm32f40_41xxx.o
    0x08000188   0x00000008   Code   RO         1526  * !!!main             c_w.l(__main.o)
    0x08000190   0x00000034   Code   RO         1745    !!!scatter          c_w.l(__scatter.o)
    0x080001c4   0x0000001a   Code   RO         1747    !!handler_copy      c_w.l(__scatter_copy.o)
    0x080001de   0x00000002   PAD
    0x080001e0   0x0000001c   Code   RO         1749    !!handler_zi        c_w.l(__scatter_zi.o)
    0x080001fc   0x00000002   Code   RO         1614    .ARM.Collect$$libinit$$00000000  c_w.l(libinit.o)
    0x080001fe   0x00000004   Code   RO         1624    .ARM.Collect$$libinit$$00000001  c_w.l(libinit2.o)
    0x08000202   0x00000000   Code   RO         1628    .ARM.Collect$$libinit$$00000008  c_w.l(libinit2.o)
    0x08000202   0x00000000   Code   RO         1630    .ARM.Collect$$libinit$$0000000A  c_w.l(libinit2.o)
    0x08000202   0x00000000   Code   RO         1632    .ARM.Collect$$libinit$$0000000C  c_w.l(libinit2.o)
    0x08000202   0x00000000   Code   RO         1635    .ARM.Collect$$libinit$$0000000F  c_w.l(libinit2.o)
    0x08000202   0x00000000   Code   RO         1637    .ARM.Collect$$libinit$$00000011  c_w.l(libinit2.o)
    0x08000202   0x00000000   Code   RO         1639    .ARM.Collect$$libinit$$00000013  c_w.l(libinit2.o)
    0x08000202   0x00000000   Code   RO         1641    .ARM.Collect$$libinit$$00000015  c_w.l(libinit2.o)
    0x08000202   0x00000000   Code   RO         1643    .ARM.Collect$$libinit$$00000017  c_w.l(libinit2.o)
    0x08000202   0x00000000   Code   RO         1645    .ARM.Collect$$libinit$$00000019  c_w.l(libinit2.o)
    0x08000202   0x00000000   Code   RO         1647    .ARM.Collect$$libinit$$0000001B  c_w.l(libinit2.o)
    0x08000202   0x00000000   Code   RO         1649    .ARM.Collect$$libinit$$0000001D  c_w.l(libinit2.o)
    0x08000202   0x00000000   Code   RO         1651    .ARM.Collect$$libinit$$0000001F  c_w.l(libinit2.o)
    0x08000202   0x00000000   Code   RO         1653    .ARM.Collect$$libinit$$00000021  c_w.l(libinit2.o)
    0x08000202   0x00000000   Code   RO         1655    .ARM.Collect$$libinit$$00000023  c_w.l(libinit2.o)
    0x08000202   0x00000000   Code   RO         1659    .ARM.Collect$$libinit$$0000002A  c_w.l(libinit2.o)
    0x08000202   0x00000000   Code   RO         1661    .ARM.Collect$$libinit$$0000002C  c_w.l(libinit2.o)
    0x08000202   0x00000000   Code   RO         1663    .ARM.Collect$$libinit$$0000002E  c_w.l(libinit2.o)
    0x08000202   0x00000000   Code   RO         1665    .ARM.Collect$$libinit$$00000030  c_w.l(libinit2.o)
    0x08000202   0x00000002   Code   RO         1666    .ARM.Collect$$libinit$$00000031  c_w.l(libinit2.o)
    0x08000204   0x00000002   Code   RO         1696    .ARM.Collect$$libshutdown$$00000000  c_w.l(libshutdown.o)
    0x08000206   0x00000000   Code   RO         1714    .ARM.Collect$$libshutdown$$00000003  c_w.l(libshutdown2.o)
    0x08000206   0x00000000   Code   RO         1717    .ARM.Collect$$libshutdown$$00000006  c_w.l(libshutdown2.o)
    0x08000206   0x00000000   Code   RO         1720    .ARM.Collect$$libshutdown$$00000009  c_w.l(libshutdown2.o)
    0x08000206   0x00000000   Code   RO         1722    .ARM.Collect$$libshutdown$$0000000B  c_w.l(libshutdown2.o)
    0x08000206   0x00000000   Code   RO         1725    .ARM.Collect$$libshutdown$$0000000E  c_w.l(libshutdown2.o)
    0x08000206   0x00000002   Code   RO         1726    .ARM.Collect$$libshutdown$$0000000F  c_w.l(libshutdown2.o)
    0x08000208   0x00000000   Code   RO         1568    .ARM.Collect$$rtentry$$00000000  c_w.l(rtentry.o)
    0x08000208   0x00000000   Code   RO         1585    .ARM.Collect$$rtentry$$00000002  c_w.l(rtentry2.o)
    0x08000208   0x00000006   Code   RO         1597    .ARM.Collect$$rtentry$$00000004  c_w.l(rtentry4.o)
    0x0800020e   0x00000000   Code   RO         1587    .ARM.Collect$$rtentry$$00000009  c_w.l(rtentry2.o)
    0x0800020e   0x00000004   Code   RO         1588    .ARM.Collect$$rtentry$$0000000A  c_w.l(rtentry2.o)
    0x08000212   0x00000000   Code   RO         1590    .ARM.Collect$$rtentry$$0000000C  c_w.l(rtentry2.o)
    0x08000212   0x00000008   Code   RO         1591    .ARM.Collect$$rtentry$$0000000D  c_w.l(rtentry2.o)
    0x0800021a   0x00000002   Code   RO         1618    .ARM.Collect$$rtexit$$00000000  c_w.l(rtexit.o)
    0x0800021c   0x00000000   Code   RO         1668    .ARM.Collect$$rtexit$$00000002  c_w.l(rtexit2.o)
    0x0800021c   0x00000004   Code   RO         1669    .ARM.Collect$$rtexit$$00000003  c_w.l(rtexit2.o)
    0x08000220   0x00000006   Code   RO         1670    .ARM.Collect$$rtexit$$00000004  c_w.l(rtexit2.o)
    0x08000226   0x00000002   PAD
    0x08000228   0x000000e0   Code   RO            3    .text               misc.o
    0x08000308   0x00000464   Code   RO          130    .text               stm32f4xx_adc.o
    0x0800076c   0x000009f0   Code   RO          150    .text               stm32f4xx_can.o
    0x0800115c   0x000003a8   Code   RO          330    .text               stm32f4xx_dma.o
    0x08001504   0x00000110   Code   RO          373    .text               stm32f4xx_exti.o
    0x08001614   0x00000294   Code   RO          459    .text               stm32f4xx_gpio.o
    0x080018a8   0x0000065c   Code   RO          622    .text               stm32f4xx_rcc.o
    0x08001f04   0x00000094   Code   RO          747    .text               stm32f4xx_syscfg.o
    0x08001f98   0x00000ca2   Code   RO          767    .text               stm32f4xx_tim.o
    0x08002c3a   0x00000002   PAD
    0x08002c3c   0x00000454   Code   RO          787    .text               stm32f4xx_usart.o
    0x08003090   0x00000040   Code   RO          828    .text               startup_stm32f40_41xxx.o
    0x080030d0   0x000000e4   Code   RO          834    .text               main.o
    0x080031b4   0x0000001a   Code   RO         1005    .text               stm32f4xx_it.o
    0x080031ce   0x00000002   PAD
    0x080031d0   0x00000210   Code   RO         1035    .text               system_stm32f4xx.o
    0x080033e0   0x00000104   Code   RO         1083    .text               delay.o
    0x080034e4   0x00000138   Code   RO         1129    .text               run_led.o
    0x0800361c   0x00000760   Code   RO         1182    .text               reset_motor.o
    0x08003d7c   0x00000068   Code   RO         1320    .text               my_reset.o
    0x08003de4   0x0000039c   Code   RO         1369    .text               manul_hal.o
    0x08004180   0x00000100   Code   RO         1433    .text               common_exit.o
    0x08004280   0x000007c0   Code   RO         1463    .text               wfly.o
    0x08004a40   0x00000064   Code   RO         1494    .text               hard_stop.o
    0x08004aa4   0x00000048   Code   RO         1520    .text               c_w.l(llsdiv.o)
    0x08004aec   0x0000008a   Code   RO         1522    .text               c_w.l(rt_memcpy_v6.o)
    0x08004b76   0x00000006   Code   RO         1524    .text               c_w.l(heapauxi.o)
    0x08004b7c   0x000000ee   Code   RO         1569    .text               c_w.l(lludivv7m.o)
    0x08004c6a   0x00000064   Code   RO         1571    .text               c_w.l(rt_memcpy_w.o)
    0x08004cce   0x0000004a   Code   RO         1603    .text               c_w.l(sys_stackheap_outer.o)
    0x08004d18   0x0000000c   Code   RO         1607    .text               c_w.l(exit.o)
    0x08004d24   0x00000008   Code   RO         1615    .text               c_w.l(libspace.o)
    0x08004d2c   0x0000000c   Code   RO         1684    .text               c_w.l(sys_exit.o)
    0x08004d38   0x00000002   Code   RO         1701    .text               c_w.l(use_no_semi.o)
    0x08004d3a   0x00000000   Code   RO         1703    .text               c_w.l(indicate_semi.o)
    0x08004d3a   0x00000018   Code   RO         1528    x$fpl$basic         fz_wm.l(basic.o)
    0x08004d52   0x00000002   PAD
    0x08004d54   0x00000062   Code   RO         1530    x$fpl$d2f           fz_wm.l(d2f.o)
    0x08004db6   0x00000002   PAD
    0x08004db8   0x00000150   Code   RO         1532    x$fpl$dadd          fz_wm.l(daddsub_clz.o)
    0x08004f08   0x00000018   Code   RO         1573    x$fpl$dcmpinf       fz_wm.l(dcmpi.o)
    0x08004f20   0x000002b0   Code   RO         1539    x$fpl$ddiv          fz_wm.l(ddiv.o)
    0x080051d0   0x0000002e   Code   RO         1547    x$fpl$dflt          fz_wm.l(dflt_clz.o)
    0x080051fe   0x00000002   PAD
    0x08005200   0x000000a2   Code   RO         1552    x$fpl$dfltll        fz_wm.l(dfltll_clz.o)
    0x080052a2   0x00000002   PAD
    0x080052a4   0x00000078   Code   RO         1556    x$fpl$dleqf         fz_wm.l(dleqf.o)
    0x0800531c   0x00000154   Code   RO         1558    x$fpl$dmul          fz_wm.l(dmul.o)
    0x08005470   0x0000009c   Code   RO         1575    x$fpl$dnaninf       fz_wm.l(dnaninf.o)
    0x0800550c   0x0000000c   Code   RO         1577    x$fpl$dretinf       fz_wm.l(dretinf.o)
    0x08005518   0x0000006c   Code   RO         1560    x$fpl$drleqf        fz_wm.l(drleqf.o)
    0x08005584   0x000001d4   Code   RO         1534    x$fpl$dsub          fz_wm.l(daddsub_clz.o)
    0x08005758   0x00000056   Code   RO         1562    x$fpl$f2d           fz_wm.l(f2d.o)
    0x080057ae   0x0000008c   Code   RO         1579    x$fpl$fnaninf       fz_wm.l(fnaninf.o)
    0x0800583a   0x0000000a   Code   RO         1682    x$fpl$fpinit        fz_wm.l(fpinit.o)
    0x08005844   0x0000000a   Code   RO         1581    x$fpl$fretinf       fz_wm.l(fretinf.o)
    0x0800584e   0x00000002   PAD
    0x08005850   0x000000c2   Code   RO         1542    x$fpl$llsfromd      fz_wm.l(dfixll.o)
    0x08005912   0x00000002   PAD
    0x08005914   0x00000086   Code   RO         1564    x$fpl$llsfromf      fz_wm.l(ffixll.o)
    0x0800599a   0x00000000   Code   RO         1583    x$fpl$usenofp       fz_wm.l(usenofp.o)
    0x0800599a   0x00000002   PAD
    0x0800599c   0x00000168   Data   RO         1184    .constdata          reset_motor.o
    0x08005b04   0x00000020   Data   RO         1743    Region$$Table       anon$$obj.o


    Execution Region RW_IRAM1 (Base: 0x20000000, Size: 0x00000790, Max: 0x00020000, ABSOLUTE)

    Base Addr    Size         Type   Attr      Idx    E Section Name        Object

    0x20000000   0x00000010   Data   RW          623    .data               stm32f4xx_rcc.o
    0x20000010   0x00000014   Data   RW         1036    .data               system_stm32f4xx.o
    0x20000024   0x00000004   Data   RW         1084    .data               delay.o
    0x20000028   0x00000002   Data   RW         1130    .data               run_led.o
    0x2000002a   0x00000002   PAD
    0x2000002c   0x00000021   Data   RW         1185    .data               reset_motor.o
    0x2000004d   0x00000003   PAD
    0x20000050   0x00000013   Data   RW         1371    .data               manul_hal.o
    0x20000063   0x00000001   PAD
    0x20000064   0x0000000a   Data   RW         1465    .data               wfly.o
    0x2000006e   0x00000001   Data   RW         1495    .data               hard_stop.o
    0x2000006f   0x00000001   PAD
    0x20000070   0x00000020   Zero   RW         1183    .bss                reset_motor.o
    0x20000090   0x0000001c   Zero   RW         1370    .bss                manul_hal.o
    0x200000ac   0x0000007f   Zero   RW         1464    .bss                wfly.o
    0x2000012b   0x00000001   PAD
    0x2000012c   0x00000060   Zero   RW         1616    .bss                c_w.l(libspace.o)
    0x2000018c   0x00000004   PAD
    0x20000190   0x00000200   Zero   RW          826    HEAP                startup_stm32f40_41xxx.o
    0x20000390   0x00000400   Zero   RW          825    STACK               startup_stm32f40_41xxx.o


==============================================================================

Image component sizes


      Code (inc. data)   RO Data    RW Data    ZI Data      Debug   Object Name

       256         32          0          0          0        711   common_exit.o
       260          8          0          4          0       1537   delay.o
       100          4          0          1          0        947   hard_stop.o
       228          4          0          0          0      26392   main.o
       924         78          0         19         28     246226   manul_hal.o
       224         20          0          0          0     320681   misc.o
       104         16          0          0          0      28688   my_reset.o
      1888         62        360         33         32     256075   reset_motor.o
       312         26          0          2          0      28227   run_led.o
        64         26        392          0       1536        860   startup_stm32f40_41xxx.o
      1124         24          0          0          0      10586   stm32f4xx_adc.o
      2544         38          0          0          0       8068   stm32f4xx_can.o
       936         32          0          0          0       6393   stm32f4xx_dma.o
       272         10          0          0          0       2363   stm32f4xx_exti.o
       660         44          0          0          0       4197   stm32f4xx_gpio.o
        26          0          0          0          0       1290   stm32f4xx_it.o
      1628         52          0         16          0      13032   stm32f4xx_rcc.o
       148         12          0          0          0       1893   stm32f4xx_syscfg.o
      3234         60          0          0          0      22396   stm32f4xx_tim.o
      1108         34          0          0          0       7892   stm32f4xx_usart.o
       528         46          0         20          0       1975   system_stm32f4xx.o
      1984         70          0         10        127       4966   wfly.o

    ----------------------------------------------------------------------
     18556        698        784        112       1724     995395   Object Totals
         0          0         32          0          0          0   (incl. Generated)
         4          0          0          7          1          0   (incl. Padding)

    ----------------------------------------------------------------------

      Code (inc. data)   RO Data    RW Data    ZI Data      Debug   Library Member Name

         8          0          0          0          0         68   __main.o
        52          8          0          0          0          0   __scatter.o
        26          0          0          0          0          0   __scatter_copy.o
        28          0          0          0          0          0   __scatter_zi.o
        12          0          0          0          0         72   exit.o
         6          0          0          0          0        152   heapauxi.o
         0          0          0          0          0          0   indicate_semi.o
         2          0          0          0          0          0   libinit.o
         6          0          0          0          0          0   libinit2.o
         2          0          0          0          0          0   libshutdown.o
         2          0          0          0          0          0   libshutdown2.o
         8          4          0          0         96         68   libspace.o
        72          0          0          0          0         76   llsdiv.o
       238          0          0          0          0        100   lludivv7m.o
       138          0          0          0          0         68   rt_memcpy_v6.o
       100          0          0          0          0         80   rt_memcpy_w.o
         0          0          0          0          0          0   rtentry.o
        12          0          0          0          0          0   rtentry2.o
         6          0          0          0          0          0   rtentry4.o
         2          0          0          0          0          0   rtexit.o
        10          0          0          0          0          0   rtexit2.o
        12          4          0          0          0         68   sys_exit.o
        74          0          0          0          0         80   sys_stackheap_outer.o
         2          0          0          0          0         68   use_no_semi.o
        24          0          0          0          0        164   basic.o
        98          4          0          0          0        140   d2f.o
       804         16          0          0          0        368   daddsub_clz.o
        24          0          0          0          0        116   dcmpi.o
       688        140          0          0          0        256   ddiv.o
       194          4          0          0          0        164   dfixll.o
        46          0          0          0          0        116   dflt_clz.o
       162          0          0          0          0        132   dfltll_clz.o
       120          4          0          0          0        140   dleqf.o
       340         12          0          0          0        152   dmul.o
       156          4          0          0          0        140   dnaninf.o
        12          0          0          0          0        116   dretinf.o
       108          0          0          0          0        128   drleqf.o
        86          4          0          0          0        132   f2d.o
       134          4          0          0          0        132   ffixll.o
       140          4          0          0          0        132   fnaninf.o
        10          0          0          0          0        116   fpinit.o
        10          0          0          0          0        116   fretinf.o
         0          0          0          0          0          0   usenofp.o

    ----------------------------------------------------------------------
      3992        212          0          0        100       3660   Library Totals
        18          0          0          0          4          0   (incl. Padding)

    ----------------------------------------------------------------------

      Code (inc. data)   RO Data    RW Data    ZI Data      Debug   Library Name

       818         16          0          0         96        900   c_w.l
      3156        196          0          0          0       2760   fz_wm.l

    ----------------------------------------------------------------------
      3992        212          0          0        100       3660   Library Totals

    ----------------------------------------------------------------------

==============================================================================


      Code (inc. data)   RO Data    RW Data    ZI Data      Debug   

     22548        910        784        112       1824     992291   Grand Totals
     22548        910        784        112       1824     992291   ELF Image Totals
     22548        910        784        112          0          0   ROM Totals

==============================================================================

    Total RO  Size (Code + RO Data)                23332 (  22.79kB)
    Total RW  Size (RW Data + ZI Data)              1936 (   1.89kB)
    Total ROM Size (Code + RO Data + RW Data)      23444 (  22.89kB)

==============================================================================

