<html>
<body>
<pre>
<h1>礦ision Build Log</h1>
<h2>Project:</h2>
E:\哈工院文件\嵌入式工程师工作\项目文件\智能无人扫地车\Programming\ZNSD.uvproj
Project File Date:  10/09/2018

<h2>Output:</h2>
Build target 'ZNSD'
compiling main.c...
compiling kulun.c...
HARDWARE\kulun.c(133): warning:  #550-D: variable "clearflag" was set but never used
        u8 clearflag=0;
HARDWARE\kulun.c: 1 warning, 0 errors
linking...
Program Size: Code=7008 RO-data=424 RW-data=40 ZI-data=1712  
".\OBJ\ZNSD.axf" - 0 Error(s), 1 Warning(s).
</pre>
</body>
</html>
sed
        u8 clearflag=0;
HARDWARE\kulun.c: 2 warnings, 0 errors
linking...
Program Size: Code=7008 RO-data=424 RW-data=40 ZI-data=1712  
".\OBJ\ZNSD.axf" - 0 Error(s), 3 Warning(s).
.c...
compiling stm32f4xx_gpio.c...
compiling stm32f4xx_hash.c...
compiling stm32f4xx_hash_md5.c...
compiling stm32f4xx_hash_sha1.c...
compiling stm32f4xx_i2c.c...
compiling stm32f4xx_iwdg.c...
compiling stm32f4xx_ltdc.c...
compiling stm32f4xx_pwr.c...
compiling stm32f4xx_rcc.c...
compiling stm32f4xx_rng.c...
compiling stm32f4xx_rtc.c...
compiling stm32f4xx_sai.c...
compiling stm32f4xx_sdio.c...
compiling stm32f4xx_spi.c...
compiling stm32f4xx_syscfg.c...
compiling stm32f4xx_tim.c...
compiling stm32f4xx_usart.c...
compiling stm32f4xx_wwdg.c...
compiling main.c...
compiling stm32f4xx_it.c...
compiling system_stm32f4xx.c...
compiling delay.c...
compiling sys.c...
compiling kulun.c...
HARDWARE\kulun.h(37): warning:  #1-D: last line of file ends without a newline
  #endif
HARDWARE\kulun.c(133): warning:  #550-D: variable "clearflag" was set but never used
        u8 clearflag=0;
HARDWARE\kulun.c(221): warning:  #1-D: last line of file ends without a newline
  }
HARDWARE\kulun.c: 3 warnings, 0 errors
linking...
Program Size: Code=6496 RO-data=424 RW-data=40 ZI-data=1704  
".\OBJ\ZNSD.axf" - 0 Error(s), 3 Warning(s).
file "stm32f4xx_cryp.h": No such file or directory
  #include "stm32f4xx_cryp.h"
FWLIB\src\stm32f4xx_cryp_tdes.c: 0 warnings, 1 error
compiling stm32f4xx_dac.c...
FWLIB\src\stm32f4xx_dac.c(131): error:  #5: cannot open source input file "stm32f4xx_dac.h": No such file or directory
  #include "stm32f4xx_dac.h"
FWLIB\src\stm32f4xx_dac.c: 0 warnings, 1 error
compiling stm32f4xx_dbgmcu.c...
FWLIB\src\stm32f4xx_dbgmcu.c(29): error:  #5: cannot open source input file "stm32f4xx_dbgmcu.h": No such file or directory
  #include "stm32f4xx_dbgmcu.h"
FWLIB\src\stm32f4xx_dbgmcu.c: 0 warnings, 1 error
compiling stm32f4xx_dcmi.c...
FWLIB\src\stm32f4xx_dcmi.c(86): error:  #5: cannot open source input file "stm32f4xx_dcmi.h": No such file or directory
  #include "stm32f4xx_dcmi.h"
FWLIB\src\stm32f4xx_dcmi.c: 0 warnings, 1 error
compiling stm32f4xx_dma.c...
FWLIB\src\stm32f4xx_dma.c(124): error:  #5: cannot open source input file "stm32f4xx_dma.h": No such file or directory
  #include "stm32f4xx_dma.h"
FWLIB\src\stm32f4xx_dma.c: 0 warnings, 1 error
compiling stm32f4xx_dma2d.c...
FWLIB\src\stm32f4xx_dma2d.c(58): error:  #5: cannot open source input file "stm32f4xx_dma2d.h": No such file or directory
  #include "stm32f4xx_dma2d.h"
FWLIB\src\stm32f4xx_dma2d.c: 0 warnings, 1 error
compiling stm32f4xx_exti.c...
FWLIB\src\stm32f4xx_exti.c(67): error:  #5: cannot open source input file "stm32f4xx_exti.h": No such file or directory
  #include "stm32f4xx_exti.h"
FWLIB\src\stm32f4xx_exti.c: 0 warnings, 1 error
compiling stm32f4xx_flash.c...
FWLIB\src\stm32f4xx_flash.c(72): error:  #5: cannot open source input file "stm32f4xx_flash.h": No such file or directory
  #include "stm32f4xx_flash.h"
FWLIB\src\stm32f4xx_flash.c: 0 warnings, 1 error
compiling stm32f4xx_flash_ramfunc.c...
FWLIB\src\stm32f4xx_flash_ramfunc.c(58): error:  #5: cannot open source input file "stm32f4xx_flash_ramfunc.h": No such file or directory
  #include "stm32f4xx_flash_ramfunc.h"
FWLIB\src\stm32f4xx_flash_ramfunc.c: 0 warnings, 1 error
compiling stm32f4xx_fsmc.c...
FWLIB\src\stm32f4xx_fsmc.c(35): error:  #5: cannot open source input file "stm32f4xx_fsmc.h": No such file or directory
  #include "stm32f4xx_fsmc.h"
FWLIB\src\stm32f4xx_fsmc.c: 0 warnings, 1 error
compiling stm32f4xx_gpio.c...
FWLIB\src\stm32f4xx_gpio.c(84): error:  #5: cannot open source input file "stm32f4xx_gpio.h": No such file or directory
  #include "stm32f4xx_gpio.h"
FWLIB\src\stm32f4xx_gpio.c: 0 warnings, 1 error
compiling stm32f4xx_hash.c...
FWLIB\src\stm32f4xx_hash.c(123): error:  #5: cannot open source input file "stm32f4xx_hash.h": No such file or directory
  #include "stm32f4xx_hash.h"
FWLIB\src\stm32f4xx_hash.c: 0 warnings, 1 error
compiling stm32f4xx_hash_md5.c...
FWLIB\src\stm32f4xx_hash_md5.c(47): error:  #5: cannot open source input file "stm32f4xx_hash.h": No such file or directory
  #include "stm32f4xx_hash.h"
FWLIB\src\stm32f4xx_hash_md5.c: 0 warnings, 1 error
compiling stm32f4xx_hash_sha1.c...
FWLIB\src\stm32f4xx_hash_sha1.c(47): error:  #5: cannot open source input file "stm32f4xx_hash.h": No such file or directory
  #include "stm32f4xx_hash.h"
FWLIB\src\stm32f4xx_hash_sha1.c: 0 warnings, 1 error
compiling stm32f4xx_i2c.c...
FWLIB\src\stm32f4xx_i2c.c(92): error:  #5: cannot open source input file "stm32f4xx_i2c.h": No such file or directory
  #include "stm32f4xx_i2c.h"
FWLIB\src\stm32f4xx_i2c.c: 0 warnings, 1 error
compiling stm32f4xx_iwdg.c...
FWLIB\src\stm32f4xx_iwdg.c(85): error:  #5: cannot open source input file "stm32f4xx_iwdg.h": No such file or directory
  #include "stm32f4xx_iwdg.h"
FWLIB\src\stm32f4xx_iwdg.c: 0 warnings, 1 error
compiling stm32f4xx_ltdc.c...
FWLIB\src\stm32f4xx_ltdc.c(76): error:  #5: cannot open source input file "stm32f4xx_ltdc.h": No such file or directory
  #include "stm32f4xx_ltdc.h"
FWLIB\src\stm32f4xx_ltdc.c: 0 warnings, 1 error
compiling stm32f4xx_pwr.c...
FWLIB\src\stm32f4xx_pwr.c(38): error:  #5: cannot open source input file "stm32f4xx_pwr.h": No such file or directory
  #include "stm32f4xx_pwr.h"
FWLIB\src\stm32f4xx_pwr.c: 0 warnings, 1 error
compiling stm32f4xx_rcc.c...
FWLIB\src\stm32f4xx_rcc.c(59): error:  #5: cannot open source input file "stm32f4xx_rcc.h": No such file or directory
  #include "stm32f4xx_rcc.h"
FWLIB\src\stm32f4xx_rcc.c: 0 warnings, 1 error
compiling stm32f4xx_rng.c...
FWLIB\src\stm32f4xx_rng.c(56): error:  #5: cannot open source input file "stm32f4xx_rng.h": No such file or directory
  #include "stm32f4xx_rng.h"
FWLIB\src\stm32f4xx_rng.c: 0 warnings, 1 error
compiling stm32f4xx_rtc.c...
FWLIB\src\stm32f4xx_rtc.c(285): error:  #5: cannot open source input file "stm32f4xx_rtc.h": No such file or directory
  #include "stm32f4xx_rtc.h"
FWLIB\src\stm32f4xx_rtc.c: 0 warnings, 1 error
compiling stm32f4xx_sai.c...
FWLIB\src\stm32f4xx_sai.c(126): error:  #5: cannot open source input file "stm32f4xx_sai.h": No such file or directory
  #include "stm32f4xx_sai.h"
FWLIB\src\stm32f4xx_sai.c: 0 warnings, 1 error
compiling stm32f4xx_sdio.c...
FWLIB\src\stm32f4xx_sdio.c(156): error:  #5: cannot open source input file "stm32f4xx_sdio.h": No such file or directory
  #include "stm32f4xx_sdio.h"
FWLIB\src\stm32f4xx_sdio.c: 0 warnings, 1 error
compiling stm32f4xx_spi.c...
FWLIB\src\stm32f4xx_spi.c(159): error:  #5: cannot open source input file "stm32f4xx_spi.h": No such file or directory
  #include "stm32f4xx_spi.h"
FWLIB\src\stm32f4xx_spi.c: 0 warnings, 1 error
compiling stm32f4xx_syscfg.c...
FWLIB\src\stm32f4xx_syscfg.c(50): error:  #5: cannot open source input file "stm32f4xx_syscfg.h": No such file or directory
  #include "stm32f4xx_syscfg.h"
FWLIB\src\stm32f4xx_syscfg.c: 0 warnings, 1 error
compiling stm32f4xx_tim.c...
FWLIB\src\stm32f4xx_tim.c(119): error:  #5: cannot open source input file "stm32f4xx_tim.h": No such file or directory
  #include "stm32f4xx_tim.h"
FWLIB\src\stm32f4xx_tim.c: 0 warnings, 1 error
compiling stm32f4xx_usart.c...
FWLIB\src\stm32f4xx_usart.c(92): error:  #5: cannot open source input file "stm32f4xx_usart.h": No such file or directory
  #include "stm32f4xx_usart.h"
FWLIB\src\stm32f4xx_usart.c: 0 warnings, 1 error
compiling stm32f4xx_wwdg.c...
FWLIB\src\stm32f4xx_wwdg.c(84): error:  #5: cannot open source input file "stm32f4xx_wwdg.h": No such file or directory
  #include "stm32f4xx_wwdg.h"
FWLIB\src\stm32f4xx_wwdg.c: 0 warnings, 1 error
assembling startup_stm32f40_41xxx.s...
compiling main.c...
USER\main.c(1): error:  #5: cannot open source input file "stm32f4xx_tim.h": No such file or directory
  #include "stm32f4xx_tim.h"
USER\main.c: 0 warnings, 1 error
compiling stm32f4xx_it.c...
compiling system_stm32f4xx.c...
compiling delay.c...
SYSTEM\delay\delay.h(3): error:  #5: cannot open source input file "sys.h": No such file or directory
  #include <sys.h>        
SYSTEM\delay\delay.c: 0 warnings, 1 error
compiling sys.c...
compiling kulun.c...
HARDWARE\kulun.h(3): error:  #5: cannot open source input file "sys.h": No such file or directory
  #include "sys.h"
HARDWARE\kulun.c: 0 warnings, 1 error
".\OBJ\ZNSD.axf" - 38 Error(s), 0 Warning(s).
Target not created
