Product: MDK-ARM Standard 5.10
Component: ARM Compiler 5.04 update 1 (build 49)
Tool: armlink [5040049]

==============================================================================

Section Cross References

    main.o(.text) refers to _printf_percent.o(.ARM.Collect$$_printf_percent$$00000000) for _printf_percent
    main.o(.text) refers to _printf_f.o(.ARM.Collect$$_printf_percent$$00000003) for _printf_f
    main.o(.text) refers to printf1.o(x$fpl$printf1) for _printf_fp_dec
    main.o(.text) refers to kulun.o(.text) for Kulun_handle
    main.o(.text) refers to cpu_a.o(.text) for CPU_SR_Save
    main.o(.text) refers to f2d.o(x$fpl$f2d) for __aeabi_f2d
    main.o(.text) refers to noretval__2printf.o(.text) for __2printf
    main.o(.text) refers to os_core.o(.text) for OS_Sched0
    main.o(.text) refers to delay.o(.text) for delay_ms
    main.o(.text) refers to os_time.o(.text) for OSTimeDlyHMSM
    main.o(.text) refers to cpu_core.o(.text) for CPU_Init
    main.o(.text) refers to os_stat.o(.text) for OSStatTaskCPUUsageInit
    main.o(.text) refers to os_task.o(.text) for OSTaskCreate
    main.o(.text) refers to misc.o(.text) for NVIC_PriorityGroupConfig
    main.o(.text) refers to usart.o(.text) for uart_init
    main.o(.text) refers to led.o(.text) for LED_Init
    main.o(.text) refers to main.o(.data) for float_num
    main.o(.text) refers to os_var.o(.data) for OSSchedLockNestingCtr
    main.o(.text) refers to main.o(.bss) for LED0_TASK_STK
    system_stm32f4xx.o(.text) refers to system_stm32f4xx.o(.data) for SystemCoreClock
    led.o(.text) refers to stm32f4xx_rcc.o(.text) for RCC_AHB1PeriphClockCmd
    led.o(.text) refers to stm32f4xx_gpio.o(.text) for GPIO_Init
    kulun.o(.text) refers to stm32f4xx_rcc.o(.text) for RCC_AHB1PeriphClockCmd
    kulun.o(.text) refers to stm32f4xx_gpio.o(.text) for GPIO_PinAFConfig
    kulun.o(.text) refers to stm32f4xx_usart.o(.text) for USART_Init
    kulun.o(.text) refers to misc.o(.text) for NVIC_Init
    kulun.o(.text) refers to stm32f4xx_dma.o(.text) for DMA_DeInit
    kulun.o(.text) refers to rt_memcpy_v6.o(.text) for __aeabi_memcpy
    kulun.o(.text) refers to kulun.o(.bss) for KULUN_DATA
    startup_stm32f40_41xxx.o(STACK) refers (Special) to heapauxi.o(.text) for __use_two_region_memory
    startup_stm32f40_41xxx.o(HEAP) refers (Special) to heapauxi.o(.text) for __use_two_region_memory
    startup_stm32f40_41xxx.o(RESET) refers (Special) to heapauxi.o(.text) for __use_two_region_memory
    startup_stm32f40_41xxx.o(RESET) refers to startup_stm32f40_41xxx.o(STACK) for __initial_sp
    startup_stm32f40_41xxx.o(RESET) refers to startup_stm32f40_41xxx.o(.text) for Reset_Handler
    startup_stm32f40_41xxx.o(RESET) refers to stm32f4xx_it.o(.text) for NMI_Handler
    startup_stm32f40_41xxx.o(RESET) refers to os_cpu_a.o(CODE) for PendSV_Handler
    startup_stm32f40_41xxx.o(RESET) refers to delay.o(.text) for SysTick_Handler
    startup_stm32f40_41xxx.o(RESET) refers to usart.o(.text) for USART1_IRQHandler
    startup_stm32f40_41xxx.o(RESET) refers to kulun.o(.text) for USART6_IRQHandler
    startup_stm32f40_41xxx.o(.text) refers (Special) to heapauxi.o(.text) for __use_two_region_memory
    startup_stm32f40_41xxx.o(.text) refers to system_stm32f4xx.o(.text) for SystemInit
    startup_stm32f40_41xxx.o(.text) refers to __main.o(!!!main) for __main
    startup_stm32f40_41xxx.o(.text) refers to startup_stm32f40_41xxx.o(HEAP) for Heap_Mem
    startup_stm32f40_41xxx.o(.text) refers to startup_stm32f40_41xxx.o(STACK) for Stack_Mem
    stm32f4xx_gpio.o(.text) refers to stm32f4xx_rcc.o(.text) for RCC_AHB1PeriphResetCmd
    stm32f4xx_rcc.o(.text) refers to stm32f4xx_rcc.o(.data) for APBAHBPrescTable
    stm32f4xx_syscfg.o(.text) refers to stm32f4xx_rcc.o(.text) for RCC_APB2PeriphResetCmd
    stm32f4xx_usart.o(.text) refers to stm32f4xx_rcc.o(.text) for RCC_APB2PeriphResetCmd
    stm32f4xx_adc.o(.text) refers to stm32f4xx_rcc.o(.text) for RCC_APB2PeriphResetCmd
    stm32f4xx_can.o(.text) refers to stm32f4xx_rcc.o(.text) for RCC_APB1PeriphResetCmd
    stm32f4xx_cryp.o(.text) refers to stm32f4xx_rcc.o(.text) for RCC_AHB2PeriphResetCmd
    stm32f4xx_cryp_aes.o(.text) refers to stm32f4xx_cryp.o(.text) for CRYP_KeyStructInit
    stm32f4xx_cryp_des.o(.text) refers to stm32f4xx_cryp.o(.text) for CRYP_KeyStructInit
    stm32f4xx_cryp_tdes.o(.text) refers to stm32f4xx_cryp.o(.text) for CRYP_KeyStructInit
    stm32f4xx_dac.o(.text) refers to stm32f4xx_rcc.o(.text) for RCC_APB1PeriphResetCmd
    stm32f4xx_dma2d.o(.text) refers to stm32f4xx_rcc.o(.text) for RCC_AHB1PeriphResetCmd
    stm32f4xx_fsmc.o(.text) refers to stm32f4xx_fsmc.o(.constdata) for FSMC_DefaultTimingStruct
    stm32f4xx_hash.o(.text) refers to stm32f4xx_rcc.o(.text) for RCC_AHB2PeriphResetCmd
    stm32f4xx_hash_md5.o(.text) refers to stm32f4xx_hash.o(.text) for HASH_DeInit
    stm32f4xx_hash_sha1.o(.text) refers to stm32f4xx_hash.o(.text) for HASH_DeInit
[...]
    DMA1_Stream1_IRQHandler                  0x08000c67   Thumb Code     0  startup_stm32f40_41xxx.o(.text)
    DMA1_Stream2_IRQHandler                  0x08000c67   Thumb Code     0  startup_stm32f40_41xxx.o(.text)
    DMA1_Stream3_IRQHandler                  0x08000c67   Thumb Code     0  startup_stm32f40_41xxx.o(.text)
    DMA1_Stream4_IRQHandler                  0x08000c67   Thumb Code     0  startup_stm32f40_41xxx.o(.text)
    DMA1_Stream5_IRQHandler                  0x08000c67   Thumb Code     0  startup_stm32f40_41xxx.o(.text)
    DMA1_Stream6_IRQHandler                  0x08000c67   Thumb Code     0  startup_stm32f40_41xxx.o(.text)
    DMA1_Stream7_IRQHandler                  0x08000c67   Thumb Code     0  startup_stm32f40_41xxx.o(.text)
    DMA2_Stream0_IRQHandler                  0x08000c67   Thumb Code     0  startup_stm32f40_41xxx.o(.text)
    DMA2_Stream1_IRQHandler                  0x08000c67   Thumb Code     0  startup_stm32f40_41xxx.o(.text)
    DMA2_Stream2_IRQHandler                  0x08000c67   Thumb Code     0  startup_stm32f40_41xxx.o(.text)
    DMA2_Stream3_IRQHandler                  0x08000c67   Thumb Code     0  startup_stm32f40_41xxx.o(.text)
    DMA2_Stream4_IRQHandler                  0x08000c67   Thumb Code     0  startup_stm32f40_41xxx.o(.text)
    DMA2_Stream5_IRQHandler                  0x08000c67   Thumb Code     0  startup_stm32f40_41xxx.o(.text)
    DMA2_Stream6_IRQHandler                  0x08000c67   Thumb Code     0  startup_stm32f40_41xxx.o(.text)
    DMA2_Stream7_IRQHandler                  0x08000c67   Thumb Code     0  startup_stm32f40_41xxx.o(.text)
    ETH_IRQHandler                           0x08000c67   Thumb Code     0  startup_stm32f40_41xxx.o(.text)
    ETH_WKUP_IRQHandler                      0x08000c67   Thumb Code     0  startup_stm32f40_41xxx.o(.text)
    EXTI0_IRQHandler                         0x08000c67   Thumb Code     0  startup_stm32f40_41xxx.o(.text)
    EXTI15_10_IRQHandler                     0x08000c67   Thumb Code     0  startup_stm32f40_41xxx.o(.text)
    EXTI1_IRQHandler                         0x08000c67   Thumb Code     0  startup_stm32f40_41xxx.o(.text)
    EXTI2_IRQHandler                         0x08000c67   Thumb Code     0  startup_stm32f40_41xxx.o(.text)
    EXTI3_IRQHandler                         0x08000c67   Thumb Code     0  startup_stm32f40_41xxx.o(.text)
    EXTI4_IRQHandler                         0x08000c67   Thumb Code     0  startup_stm32f40_41xxx.o(.text)
    EXTI9_5_IRQHandler                       0x08000c67   Thumb Code     0  startup_stm32f40_41xxx.o(.text)
    FLASH_IRQHandler                         0x08000c67   Thumb Code     0  startup_stm32f40_41xxx.o(.text)
    FPU_IRQHandler                           0x08000c67   Thumb Code     0  startup_stm32f40_41xxx.o(.text)
    FSMC_IRQHandler                          0x08000c67   Thumb Code     0  startup_stm32f40_41xxx.o(.text)
    HASH_RNG_IRQHandler                      0x08000c67   Thumb Code     0  startup_stm32f40_41xxx.o(.text)
    I2C1_ER_IRQHandler                       0x08000c67   Thumb Code     0  startup_stm32f40_41xxx.o(.text)
    I2C1_EV_IRQHandler                       0x08000c67   Thumb Code     0  startup_stm32f40_41xxx.o(.text)
    I2C2_ER_IRQHandler                       0x08000c67   Thumb Code     0  startup_stm32f40_41xxx.o(.text)
    I2C2_EV_IRQHandler                       0x08000c67   Thumb Code     0  startup_stm32f40_41xxx.o(.text)
    I2C3_ER_IRQHandler                       0x08000c67   Thumb Code     0  startup_stm32f40_41xxx.o(.text)
    I2C3_EV_IRQHandler                       0x08000c67   Thumb Code     0  startup_stm32f40_41xxx.o(.text)
    OTG_FS_IRQHandler                        0x08000c67   Thumb Code     0  startup_stm32f40_41xxx.o(.text)
    OTG_FS_WKUP_IRQHandler                   0x08000c67   Thumb Code     0  startup_stm32f40_41xxx.o(.text)
    OTG_HS_EP1_IN_IRQHandler                 0x08000c67   Thumb Code     0  startup_stm32f40_41xxx.o(.text)
    OTG_HS_EP1_OUT_IRQHandler                0x08000c67   Thumb Code     0  startup_stm32f40_41xxx.o(.text)
    OTG_HS_IRQHandler                        0x08000c67   Thumb Code     0  startup_stm32f40_41xxx.o(.text)
    OTG_HS_WKUP_IRQHandler                   0x08000c67   Thumb Code     0  startup_stm32f40_41xxx.o(.text)
    PVD_IRQHandler                           0x08000c67   Thumb Code     0  startup_stm32f40_41xxx.o(.text)
    RCC_IRQHandler                           0x08000c67   Thumb Code     0  startup_stm32f40_41xxx.o(.text)
    RTC_Alarm_IRQHandler                     0x08000c67   Thumb Code     0  startup_stm32f40_41xxx.o(.text)
    RTC_WKUP_IRQHandler                      0x08000c67   Thumb Code     0  startup_stm32f40_41xxx.o(.text)
    SDIO_IRQHandler                          0x08000c67   Thumb Code     0  startup_stm32f40_41xxx.o(.text)
    SPI1_IRQHandler                          0x08000c67   Thumb Code     0  startup_stm32f40_41xxx.o(.text)
    SPI2_IRQHandler                          0x08000c67   Thumb Code     0  startup_stm32f40_41xxx.o(.text)
    SPI3_IRQHandler                          0x08000c67   Thumb Code     0  startup_stm32f40_41xxx.o(.text)
    TAMP_STAMP_IRQHandler                    0x08000c67   Thumb Code     0  startup_stm32f40_41xxx.o(.text)
    TIM1_BRK_TIM9_IRQHandler                 0x08000c67   Thumb Code     0  startup_stm32f40_41xxx.o(.text)
    TIM1_CC_IRQHandler                       0x08000c67   Thumb Code     0  startup_stm32f40_41xxx.o(.text)
    TIM1_TRG_COM_TIM11_IRQHandler            0x08000c67   Thumb Code     0  startup_stm32f40_41xxx.o(.text)
    TIM1_UP_TIM10_IRQHandler                 0x08000c67   Thumb Code     0  startup_stm32f40_41xxx.o(.text)
    TIM2_IRQHandler                          0x08000c67   Thumb Code     0  startup_stm32f40_41xxx.o(.text)
    TIM3_IRQHandler                          0x08000c67   Thumb Code     0  startup_stm32f40_41xxx.o(.text)
    TIM4_IRQHandler                          0x08000c67   Thumb Code     0  startup_stm32f40_41xxx.o(.text)
    TIM5_IRQHandler                          0x08000c67   Thumb Code     0  startup_stm32f40_41xxx.o(.text)
    TIM6_DAC_IRQHandler                      0x08000c67   Thumb Code     0  startup_stm32f40_41xxx.o(.text)
    TIM7_IRQHandler                          0x08000c67   Thumb Code     0  startup_stm32f40_41xxx.o(.text)
    TIM8_BRK_TIM12_IRQHandler                0x08000c67   Thumb Code     0  startup_stm32f40_41xxx.o(.text)
    TIM8_CC_IRQHandler                       0x08000c67   Thumb Code     0  startup_stm32f40_41xxx.o(.text)
    TIM8_TRG_COM_TIM14_IRQHandler            0x08000c67   Thumb Code     0  startup_stm32f40_41xxx.o(.text)
    TIM8_UP_TIM13_IRQHandler                 0x08000c67   Thumb Code     0  startup_stm32f40_41xxx.o(.text)
    UART4_IRQHandler                         0x08000c67   Thumb Code     0  startup_stm32f40_41xxx.o(.text)
    UART5_IRQHandler                         0x08000c67   Thumb Code     0  startup_stm32f40_41xxx.o(.text)
    USART2_IRQHandler                        0x08000c67   Thumb Code     0  startup_stm32f40_41xxx.o(.text)
    USART3_IRQHandler                        0x08000c67   Thumb Code     0  startup_stm32f40_41xxx.o(.text)
    WWDG_IRQHandler                          0x08000c67   Thumb Code     0  startup_stm32f40_41xxx.o(.text)
    __user_initial_stackheap                 0x08000c69   Thumb Code     0  startup_stm32f40_41xxx.o(.text)
    NVIC_PriorityGroupConfig                 0x08000c8d   Thumb Code    10  misc.o(.text)
    NVIC_Init                                0x08000c97   Thumb Code   106  misc.o(.text)
    NVIC_SetVectorTable                      0x08000d01   Thumb Code    14  misc.o(.text)
    NVIC_SystemLPConfig                      0x08000d0f   Thumb Code    34  misc.o(.text)
    SysTick_CLKSourceConfig                  0x08000d31   Thumb Code    40  misc.o(.text)
    GPIO_DeInit                              0x08000d6d   Thumb Code   268  stm32f4xx_gpio.o(.text)
    GPIO_Init                                0x08000e79   Thumb Code   144  stm32f4xx_gpio.o(.text)
    GPIO_StructInit                          0x08000f09   Thumb Code    18  stm32f4xx_gpio.o(.text)
    GPIO_PinLockConfig                       0x08000f1b   Thumb Code    34  stm32f4xx_gpio.o(.text)
    GPIO_ReadInputDataBit                    0x08000f3d   Thumb Code    18  stm32f4xx_gpio.o(.text)
    GPIO_ReadInputData                       0x08000f4f   Thumb Code     8  stm32f4xx_gpio.o(.text)
    GPIO_ReadOutputDataBit                   0x08000f57   Thumb Code    18  stm32f4xx_gpio.o(.text)
    GPIO_ReadOutputData                      0x08000f69   Thumb Code     8  stm32f4xx_gpio.o(.text)
    GPIO_SetBits                             0x08000f71   Thumb Code     4  stm32f4xx_gpio.o(.text)
    GPIO_ResetBits                           0x08000f75   Thumb Code     4  stm32f4xx_gpio.o(.text)
    GPIO_WriteBit                            0x08000f79   Thumb Code    10  stm32f4xx_gpio.o(.text)
    GPIO_Write                               0x08000f83   Thumb Code     4  stm32f4xx_gpio.o(.text)
    GPIO_ToggleBits                          0x08000f87   Thumb Code     8  stm32f4xx_gpio.o(.text)
    GPIO_PinAFConfig                         0x08000f8f   Thumb Code    70  stm32f4xx_gpio.o(.text)
    RCC_DeInit                               0x08001001   Thumb Code    82  stm32f4xx_rcc.o(.text)
    RCC_HSEConfig                            0x08001053   Thumb Code    14  stm32f4xx_rcc.o(.text)
    RCC_GetFlagStatus                        0x08001061   Thumb Code    60  stm32f4xx_rcc.o(.text)
    RCC_WaitForHSEStartUp                    0x0800109d   Thumb Code    56  stm32f4xx_rcc.o(.text)
    RCC_AdjustHSICalibrationValue            0x080010d5   Thumb Code    20  stm32f4xx_rcc.o(.text)
    RCC_HSICmd                               0x080010e9   Thumb Code     6  stm32f4xx_rcc.o(.text)
    RCC_LSEConfig                            0x080010ef   Thumb Code    46  stm32f4xx_rcc.o(.text)
    RCC_LSICmd                               0x0800111d   Thumb Code     6  stm32f4xx_rcc.o(.text)
    RCC_PLLConfig                            0x08001123   Thumb Code    32  stm32f4xx_rcc.o(.text)
    RCC_PLLCmd                               0x08001143   Thumb Code     6  stm32f4xx_rcc.o(.text)
    RCC_PLLI2SConfig                         0x08001149   Thumb Code    14  stm32f4xx_rcc.o(.text)
    RCC_PLLI2SCmd                            0x08001157   Thumb Code     6  stm32f4xx_rcc.o(.text)
    RCC_PLLSAIConfig                         0x0800115d   Thumb Code    20  stm32f4xx_rcc.o(.text)
    RCC_PLLSAICmd                            0x08001171   Thumb Code     6  stm32f4xx_rcc.o(.text)
    RCC_ClockSecuritySystemCmd               0x08001177   Thumb Code     6  stm32f4xx_rcc.o(.text)
    RCC_MCO1Config                           0x0800117d   Thumb Code    28  stm32f4xx_rcc.o(.text)
    RCC_MCO2Config                           0x08001199   Thumb Code    28  stm32f4xx_rcc.o(.text)
    RCC_SYSCLKConfig                         0x080011b5   Thumb Code    20  stm32f4xx_rcc.o(.text)
    RCC_GetSYSCLKSource                      0x080011c9   Thumb Code    12  stm32f4xx_rcc.o(.text)
    RCC_HCLKConfig                           0x080011d5   Thumb Code    20  stm32f4xx_rcc.o(.text)
    RCC_PCLK1Config                          0x080011e9   Thumb Code    20  stm32f4xx_rcc.o(.text)
    RCC_PCLK2Config                          0x080011fd   Thumb Code    22  stm32f4xx_rcc.o(.text)
    RCC_GetClocksFreq                        0x08001213   Thumb Code   222  stm32f4xx_rcc.o(.text)
    RCC_RTCCLKConfig                         0x080012f1   Thumb Code    54  stm32f4xx_rcc.o(.text)
    RCC_RTCCLKCmd                            0x08001327   Thumb Code     8  stm32f4xx_rcc.o(.text)
    RCC_BackupResetCmd                       0x0800132f   Thumb Code     8  stm32f4xx_rcc.o(.text)
    RCC_I2SCLKConfig                         0x08001337   Thumb Code     6  stm32f4xx_rcc.o(.text)
    RCC_SAIPLLI2SClkDivConfig                0x0800133d   Thumb Code    26  stm32f4xx_rcc.o(.text)
    RCC_SAIPLLSAIClkDivConfig                0x08001357   Thumb Code    28  stm32f4xx_rcc.o(.text)
    RCC_SAIBlockACLKConfig                   0x08001373   Thumb Code    20  stm32f4xx_rcc.o(.text)
    RCC_SAIBlockBCLKConfig                   0x08001387   Thumb Code    20  stm32f4xx_rcc.o(.text)
    RCC_LTDCCLKDivConfig                     0x0800139b   Thumb Code    20  stm32f4xx_rcc.o(.text)
    RCC_TIMCLKPresConfig                     0x080013af   Thumb Code     6  stm32f4xx_rcc.o(.text)
    RCC_AHB1PeriphClockCmd                   0x080013b5   Thumb Code    34  stm32f4xx_rcc.o(.text)
    RCC_AHB2PeriphClockCmd                   0x080013d7   Thumb Code    78  stm32f4xx_rcc.o(.text)
    RCC_AHB3PeriphClockCmd                   0x08001425   Thumb Code    34  stm32f4xx_rcc.o(.text)
    RCC_APB1PeriphClockCmd                   0x08001447   Thumb Code    34  stm32f4xx_rcc.o(.text)
    RCC_APB2PeriphClockCmd                   0x08001469   Thumb Code    34  stm32f4xx_rcc.o(.text)
    RCC_AHB1PeriphResetCmd                   0x0800148b   Thumb Code    34  stm32f4xx_rcc.o(.text)
    RCC_AHB2PeriphResetCmd                   0x080014ad   Thumb Code    34  stm32f4xx_rcc.o(.text)
    RCC_AHB3PeriphResetCmd                   0x080014cf   Thumb Code    34  stm32f4xx_rcc.o(.text)
    RCC_APB1PeriphResetCmd                   0x080014f1   Thumb Code    34  stm32f4xx_rcc.o(.text)
    RCC_APB2PeriphResetCmd                   0x08001513   Thumb Code    34  stm32f4xx_rcc.o(.text)
    RCC_AHB1PeriphClockLPModeCmd             0x08001535   Thumb Code    34  stm32f4xx_rcc.o(.text)
    RCC_AHB2PeriphClockLPModeCmd             0x08001557   Thumb Code    34  stm32f4xx_rcc.o(.text)
    RCC_AHB3PeriphClockLPModeCmd             0x08001579   Thumb Code    34  stm32f4xx_rcc.o(.text)
    RCC_APB1PeriphClockLPModeCmd             0x0800159b   Thumb Code    34  stm32f4xx_rcc.o(.text)
    RCC_APB2PeriphClockLPModeCmd             0x080015bd   Thumb Code    34  stm32f4xx_rcc.o(.text)
    RCC_LSEModeConfig                        0x080015df   Thumb Code    40  stm32f4xx_rcc.o(.text)
    RCC_ITConfig                             0x08001607   Thumb Code    34  stm32f4xx_rcc.o(.text)
    RCC_ClearFlag                            0x08001629   Thumb Code    18  stm32f4xx_rcc.o(.text)
    RCC_GetITStatus                          0x0800163b   Thumb Code    22  stm32f4xx_rcc.o(.text)
    RCC_ClearITPendingBit                    0x08001651   Thumb Code     8  stm32f4xx_rcc.o(.text)
    USART_DeInit                             0x0800165d   Thumb Code   206  stm32f4xx_usart.o(.text)
    USART_Init                               0x0800172b   Thumb Code   204  stm32f4xx_usart.o(.text)
    USART_StructInit                         0x080017f7   Thumb Code    24  stm32f4xx_usart.o(.text)
    USART_ClockInit                          0x0800180f   Thumb Code    32  stm32f4xx_usart.o(.text)
    USART_ClockStructInit                    0x0800182f   Thumb Code    12  stm32f4xx_usart.o(.text)
    USART_Cmd                                0x0800183b   Thumb Code    24  stm32f4xx_usart.o(.text)
    USART_SetPrescaler                       0x08001853   Thumb Code    16  stm32f4xx_usart.o(.text)
    USART_OverSampling8Cmd                   0x08001863   Thumb Code    22  stm32f4xx_usart.o(.text)
    USART_OneBitMethodCmd                    0x08001879   Thumb Code    24  stm32f4xx_usart.o(.text)
    USART_SendData                           0x08001891   Thumb Code     8  stm32f4xx_usart.o(.text)
    USART_ReceiveData                        0x08001899   Thumb Code    10  stm32f4xx_usart.o(.text)
    USART_SetAddress                         0x080018a3   Thumb Code    18  stm32f4xx_usart.o(.text)
    USART_ReceiverWakeUpCmd                  0x080018b5   Thumb Code    24  stm32f4xx_usart.o(.text)
    USART_WakeUpConfig                       0x080018cd   Thumb Code    18  stm32f4xx_usart.o(.text)
    USART_LINBreakDetectLengthConfig         0x080018df   Thumb Code    18  stm32f4xx_usart.o(.text)
    USART_LINCmd                             0x080018f1   Thumb Code    24  stm32f4xx_usart.o(.text)
    USART_SendBreak                          0x08001909   Thumb Code    10  stm32f4xx_usart.o(.text)
    USART_HalfDuplexCmd                      0x08001913   Thumb Code    24  stm32f4xx_usart.o(.text)
    USART_SetGuardTime                       0x0800192b   Thumb Code    16  stm32f4xx_usart.o(.text)
    USART_SmartCardCmd                       0x0800193b   Thumb Code    24  stm32f4xx_usart.o(.text)
    USART_SmartCardNACKCmd                   0x08001953   Thumb Code    24  stm32f4xx_usart.o(.text)
    USART_IrDAConfig                         0x0800196b   Thumb Code    18  stm32f4xx_usart.o(.text)
    USART_IrDACmd                            0x0800197d   Thumb Code    24  stm32f4xx_usart.o(.text)
    USART_DMACmd                             0x08001995   Thumb Code    18  stm32f4xx_usart.o(.text)
    USART_ITConfig                           0x080019a7   Thumb Code    74  stm32f4xx_usart.o(.text)
    USART_GetFlagStatus                      0x080019f1   Thumb Code    26  stm32f4xx_usart.o(.text)
    USART_ClearFlag                          0x08001a0b   Thumb Code    18  stm32f4xx_usart.o(.text)
    USART_GetITStatus                        0x08001a1d   Thumb Code   118  stm32f4xx_usart.o(.text)
    USART_ClearITPendingBit                  0x08001a93   Thumb Code    30  stm32f4xx_usart.o(.text)
    DMA_DeInit                               0x08001ab1   Thumb Code   324  stm32f4xx_dma.o(.text)
    DMA_Init                                 0x08001bf5   Thumb Code    82  stm32f4xx_dma.o(.text)
    DMA_StructInit                           0x08001c47   Thumb Code    34  stm32f4xx_dma.o(.text)
    DMA_Cmd                                  0x08001c69   Thumb Code    22  stm32f4xx_dma.o(.text)
    DMA_PeriphIncOffsetSizeConfig            0x08001c7f   Thumb Code    22  stm32f4xx_dma.o(.text)
    DMA_FlowControllerConfig                 0x08001c95   Thumb Code    22  stm32f4xx_dma.o(.text)
    DMA_SetCurrDataCounter                   0x08001cab   Thumb Code     4  stm32f4xx_dma.o(.text)
    DMA_GetCurrDataCounter                   0x08001caf   Thumb Code     8  stm32f4xx_dma.o(.text)
    DMA_DoubleBufferModeConfig               0x08001cb7   Thumb Code    24  stm32f4xx_dma.o(.text)
    DMA_DoubleBufferModeCmd                  0x08001ccf   Thumb Code    22  stm32f4xx_dma.o(.text)
    DMA_MemoryTargetConfig                   0x08001ce5   Thumb Code    10  stm32f4xx_dma.o(.text)
    DMA_GetCurrentMemoryTarget               0x08001cef   Thumb Code    20  stm32f4xx_dma.o(.text)
    DMA_GetCmdStatus                         0x08001d03   Thumb Code    20  stm32f4xx_dma.o(.text)
    DMA_GetFIFOStatus                        0x08001d17   Thumb Code    12  stm32f4xx_dma.o(.text)
    DMA_GetFlagStatus                        0x08001d23   Thumb Code    56  stm32f4xx_dma.o(.text)
    DMA_ClearFlag                            0x08001d5b   Thumb Code    40  stm32f4xx_dma.o(.text)
    DMA_ITConfig                             0x08001d83   Thumb Code    58  stm32f4xx_dma.o(.text)
    DMA_GetITStatus                          0x08001dbd   Thumb Code    84  stm32f4xx_dma.o(.text)
    DMA_ClearITPendingBit                    0x08001e11   Thumb Code    40  stm32f4xx_dma.o(.text)
    delay_osschedlock                        0x08001e59   Thumb Code    10  delay.o(.text)
    delay_osschedunlock                      0x08001e63   Thumb Code    10  delay.o(.text)
    delay_ostimedly                          0x08001e6d   Thumb Code    16  delay.o(.text)
    SysTick_Handler                          0x08001e7d   Thumb Code    24  delay.o(.text)
    delay_init                               0x08001e95   Thumb Code    94  delay.o(.text)
    delay_us                                 0x08001ef3   Thumb Code    84  delay.o(.text)
    delay_ms                                 0x08001f47   Thumb Code    66  delay.o(.text)
    _sys_exit                                0x08001fa1   Thumb Code     6  usart.o(.text)
    fputc                                    0x08001fa7   Thumb Code    22  usart.o(.text)
    uart_init                                0x08001fbd   Thumb Code   172  usart.o(.text)
    USART1_IRQHandler                        0x08002069   Thumb Code   130  usart.o(.text)
    BSP_CPU_ClkFreq                          0x080020fd   Thumb Code    14  bsp.o(.text)
    CPU_TS_TmrInit                           0x0800210b   Thumb Code    44  bsp.o(.text)
    CPU_TS_TmrRd                             0x08002137   Thumb Code     6  bsp.o(.text)
    CPU_TS32_to_uSec                         0x0800213d   Thumb Code    54  bsp.o(.text)
    CPU_NameClr                              0x08002181   Thumb Code    42  cpu_core.o(.text)
    CPU_Init                                 0x080021c1   Thumb Code    12  cpu_core.o(.text)
    CPU_SW_Exception                         0x080021cd   Thumb Code     4  cpu_core.o(.text)
    CPU_NameGet                              0x080021d1   Thumb Code    70  cpu_core.o(.text)
    CPU_NameSet                              0x08002217   Thumb Code    96  cpu_core.o(.text)
    CPU_TS_Get32                             0x08002277   Thumb Code    12  cpu_core.o(.text)
    CPU_TS_Update                            0x08002283   Thumb Code     2  cpu_core.o(.text)
    CPU_TS_TmrFreqGet                        0x08002285   Thumb Code    30  cpu_core.o(.text)
    CPU_TS_TmrFreqSet                        0x080022a3   Thumb Code     6  cpu_core.o(.text)
    CPU_CntLeadZeros08                       0x080022a9   Thumb Code    18  cpu_core.o(.text)
    CPU_CntLeadZeros16                       0x080022bb   Thumb Code    18  cpu_core.o(.text)
    CPU_CntLeadZeros32                       0x080022cd   Thumb Code    18  cpu_core.o(.text)
    CPU_CntLeadZeros64                       0x080022df   Thumb Code   192  cpu_core.o(.text)
    CPU_CntTrailZeros08                      0x0800239f   Thumb Code    22  cpu_core.o(.text)
    CPU_CntTrailZeros16                      0x080023b5   Thumb Code    22  cpu_core.o(.text)
    CPU_CntTrailZeros32                      0x080023cb   Thumb Code    22  cpu_core.o(.text)
    CPU_CntTrailZeros64                      0x080023e1   Thumb Code    62  cpu_core.o(.text)
    CPU_IntDis                               0x0800242d   Thumb Code     0  cpu_a.o(.text)
    CPU_IntEn                                0x08002431   Thumb Code     0  cpu_a.o(.text)
    CPU_SR_Save                              0x08002435   Thumb Code     0  cpu_a.o(.text)
    CPU_SR_Restore                           0x0800243d   Thumb Code     0  cpu_a.o(.text)
    CPU_WaitForInt                           0x08002443   Thumb Code     0  cpu_a.o(.text)
    CPU_WaitForExcept                        0x08002447   Thumb Code     0  cpu_a.o(.text)
    CPU_CntLeadZeros                         0x0800244b   Thumb Code     0  cpu_a.o(.text)
    CPU_CntTrailZeros                        0x08002451   Thumb Code     0  cpu_a.o(.text)
    CPU_RevBits                              0x0800245b   Thumb Code     0  cpu_a.o(.text)
    ASCII_IsAlpha                            0x08002461   Thumb Code    48  lib_ascii.o(.text)
    ASCII_IsAlphaNum                         0x08002491   Thumb Code    76  lib_ascii.o(.text)
    ASCII_IsLower                            0x080024dd   Thumb Code    20  lib_ascii.o(.text)
    ASCII_IsUpper                            0x080024f1   Thumb Code    20  lib_ascii.o(.text)
    ASCII_IsDig                              0x08002505   Thumb Code    20  lib_ascii.o(.text)
    ASCII_IsDigOct                           0x08002519   Thumb Code    20  lib_ascii.o(.text)
    ASCII_IsDigHex                           0x0800252d   Thumb Code    36  lib_ascii.o(.text)
    ASCII_IsBlank                            0x08002551   Thumb Code    20  lib_ascii.o(.text)
    ASCII_IsSpace                            0x08002565   Thumb Code    36  lib_ascii.o(.text)
    ASCII_IsPrint                            0x08002589   Thumb Code    20  lib_ascii.o(.text)
    ASCII_IsGraph                            0x0800259d   Thumb Code    20  lib_ascii.o(.text)
    ASCII_IsPunct                            0x080025b1   Thumb Code   134  lib_ascii.o(.text)
    ASCII_IsCtrl                             0x08002637   Thumb Code    26  lib_ascii.o(.text)
    ASCII_ToLower                            0x08002651   Thumb Code    32  lib_ascii.o(.text)
    ASCII_ToUpper                            0x08002671   Thumb Code    32  lib_ascii.o(.text)
    ASCII_Cmp                                0x08002691   Thumb Code    38  lib_ascii.o(.text)
    Mem_Init                                 0x080026b9   Thumb Code    54  lib_mem.o(.text)
    Mem_Set                                  0x080026ef   Thumb Code    84  lib_mem.o(.text)
    Mem_Clr                                  0x08002743   Thumb Code    18  lib_mem.o(.text)
    Mem_Move                                 0x08002755   Thumb Code   186  lib_mem.o(.text)
    Mem_Cmp                                  0x0800280f   Thumb Code   192  lib_mem.o(.text)
    Mem_HeapAlloc                            0x08002947   Thumb Code   168  lib_mem.o(.text)
    Mem_SegGetSizeRem                        0x080029ef   Thumb Code   108  lib_mem.o(.text)
    Mem_HeapGetSizeRem                       0x08002a5b   Thumb Code    22  lib_mem.o(.text)
    Mem_PoolClr                              0x08002a71   Thumb Code    80  lib_mem.o(.text)
    Mem_PoolCreate                           0x08002ac1   Thumb Code   838  lib_mem.o(.text)
    Mem_PoolBlkGetNbrAvail                   0x08002e07   Thumb Code    52  lib_mem.o(.text)
    Mem_PoolBlkGet                           0x08002e3b   Thumb Code   126  lib_mem.o(.text)
    Mem_PoolBlkGetUsedAtIx                   0x08002eb9   Thumb Code   140  lib_mem.o(.text)
    Mem_PoolBlkFree                          0x08002f45   Thumb Code   152  lib_mem.o(.text)
    Mem_PoolBlkIxGet                         0x08002fdd   Thumb Code   162  lib_mem.o(.text)
    Str_Len_N                                0x08003081   Thumb Code    28  lib_str.o(.text)
    Str_Len                                  0x0800309d   Thumb Code    20  lib_str.o(.text)
    Str_Copy_N                               0x080030b1   Thumb Code    70  lib_str.o(.text)
    Str_Copy                                 0x080030f7   Thumb Code    24  lib_str.o(.text)
    Str_Cat_N                                0x0800310f   Thumb Code    90  lib_str.o(.text)
    Str_Cat                                  0x08003169   Thumb Code    24  lib_str.o(.text)
    Str_Cmp_N                                0x08003181   Thumb Code   156  lib_str.o(.text)
    Str_Cmp                                  0x0800321d   Thumb Code    24  lib_str.o(.text)
    Str_CmpIgnoreCase_N                      0x08003235   Thumb Code   264  lib_str.o(.text)
    Str_CmpIgnoreCase                        0x0800333d   Thumb Code    24  lib_str.o(.text)
    Str_Char_N                               0x08003355   Thumb Code    74  lib_str.o(.text)
    Str_Char                                 0x0800339f   Thumb Code    24  lib_str.o(.text)
    Str_Char_Last_N                          0x080033b7   Thumb Code    76  lib_str.o(.text)
    Str_Char_Last                            0x08003403   Thumb Code    24  lib_str.o(.text)
    Str_Char_Replace_N                       0x0800341b   Thumb Code    52  lib_str.o(.text)
    Str_Char_Replace                         0x0800344f   Thumb Code    28  lib_str.o(.text)
    Str_Str_N                                0x0800346b   Thumb Code   182  lib_str.o(.text)
    Str_Str                                  0x08003521   Thumb Code    24  lib_str.o(.text)
    Str_FmtNbr_Int32U                        0x08003715   Thumb Code    46  lib_str.o(.text)
    Str_FmtNbr_Int32S                        0x08003743   Thumb Code    62  lib_str.o(.text)
    Str_ParseNbr_Int32U                      0x0800393f   Thumb Code    30  lib_str.o(.text)
    Str_ParseNbr_Int32S                      0x0800395d   Thumb Code    74  lib_str.o(.text)
    Mem_Copy                                 0x080039ad   Thumb Code     0  lib_mem_a.o(.text)
    OSCfg_Init                               0x08003bcd   Thumb Code    86  os_cfg_app.o(.text)
    OS_IdleTask                              0x08003cc9   Thumb Code    60  os_core.o(.text)
    OS_IdleTaskInit                          0x08003d05   Thumb Code    68  os_core.o(.text)
    OS_RdyListInit                           0x08003d49   Thumb Code    32  os_core.o(.text)
    OSInit                                   0x08003d69   Thumb Code   300  os_core.o(.text)
    OSIntEnter                               0x08003e95   Thumb Code    34  os_core.o(.text)
    OSIntExit                                0x08003eb7   Thumb Code   188  os_core.o(.text)
    OSSched                                  0x08003f73   Thumb Code   130  os_core.o(.text)
    OS_SchedLockTimeMeasStart                0x08003ff5   Thumb Code    20  os_core.o(.text)
    OSSchedLock                              0x08004009   Thumb Code   104  os_core.o(.text)
    OS_SchedLockTimeMeasStop                 0x08004071   Thumb Code    44  os_core.o(.text)
    OSSchedUnlock                            0x0800409d   Thumb Code   286  os_core.o(.text)
    OSSchedRoundRobinCfg                     0x080041bb   Thumb Code    88  os_core.o(.text)
    OS_RdyListMoveHeadToTail                 0x08004213   Thumb Code    68  os_core.o(.text)
    OSSchedRoundRobinYield                   0x08004257   Thumb Code   164  os_core.o(.text)
    OSStart                                  0x080042fb   Thumb Code    78  os_core.o(.text)
    OSVersion                                0x08004349   Thumb Code    12  os_core.o(.text)
    OS_PendDbgNameAdd                        0x08004355   Thumb Code    66  os_core.o(.text)
    OS_PendListInsertPrio                    0x08004397   Thumb Code   102  os_core.o(.text)
    OS_PendDataInit                          0x080043fd   Thumb Code    38  os_core.o(.text)
    OS_RdyListRemove                         0x08004423   Thumb Code    86  os_core.o(.text)
    OS_TaskBlock                             0x08004479   Thumb Code    56  os_core.o(.text)
    OS_Pend                                  0x080044b1   Thumb Code    98  os_core.o(.text)
    OS_PendListRemove1                       0x08004513   Thumb Code   136  os_core.o(.text)
    OS_PendListRemove                        0x0800459b   Thumb Code    48  os_core.o(.text)
    OS_PendAbort1                            0x080045cb   Thumb Code    36  os_core.o(.text)
    OS_RdyListInsertHead                     0x080045ef   Thumb Code    58  os_core.o(.text)
    OS_RdyListInsertTail                     0x08004629   Thumb Code    56  os_core.o(.text)
    OS_RdyListInsert                         0x08004661   Thumb Code    40  os_core.o(.text)
    OS_TaskRdy                               0x08004689   Thumb Code    28  os_core.o(.text)
    OS_PendAbort                             0x080046a5   Thumb Code   166  os_core.o(.text)
    OS_PendDbgNameRemove                     0x0800474b   Thumb Code    34  os_core.o(.text)
    OS_PendListChangePrio                    0x0800476d   Thumb Code    70  os_core.o(.text)
    OS_PendListInit                          0x080047b3   Thumb Code    10  os_core.o(.text)
    OS_PendListInsertHead                    0x080047bd   Thumb Code    32  os_core.o(.text)
    OS_PendObjDel1                           0x080047dd   Thumb Code    36  os_core.o(.text)
    OS_PendObjDel                            0x08004801   Thumb Code   162  os_core.o(.text)
    OS_Post1                                 0x080048a3   Thumb Code    42  os_core.o(.text)
    OS_Post                                  0x080048cd   Thumb Code   192  os_core.o(.text)
    OS_Sched0                                0x0800498d   Thumb Code    68  os_core.o(.text)
    OS_SchedRoundRobin                       0x080049d1   Thumb Code   218  os_core.o(.text)
    OS_Dbg_Init                              0x08004ab9   Thumb Code   146  os_dbg.o(.text)
    OS_FlagDbgListAdd                        0x08004c69   Thumb Code    38  os_flag.o(.text)
    OSFlagCreate                             0x08004c8f   Thumb Code   172  os_flag.o(.text)
    OS_FlagClr                               0x08004d3b   Thumb Code    28  os_flag.o(.text)
    OS_FlagDbgListRemove                     0x08004d57   Thumb Code    44  os_flag.o(.text)
    OSFlagDel                                0x08004d83   Thumb Code   594  os_flag.o(.text)
    OS_FlagBlock                             0x08004fd5   Thumb Code    58  os_flag.o(.text)
    OSFlagPend                               0x0800500f   Thumb Code  1488  os_flag.o(.text)
    OSFlagPendAbort                          0x080055df   Thumb Code   292  os_flag.o(.text)
    OSFlagPendGetFlagsRdy                    0x08005703   Thumb Code    68  os_flag.o(.text)
    OS_FlagTaskRdy                           0x08005747   Thumb Code    86  os_flag.o(.text)
    OS_FlagPost                              0x0800579d   Thumb Code   570  os_flag.o(.text)
    OSFlagPost                               0x080059d7   Thumb Code   146  os_flag.o(.text)
    OS_FlagInit                              0x08005a69   Thumb Code    14  os_flag.o(.text)
    OS_IntQPost                              0x08005a91   Thumb Code   216  os_int.o(.text)
    OS_IntQRePost                            0x08005b69   Thumb Code   360  os_int.o(.text)
    OS_IntQTask                              0x08005cd1   Thumb Code   162  os_int.o(.text)
    OS_IntQTaskInit                          0x08005d73   Thumb Code   208  os_int.o(.text)
    OS_MemDbgListAdd                         0x08005ed5   Thumb Code    34  os_mem.o(.text)
    OSMemCreate                              0x08005ef7   Thumb Code   288  os_mem.o(.text)
    OSMemGet                                 0x08006017   Thumb Code   100  os_mem.o(.text)
    OSMemPut                                 0x0800607b   Thumb Code   112  os_mem.o(.text)
    OS_MemInit                               0x080060eb   Thumb Code    14  os_mem.o(.text)
    OS_MsgPoolCreate                         0x0800610d   Thumb Code    54  os_msg.o(.text)
    OS_MsgPoolInit                           0x08006143   Thumb Code    70  os_msg.o(.text)
    OS_MsgQFreeAll                           0x08006189   Thumb Code    62  os_msg.o(.text)
    OS_MsgQInit                              0x080061c7   Thumb Code    14  os_msg.o(.text)
    OS_MsgQGet                               0x080061d5   Thumb Code    98  os_msg.o(.text)
    OS_MsgQPut                               0x08006237   Thumb Code   246  os_msg.o(.text)
    OS_MutexDbgListAdd                       0x08006339   Thumb Code    38  os_mutex.o(.text)
    OSMutexCreate                            0x0800635f   Thumb Code   178  os_mutex.o(.text)
    OS_MutexClr                              0x08006411   Thumb Code    38  os_mutex.o(.text)
    OS_MutexDbgListRemove                    0x08006437   Thumb Code    44  os_mutex.o(.text)
    OSMutexDel                               0x08006463   Thumb Code   842  os_mutex.o(.text)
    OSMutexPend                              0x080067ad   Thumb Code   706  os_mutex.o(.text)
    OSMutexPendAbort                         0x08006a6f   Thumb Code   314  os_mutex.o(.text)
    OSMutexPost                              0x08006ba9   Thumb Code   564  os_mutex.o(.text)
    OS_MutexInit                             0x08006ddd   Thumb Code    14  os_mutex.o(.text)
    OS_PrioInit                              0x08006e0d   Thumb Code    20  os_prio.o(.text)
    OS_PrioGetHighest                        0x08006e21   Thumb Code    36  os_prio.o(.text)
    OS_PrioInsert                            0x08006e45   Thumb Code    32  os_prio.o(.text)
    OS_PrioRemove                            0x08006e65   Thumb Code    32  os_prio.o(.text)
    OS_QDbgListAdd                           0x08006e89   Thumb Code    38  os_q.o(.text)
    OSQCreate                                0x08006eaf   Thumb Code   186  os_q.o(.text)
    OS_QClr                                  0x08006f69   Thumb Code    40  os_q.o(.text)
    OS_QDbgListRemove                        0x08006f91   Thumb Code    44  os_q.o(.text)
    OSQDel                                   0x08006fbd   Thumb Code   362  os_q.o(.text)
    OSQFlush                                 0x08007127   Thumb Code   210  os_q.o(.text)
    OSQPend                                  0x080071f9   Thumb Code   538  os_q.o(.text)
    OSQPendAbort                             0x08007413   Thumb Code   292  os_q.o(.text)
    OS_QPost                                 0x08007537   Thumb Code   324  os_q.o(.text)
    OSQPost                                  0x0800767b   Thumb Code   198  os_q.o(.text)
    OS_QInit                                 0x08007741   Thumb Code    14  os_q.o(.text)
    OS_SemDbgListAdd                         0x08007761   Thumb Code    38  os_sem.o(.text)
    OSSemCreate                              0x08007787   Thumb Code   172  os_sem.o(.text)
    OS_SemClr                                0x08007833   Thumb Code    28  os_sem.o(.text)
    OS_SemDbgListRemove                      0x0800784f   Thumb Code    44  os_sem.o(.text)
    OSSemDel                                 0x0800787b   Thumb Code   362  os_sem.o(.text)
    OSSemPend                                0x080079e5   Thumb Code   504  os_sem.o(.text)
    OSSemPendAbort                           0x08007bdd   Thumb Code   292  os_sem.o(.text)
    OS_SemPost                               0x08007d01   Thumb Code   350  os_sem.o(.text)
    OSSemPost                                0x08007e5f   Thumb Code   144  os_sem.o(.text)
    OSSemSet                                 0x08007eef   Thumb Code   138  os_sem.o(.text)
    OS_SemInit                               0x08007f79   Thumb Code    14  os_sem.o(.text)
    OSStatReset                              0x08007f91   Thumb Code   270  os_stat.o(.text)
    OSStatTaskCPUUsageInit                   0x0800809f   Thumb Code   212  os_stat.o(.text)
    OS_StatTask                              0x08008173   Thumb Code   888  os_stat.o(.text)
    OS_StatTaskInit                          0x080084eb   Thumb Code   138  os_stat.o(.text)
    OSTaskChangePrio                         0x080085c9   Thumb Code   416  os_task.o(.text)
    OS_TaskDbgListAdd                        0x08008769   Thumb Code    42  os_task.o(.text)
    OS_TaskInitTCB                           0x08008793   Thumb Code   186  os_task.o(.text)
    OSTaskCreate                             0x0800884d   Thumb Code   616  os_task.o(.text)
    OS_TaskDbgListRemove                     0x08008ab5   Thumb Code    64  os_task.o(.text)
    OSTaskDel                                0x08008af5   Thumb Code   424  os_task.o(.text)
    OSTaskQFlush                             0x08008c9d   Thumb Code   214  os_task.o(.text)
    OSTaskQPend                              0x08008d73   Thumb Code   554  os_task.o(.text)
    OSTaskQPendAbort                         0x08008f9d   Thumb Code   242  os_task.o(.text)
    OS_TaskQPost                             0x0800908f   Thumb Code   526  os_task.o(.text)
    OSTaskQPost                              0x0800929d   Thumb Code   114  os_task.o(.text)
    OSTaskRegGet                             0x0800930f   Thumb Code    78  os_task.o(.text)
    OSTaskRegGetID                           0x0800935d   Thumb Code    84  os_task.o(.text)
    OSTaskRegSet                             0x080093b1   Thumb Code    78  os_task.o(.text)
    OS_TaskResume                            0x080093ff   Thumb Code   314  os_task.o(.text)
    OSTaskResume                             0x08009539   Thumb Code   112  os_task.o(.text)
    OSTaskSemPend                            0x080095a9   Thumb Code   550  os_task.o(.text)
    OSTaskSemPendAbort                       0x080097cf   Thumb Code   270  os_task.o(.text)
    OS_TaskSemPost                           0x080098dd   Thumb Code  1224  os_task.o(.text)
    OSTaskSemPost                            0x08009da5   Thumb Code    98  os_task.o(.text)
    OSTaskSemSet                             0x08009e07   Thumb Code    80  os_task.o(.text)
    OSTaskStkChk                             0x08009e57   Thumb Code   224  os_task.o(.text)
    OS_TaskSuspend                           0x08009f37   Thumb Code   328  os_task.o(.text)
    OSTaskSuspend                            0x0800a07f   Thumb Code    78  os_task.o(.text)
    OSTaskTimeQuantaSet                      0x0800a0cd   Thumb Code    96  os_task.o(.text)
    OS_TaskInit                              0x0800a12d   Thumb Code    18  os_task.o(.text)
    OS_TaskReturn                            0x0800a13f   Thumb Code    20  os_task.o(.text)
    OS_TickListRemove                        0x0800a17d   Thumb Code    56  os_tick.o(.text)
    OS_TickListUpdate                        0x0800a1b5   Thumb Code   480  os_tick.o(.text)
    OS_TickTask                              0x0800a395   Thumb Code    38  os_tick.o(.text)
    OS_TickListInit                          0x0800a3bb   Thumb Code    32  os_tick.o(.text)
    OS_TickTaskInit                          0x0800a3db   Thumb Code   130  os_tick.o(.text)
    OS_TickListInsert                        0x0800a45d   Thumb Code   502  os_tick.o(.text)
    OS_TickListResetPeak                     0x0800a653   Thumb Code    28  os_tick.o(.text)
    OSTimeDly                                0x0800a679   Thumb Code   266  os_time.o(.text)
    OSTimeDlyHMSM                            0x0800a783   Thumb Code   480  os_time.o(.text)
    OSTimeDlyResume                          0x0800a963   Thumb Code   466  os_time.o(.text)
    OSTimeGet                                0x0800ab35   Thumb Code    46  os_time.o(.text)
    OSTimeSet                                0x0800ab63   Thumb Code    46  os_time.o(.text)
    OSTimeTick                               0x0800ab91   Thumb Code    54  os_time.o(.text)
    OS_TmrDbgListAdd                         0x0800abdd   Thumb Code    34  os_tmr.o(.text)
    OSTmrCreate                              0x0800abff   Thumb Code   248  os_tmr.o(.text)
    OS_TmrClr                                0x0800acf7   Thumb Code    36  os_tmr.o(.text)
    OS_TmrUnlink                             0x0800ad1b   Thumb Code    72  os_tmr.o(.text)
    OS_TmrDbgListRemove                      0x0800ad63   Thumb Code    44  os_tmr.o(.text)
    OSTmrDel                                 0x0800ad8f   Thumb Code   176  os_tmr.o(.text)
    OSTmrRemainGet                           0x0800ae3f   Thumb Code   184  os_tmr.o(.text)
    OS_TmrLink                               0x0800aef7   Thumb Code   196  os_tmr.o(.text)
    OSTmrStart                               0x0800afbb   Thumb Code   210  os_tmr.o(.text)
    OSTmrStateGet                            0x0800b08d   Thumb Code   134  os_tmr.o(.text)
    OSTmrStop                                0x0800b113   Thumb Code   232  os_tmr.o(.text)
    OS_TmrTask                               0x0800b1fb   Thumb Code   176  os_tmr.o(.text)
    OS_TmrInit                               0x0800b2ab   Thumb Code   208  os_tmr.o(.text)
    OS_TmrResetPeak                          0x0800b37b   Thumb Code    28  os_tmr.o(.text)
    OSIdleTaskHook                           0x0800b3f5   Thumb Code    16  os_cpu_c.o(.text)
    OSInitHook                               0x0800b405   Thumb Code    28  os_cpu_c.o(.text)
    OSStatTaskHook                           0x0800b421   Thumb Code    16  os_cpu_c.o(.text)
    OSTaskCreateHook                         0x0800b431   Thumb Code    20  os_cpu_c.o(.text)
    OSTaskDelHook                            0x0800b445   Thumb Code    20  os_cpu_c.o(.text)
    OSTaskReturnHook                         0x0800b459   Thumb Code    20  os_cpu_c.o(.text)
    OSTaskStkInit                            0x0800b46d   Thumb Code   600  os_cpu_c.o(.text)
    OSTaskSwHook                             0x0800b6c5   Thumb Code   120  os_cpu_c.o(.text)
    OSTimeTickHook                           0x0800b73d   Thumb Code    16  os_cpu_c.o(.text)
    OS_CPU_SysTickHandler                    0x0800b74d   Thumb Code    52  os_cpu_c.o(.text)
    OS_CPU_SysTickInit                       0x0800b781   Thumb Code    44  os_cpu_c.o(.text)
    __use_no_semihosting                     0x0800b7ed   Thumb Code     2  use_no_semi_2.o(.text)
    __aeabi_uldivmod                         0x0800b7ef   Thumb Code     0  lludivv7m.o(.text)
    _ll_udiv                                 0x0800b7ef   Thumb Code   238  lludivv7m.o(.text)
    __2printf                                0x0800b8dd   Thumb Code    20  noretval__2printf.o(.text)
    __printf                                 0x0800b8f5   Thumb Code   270  __printf_wp.o(.text)
    __aeabi_memcpy                           0x0800ba03   Thumb Code     0  rt_memcpy_v6.o(.text)
    __rt_memcpy                              0x0800ba03   Thumb Code   138  rt_memcpy_v6.o(.text)
    _memcpy_lastbytes                        0x0800ba69   Thumb Code     0  rt_memcpy_v6.o(.text)
    __use_two_region_memory                  0x0800ba8d   Thumb Code     2  heapauxi.o(.text)
    __rt_heap_escrow$2region                 0x0800ba8f   Thumb Code     2  heapauxi.o(.text)
    __rt_heap_expand$2region                 0x0800ba91   Thumb Code     2  heapauxi.o(.text)
    __I$use$semihosting                      0x0800ba93   Thumb Code     0  use_no_semi.o(.text)
    __use_no_semihosting_swi                 0x0800ba93   Thumb Code     2  use_no_semi.o(.text)
    __lib_sel_fp_printf                      0x0800ba95   Thumb Code     2  _printf_fp_dec.o(.text)
    _printf_fp_dec_real                      0x0800bc43   Thumb Code   616  _printf_fp_dec.o(.text)
    _printf_char_file                        0x0800bead   Thumb Code    32  _printf_char_file.o(.text)
    __aeabi_memcpy4                          0x0800bed1   Thumb Code     0  rt_memcpy_w.o(.text)
    __aeabi_memcpy8                          0x0800bed1   Thumb Code     0  rt_memcpy_w.o(.text)
    __rt_memcpy_w                            0x0800bed1   Thumb Code   100  rt_memcpy_w.o(.text)
    _memcpy_lastbytes_aligned                0x0800bf19   Thumb Code     0  rt_memcpy_w.o(.text)
    __rt_locale                              0x0800bf35   Thumb Code     8  rt_locale_intlibspace.o(.text)
    _ll_udiv10                               0x0800bf3d   Thumb Code   138  lludiv10.o(.text)
    _printf_char_common                      0x0800bfd3   Thumb Code    32  _printf_char_common.o(.text)
    _printf_fp_infnan                        0x0800bff9   Thumb Code   112  _printf_fp_infnan.o(.text)
    _btod_etento                             0x0800c079   Thumb Code   212  bigflt0.o(.text)
    ferror                                   0x0800c151   Thumb Code     8  ferror.o(.text)
    __user_libspace                          0x0800c159   Thumb Code     8  libspace.o(.text)
    __user_perproc_libspace                  0x0800c159   Thumb Code     0  libspace.o(.text)
    __user_perthread_libspace                0x0800c159   Thumb Code     0  libspace.o(.text)
    __user_setup_stackheap                   0x0800c161   Thumb Code    74  sys_stackheap_outer.o(.text)
    exit                                     0x0800c1ab   Thumb Code    12  exit.o(.text)
    strcmp                                   0x0800c1b9   Thumb Code   128  strcmpv7m.o(.text)
    _btod_d2e                                0x0800c239   Thumb Code    62  btod.o(CL$$btod_d2e)
    _d2e_denorm_low                          0x0800c277   Thumb Code    70  btod.o(CL$$btod_d2e_denorm_low)
    _d2e_norm_op1                            0x0800c2bd   Thumb Code    96  btod.o(CL$$btod_d2e_norm_op1)
    __btod_div_common                        0x0800c31d   Thumb Code   696  btod.o(CL$$btod_div_common)
    _e2e                                     0x0800c655   Thumb Code   198  btod.o(CL$$btod_e2e)
    _btod_ediv                               0x0800c71b   Thumb Code    40  btod.o(CL$$btod_ediv)
    _btod_emul                               0x0800c743   Thumb Code    40  btod.o(CL$$btod_emul)
    __btod_mult_common                       0x0800c76b   Thumb Code   580  btod.o(CL$$btod_mult_common)
    OSStartHighRdy                           0x0800c9b1   Thumb Code     0  os_cpu_a.o(CODE)
    OSCtxSw                                  0x0800c9d3   Thumb Code     0  os_cpu_a.o(CODE)
    OSIntCtxSw                               0x0800c9dd   Thumb Code     0  os_cpu_a.o(CODE)
    PendSV_Handler                           0x0800c9e7   Thumb Code     0  os_cpu_a.o(CODE)
    __ARM_fpclassify                         0x0800ca5d   Thumb Code    48  fpclassify.o(i.__ARM_fpclassify)
    _is_digit                                0x0800ca8d   Thumb Code    14  __printf_wp.o(i._is_digit)
    _get_lc_numeric                          0x0800ca9d   Thumb Code    44  lc_numeric_c.o(locale$$code)
    __fpl_dretinf                            0x0800cac9   Thumb Code    12  dretinf.o(x$fpl$dretinf)
    __aeabi_f2d                              0x0800cad5   Thumb Code     0  f2d.o(x$fpl$f2d)
    _f2d                                     0x0800cad5   Thumb Code    86  f2d.o(x$fpl$f2d)
    __fpl_fnaninf                            0x0800cb2b   Thumb Code   140  fnaninf.o(x$fpl$fnaninf)
    _fp_init                                 0x0800cbb7   Thumb Code    10  fpinit.o(x$fpl$fpinit)
    __fplib_config_fpu_vfp                   0x0800cbbf   Thumb Code     0  fpinit.o(x$fpl$fpinit)
    __fplib_config_pureend_doubles           0x0800cbbf   Thumb Code     0  fpinit.o(x$fpl$fpinit)
    _printf_fp_dec                           0x0800cbc1   Thumb Code     4  printf1.o(x$fpl$printf1)
    __I$use$fp                               0x0800cbc4   Number         0  usenofp.o(x$fpl$usenofp)
    CPU_EndiannessTest                       0x0800ccc4   Data           4  cpu_core.o(.constdata)
    OSCfg_IdleTaskStkBasePtr                 0x0800cd5c   Data           4  os_cfg_app.o(.constdata)
    OSCfg_IdleTaskStkLimit                   0x0800cd60   Data           4  os_cfg_app.o(.constdata)
    OSCfg_IdleTaskStkSize                    0x0800cd64   Data           4  os_cfg_app.o(.constdata)
    OSCfg_IdleTaskStkSizeRAM                 0x0800cd68   Data           4  os_cfg_app.o(.constdata)
    OSCfg_IntQBasePtr                        0x0800cd6c   Data           4  os_cfg_app.o(.constdata)
    OSCfg_IntQSize                           0x0800cd70   Data           2  os_cfg_app.o(.constdata)
    OSCfg_IntQSizeRAM                        0x0800cd74   Data           4  os_cfg_app.o(.constdata)
    OSCfg_IntQTaskStkBasePtr                 0x0800cd78   Data           4  os_cfg_app.o(.constdata)
    OSCfg_IntQTaskStkLimit                   0x0800cd7c   Data           4  os_cfg_app.o(.constdata)
    OSCfg_IntQTaskStkSize                    0x0800cd80   Data           4  os_cfg_app.o(.constdata)
    OSCfg_IntQTaskStkSizeRAM                 0x0800cd84   Data           4  os_cfg_app.o(.constdata)
    OSCfg_ISRStkBasePtr                      0x0800cd88   Data           4  os_cfg_app.o(.constdata)
    OSCfg_ISRStkSize                         0x0800cd8c   Data           4  os_cfg_app.o(.constdata)
    OSCfg_ISRStkSizeRAM                      0x0800cd90   Data           4  os_cfg_app.o(.constdata)
    OSCfg_MsgPoolSize                        0x0800cd94   Data           2  os_cfg_app.o(.constdata)
    OSCfg_MsgPoolSizeRAM                     0x0800cd98   Data           4  os_cfg_app.o(.constdata)
    OSCfg_MsgPoolBasePtr                     0x0800cd9c   Data           4  os_cfg_app.o(.constdata)
    OSCfg_StatTaskPrio                       0x0800cda0   Data           1  os_cfg_app.o(.constdata)
    OSCfg_StatTaskRate_Hz                    0x0800cda4   Data           4  os_cfg_app.o(.constdata)
    OSCfg_StatTaskStkBasePtr                 0x0800cda8   Data           4  os_cfg_app.o(.constdata)
    OSCfg_StatTaskStkLimit                   0x0800cdac   Data           4  os_cfg_app.o(.constdata)
    OSCfg_StatTaskStkSize                    0x0800cdb0   Data           4  os_cfg_app.o(.constdata)
    OSCfg_StatTaskStkSizeRAM                 0x0800cdb4   Data           4  os_cfg_app.o(.constdata)
    OSCfg_StkSizeMin                         0x0800cdb8   Data           4  os_cfg_app.o(.constdata)
    OSCfg_TickRate_Hz                        0x0800cdbc   Data           4  os_cfg_app.o(.constdata)
    OSCfg_TickTaskPrio                       0x0800cdc0   Data           1  os_cfg_app.o(.constdata)
    OSCfg_TickTaskStkBasePtr                 0x0800cdc4   Data           4  os_cfg_app.o(.constdata)
    OSCfg_TickTaskStkLimit                   0x0800cdc8   Data           4  os_cfg_app.o(.constdata)
    OSCfg_TickTaskStkSize                    0x0800cdcc   Data           4  os_cfg_app.o(.constdata)
    OSCfg_TickTaskStkSizeRAM                 0x0800cdd0   Data           4  os_cfg_app.o(.constdata)
    OSCfg_TickWheelSize                      0x0800cdd4   Data           2  os_cfg_app.o(.constdata)
    OSCfg_TickWheelSizeRAM                   0x0800cdd8   Data           4  os_cfg_app.o(.constdata)
    OSCfg_TmrTaskPrio                        0x0800cddc   Data           1  os_cfg_app.o(.constdata)
    OSCfg_TmrTaskRate_Hz                     0x0800cde0   Data           4  os_cfg_app.o(.constdata)
    OSCfg_TmrTaskStkBasePtr                  0x0800cde4   Data           4  os_cfg_app.o(.constdata)
    OSCfg_TmrTaskStkLimit                    0x0800cde8   Data           4  os_cfg_app.o(.constdata)
    OSCfg_TmrTaskStkSize                     0x0800cdec   Data           4  os_cfg_app.o(.constdata)
    OSCfg_TmrTaskStkSizeRAM                  0x0800cdf0   Data           4  os_cfg_app.o(.constdata)
    OSCfg_TmrWheelSize                       0x0800cdf4   Data           2  os_cfg_app.o(.constdata)
    OSCfg_TmrWheelSizeRAM                    0x0800cdf8   Data           4  os_cfg_app.o(.constdata)
    OSCfg_DataSizeRAM                        0x0800cdfc   Data           4  os_cfg_app.o(.constdata)
    OSDbg_DbgEn                              0x0800ce00   Data           2  os_dbg.o(.constdata)
    OSDbg_ArgChkEn                           0x0800ce02   Data           1  os_dbg.o(.constdata)
    OSDbg_AppHooksEn                         0x0800ce03   Data           1  os_dbg.o(.constdata)
    OSDbg_EndiannessTest                     0x0800ce04   Data           4  os_dbg.o(.constdata)
    OSDbg_CalledFromISRChkEn                 0x0800ce08   Data           1  os_dbg.o(.constdata)
    OSDbg_FlagEn                             0x0800ce09   Data           1  os_dbg.o(.constdata)
    OSDbg_FlagGrp                            0x0800ce0c   Data          40  os_dbg.o(.constdata)
    OSDbg_FlagDelEn                          0x0800ce34   Data           1  os_dbg.o(.constdata)
    OSDbg_FlagModeClrEn                      0x0800ce35   Data           1  os_dbg.o(.constdata)
    OSDbg_FlagPendAbortEn                    0x0800ce36   Data           1  os_dbg.o(.constdata)
    OSDbg_FlagGrpSize                        0x0800ce38   Data           2  os_dbg.o(.constdata)
    OSDbg_FlagWidth                          0x0800ce3a   Data           2  os_dbg.o(.constdata)
    OSDbg_IntQ                               0x0800ce3c   Data           2  os_dbg.o(.constdata)
    OSDbg_ISRPostDeferredEn                  0x0800ce3e   Data           1  os_dbg.o(.constdata)
    OSDbg_Mem                                0x0800ce40   Data          32  os_dbg.o(.constdata)
    OSDbg_MemEn                              0x0800ce60   Data           1  os_dbg.o(.constdata)
    OSDbg_MemSize                            0x0800ce62   Data           2  os_dbg.o(.constdata)
    OSDbg_MsgEn                              0x0800ce64   Data           1  os_dbg.o(.constdata)
    OSDbg_MsgSize                            0x0800ce66   Data           2  os_dbg.o(.constdata)
    OSDbg_MsgPoolSize                        0x0800ce68   Data           2  os_dbg.o(.constdata)
    OSDbg_MsgQSize                           0x0800ce6a   Data           2  os_dbg.o(.constdata)
    OSDbg_Mutex                              0x0800ce6c   Data          44  os_dbg.o(.constdata)
    OSDbg_MutexEn                            0x0800ce98   Data           1  os_dbg.o(.constdata)
    OSDbg_MutexDelEn                         0x0800ce99   Data           1  os_dbg.o(.constdata)
    OSDbg_MutexPendAbortEn                   0x0800ce9a   Data           1  os_dbg.o(.constdata)
    OSDbg_MutexSize                          0x0800ce9c   Data           2  os_dbg.o(.constdata)
    OSDbg_ObjTypeChkEn                       0x0800ce9e   Data           1  os_dbg.o(.constdata)
    OSDbg_PendMultiEn                        0x0800ce9f   Data           1  os_dbg.o(.constdata)
    OSDbg_PendDataSize                       0x0800cea0   Data           2  os_dbg.o(.constdata)
    OSDbg_PendListSize                       0x0800cea2   Data           2  os_dbg.o(.constdata)
    OSDbg_PendObjSize                        0x0800cea4   Data           2  os_dbg.o(.constdata)
    OSDbg_PrioMax                            0x0800cea6   Data           2  os_dbg.o(.constdata)
    OSDbg_PrioTblSize                        0x0800cea8   Data           2  os_dbg.o(.constdata)
    OSDbg_PtrSize                            0x0800ceaa   Data           2  os_dbg.o(.constdata)
    OSDbg_Q                                  0x0800ceac   Data          48  os_dbg.o(.constdata)
    OSDbg_QEn                                0x0800cedc   Data           1  os_dbg.o(.constdata)
    OSDbg_QDelEn                             0x0800cedd   Data           1  os_dbg.o(.constdata)
    OSDbg_QFlushEn                           0x0800cede   Data           1  os_dbg.o(.constdata)
    OSDbg_QPendAbortEn                       0x0800cedf   Data           1  os_dbg.o(.constdata)
    OSDbg_QSize                              0x0800cee0   Data           2  os_dbg.o(.constdata)
    OSDbg_SchedRoundRobinEn                  0x0800cee2   Data           1  os_dbg.o(.constdata)
    OSDbg_Sem                                0x0800cee4   Data          40  os_dbg.o(.constdata)
    OSDbg_SemEn                              0x0800cf0c   Data           1  os_dbg.o(.constdata)
    OSDbg_SemDelEn                           0x0800cf0d   Data           1  os_dbg.o(.constdata)
    OSDbg_SemPendAbortEn                     0x0800cf0e   Data           1  os_dbg.o(.constdata)
    OSDbg_SemSetEn                           0x0800cf0f   Data           1  os_dbg.o(.constdata)
    OSDbg_SemSize                            0x0800cf10   Data           2  os_dbg.o(.constdata)
    OSDbg_RdyList                            0x0800cf12   Data           2  os_dbg.o(.constdata)
    OSDbg_RdyListSize                        0x0800cf14   Data           4  os_dbg.o(.constdata)
    OSDbg_StkWidth                           0x0800cf18   Data           1  os_dbg.o(.constdata)
    OSDbg_StatTaskEn                         0x0800cf19   Data           1  os_dbg.o(.constdata)
    OSDbg_StatTaskStkChkEn                   0x0800cf1a   Data           1  os_dbg.o(.constdata)
    OSDbg_TaskChangePrioEn                   0x0800cf1b   Data           1  os_dbg.o(.constdata)
    OSDbg_TaskDelEn                          0x0800cf1c   Data           1  os_dbg.o(.constdata)
    OSDbg_TaskQEn                            0x0800cf1d   Data           1  os_dbg.o(.constdata)
    OSDbg_TaskQPendAbortEn                   0x0800cf1e   Data           1  os_dbg.o(.constdata)
    OSDbg_TaskProfileEn                      0x0800cf1f   Data           1  os_dbg.o(.constdata)
    OSDbg_TaskRegTblSize                     0x0800cf20   Data           2  os_dbg.o(.constdata)
    OSDbg_TaskSemPendAbortEn                 0x0800cf22   Data           1  os_dbg.o(.constdata)
    OSDbg_TaskSuspendEn                      0x0800cf23   Data           1  os_dbg.o(.constdata)
    OSDbg_TCBSize                            0x0800cf24   Data           2  os_dbg.o(.constdata)
    OSDbg_TickSpokeSize                      0x0800cf26   Data           2  os_dbg.o(.constdata)
    OSDbg_TimeDlyHMSMEn                      0x0800cf28   Data           1  os_dbg.o(.constdata)
    OSDbg_TimeDlyResumeEn                    0x0800cf29   Data           1  os_dbg.o(.constdata)
    OSDbg_TLS_TblSize                        0x0800cf2a   Data           2  os_dbg.o(.constdata)
    OSDbg_Tmr                                0x0800cf2c   Data          52  os_dbg.o(.constdata)
    OSDbg_TmrEn                              0x0800cf60   Data           1  os_dbg.o(.constdata)
    OSDbg_TmrDelEn                           0x0800cf61   Data           1  os_dbg.o(.constdata)
    OSDbg_TmrSize                            0x0800cf62   Data           2  os_dbg.o(.constdata)
    OSDbg_TmrSpokeSize                       0x0800cf64   Data           2  os_dbg.o(.constdata)
    OSDbg_VersionNbr                         0x0800cf66   Data           2  os_dbg.o(.constdata)
    OSDbg_DataSize                           0x0800cf68   Data           4  os_dbg.o(.constdata)
    Region$$Table$$Base                      0x0800d000   Number         0  anon$$obj.o(Region$$Table)
    Region$$Table$$Limit                     0x0800d020   Number         0  anon$$obj.o(Region$$Table)
    SystemCoreClock                          0x20000004   Data           4  system_stm32f4xx.o(.data)
    AHBPrescTable                            0x20000008   Data          16  system_stm32f4xx.o(.data)
    __stdout                                 0x2000002c   Data           4  usart.o(.data)
    USART_RX_STA                             0x20000030   Data           2  usart.o(.data)
    CPU_TS_TmrFreq_Hz                        0x20000034   Data           4  cpu_core.o(.data)
    Mem_PoolTbl                              0x20000038   Data           4  lib_mem.o(.data)
    OSPrioTbl                                0x2000003c   Data           8  os_prio.o(.data)
    OS_AppTaskCreateHookPtr                  0x20000044   Data           4  os_var.o(.data)
    OS_AppTaskDelHookPtr                     0x20000048   Data           4  os_var.o(.data)
    OS_AppTaskReturnHookPtr                  0x2000004c   Data           4  os_var.o(.data)
    OS_AppIdleTaskHookPtr                    0x20000050   Data           4  os_var.o(.data)
    OS_AppStatTaskHookPtr                    0x20000054   Data           4  os_var.o(.data)
    OS_AppTaskSwHookPtr                      0x20000058   Data           4  os_var.o(.data)
    OS_AppTimeTickHookPtr                    0x2000005c   Data           4  os_var.o(.data)
    OSIdleTaskCtr                            0x20000060   Data           4  os_var.o(.data)
    OSIntNestingCtr                          0x20000064   Data           1  os_var.o(.data)
    OSRunning                                0x20000065   Data           1  os_var.o(.data)
    OSIntQInPtr                              0x20000068   Data           4  os_var.o(.data)
    OSIntQOutPtr                             0x2000006c   Data           4  os_var.o(.data)
    OSIntQNbrEntries                         0x20000070   Data           2  os_var.o(.data)
    OSIntQNbrEntriesMax                      0x20000072   Data           2  os_var.o(.data)
    OSIntQOvfCtr                             0x20000074   Data           2  os_var.o(.data)
    OSIntQTaskTimeMax                        0x20000078   Data           4  os_var.o(.data)
    OSFlagDbgListPtr                         0x2000007c   Data           4  os_var.o(.data)
    OSFlagQty                                0x20000080   Data           2  os_var.o(.data)
    OSMemDbgListPtr                          0x20000084   Data           4  os_var.o(.data)
    OSMemQty                                 0x20000088   Data           2  os_var.o(.data)
    OSMutexDbgListPtr                        0x2000008c   Data           4  os_var.o(.data)
    OSMutexQty                               0x20000090   Data           2  os_var.o(.data)
    OSPrioCur                                0x20000092   Data           1  os_var.o(.data)
    OSPrioHighRdy                            0x20000093   Data           1  os_var.o(.data)
    OSPrioSaved                              0x20000094   Data           1  os_var.o(.data)
    OSQDbgListPtr                            0x20000098   Data           4  os_var.o(.data)
    OSQQty                                   0x2000009c   Data           2  os_var.o(.data)
    OSSchedLockTimeBegin                     0x200000a0   Data           4  os_var.o(.data)
    OSSchedLockTimeMax                       0x200000a4   Data           4  os_var.o(.data)
    OSSchedLockTimeMaxCur                    0x200000a8   Data           4  os_var.o(.data)
    OSSchedLockNestingCtr                    0x200000ac   Data           1  os_var.o(.data)
    OSSchedRoundRobinDfltTimeQuanta          0x200000b0   Data           4  os_var.o(.data)
    OSSchedRoundRobinEn                      0x200000b4   Data           1  os_var.o(.data)
    OSSemDbgListPtr                          0x200000b8   Data           4  os_var.o(.data)
    OSSemQty                                 0x200000bc   Data           2  os_var.o(.data)
    OSStatResetFlag                          0x200000be   Data           1  os_var.o(.data)
    OSStatTaskCPUUsage                       0x200000c0   Data           2  os_var.o(.data)
    OSStatTaskCPUUsageMax                    0x200000c2   Data           2  os_var.o(.data)
    OSStatTaskCtr                            0x200000c4   Data           4  os_var.o(.data)
    OSStatTaskCtrMax                         0x200000c8   Data           4  os_var.o(.data)
    OSStatTaskCtrRun                         0x200000cc   Data           4  os_var.o(.data)
    OSStatTaskRdy                            0x200000d0   Data           1  os_var.o(.data)
    OSStatTaskTimeMax                        0x200000d4   Data           4  os_var.o(.data)
    OSTaskCtxSwCtr                           0x200000d8   Data           4  os_var.o(.data)
    OSTaskDbgListPtr                         0x200000dc   Data           4  os_var.o(.data)
    OSTaskQty                                0x200000e0   Data           2  os_var.o(.data)
    OSTaskRegNextAvailID                     0x200000e2   Data           1  os_var.o(.data)
    OSTickCtr                                0x200000e4   Data           4  os_var.o(.data)
    OSTickTaskTimeMax                        0x200000e8   Data           4  os_var.o(.data)
    OSTmrDbgListPtr                          0x200000ec   Data           4  os_var.o(.data)
    OSTmrQty                                 0x200000f0   Data           2  os_var.o(.data)
    OSTmrTaskTimeMax                         0x200000f4   Data           4  os_var.o(.data)
    OSTmrTickCtr                             0x200000f8   Data           4  os_var.o(.data)
    OSTmrUpdateCnt                           0x200000fc   Data           4  os_var.o(.data)
    OSTmrUpdateCtr                           0x20000100   Data           4  os_var.o(.data)
    OSTCBCurPtr                              0x20000104   Data           4  os_var.o(.data)
    OSTCBHighRdyPtr                          0x20000108   Data           4  os_var.o(.data)
    OS_CPU_ExceptStkBase                     0x2000010c   Data           4  os_cpu_c.o(.data)
    StartTaskTCB                             0x20000110   Data         196  main.o(.bss)
    START_TASK_STK                           0x200001d4   Data        2048  main.o(.bss)
    KuLunTaskTCB                             0x200009d4   Data         196  main.o(.bss)
    KuLun_TASK_STK                           0x20000a98   Data         512  main.o(.bss)
    Led0TaskTCB                              0x20000c98   Data         196  main.o(.bss)
    LED0_TASK_STK                            0x20000d5c   Data         512  main.o(.bss)
    Led1TaskTCB                              0x20000f5c   Data         196  main.o(.bss)
    LED1_TASK_STK                            0x20001020   Data         512  main.o(.bss)
    FloatTaskTCB                             0x20001220   Data         196  main.o(.bss)
    FLOAT_TASK_STK                           0x200012e8   Data         512  main.o(.bss)
    KULUN_DATA                               0x200014e8   Data          79  kulun.o(.bss)
    USART_RX_BUF                             0x20001537   Data         200  usart.o(.bss)
    CPU_Name                                 0x200015ff   Data          16  cpu_core.o(.bss)
    Mem_PoolHeap                             0x20001610   Data          72  lib_mem.o(.bss)
    Mem_Heap                                 0x20001658   Data        1024  lib_mem.o(.bss)
    OSCfg_IdleTaskStk                        0x20001a58   Data         512  os_cfg_app.o(.bss)
    OSCfg_IntQ                               0x20001c58   Data         320  os_cfg_app.o(.bss)
    OSCfg_IntQTaskStk                        0x20001d98   Data         512  os_cfg_app.o(.bss)
    OSCfg_ISRStk                             0x20001f98   Data         512  os_cfg_app.o(.bss)
    OSCfg_MsgPool                            0x20002198   Data        1600  os_cfg_app.o(.bss)
    OSCfg_StatTaskStk                        0x200027d8   Data         512  os_cfg_app.o(.bss)
    OSCfg_TickTaskStk                        0x200029d8   Data         512  os_cfg_app.o(.bss)
    OSCfg_TickWheel                          0x20002bd8   Data         136  os_cfg_app.o(.bss)
    OSCfg_TmrTaskStk                         0x20002c60   Data         512  os_cfg_app.o(.bss)
    OSCfg_TmrWheel                           0x20002e60   Data         136  os_cfg_app.o(.bss)
    OSIdleTaskTCB                            0x20002ee8   Data         196  os_var.o(.bss)
    OSIntQTaskTCB                            0x20002fac   Data         196  os_var.o(.bss)
    OSMsgPool                                0x20003070   Data          12  os_var.o(.bss)
    OSRdyList                                0x2000307c   Data         768  os_var.o(.bss)
    OSStatTaskTCB                            0x2000337c   Data         196  os_var.o(.bss)
    OSTickTaskTCB                            0x20003440   Data         196  os_var.o(.bss)
    OSTmrTaskTCB                             0x20003504   Data         196  os_var.o(.bss)
    __libspace_start                         0x200035c8   Data          96  libspace.o(.bss)
    __temporary_stack_top$libspace           0x20003628   Data           0  libspace.o(.bss)



==============================================================================

Memory Map of the image

  Image Entry point : 0x08000189

  Load Region LR_IROM1 (Base: 0x08000000, Size: 0x0000d14c, Max: 0x00100000, ABSOLUTE)

    Execution Region ER_IROM1 (Base: 0x08000000, Size: 0x0000d03c, Max: 0x00100000, ABSOLUTE)

    Base Addr    Size         Type   Attr      Idx    E Section Name        Object

    0x08000000   0x00000188   Data   RO          349    RESET               startup_stm32f40_41xxx.o
    0x08000188   0x00000008   Code   RO         1590  * !!!main             c_w.l(__main.o)
    0x08000190   0x00000034   Code   RO         1819    !!!scatter          c_w.l(__scatter.o)
    0x080001c4   0x0000001a   Code   RO         1821    !!handler_copy      c_w.l(__scatter_copy.o)
    0x080001de   0x00000002   PAD
    0x080001e0   0x0000001c   Code   RO         1823    !!handler_zi        c_w.l(__scatter_zi.o)
    0x080001fc   0x00000000   Code   RO         1585    .ARM.Collect$$_printf_percent$$00000000  c_w.l(_printf_percent.o)
    0x080001fc   0x00000006   Code   RO         1584    .ARM.Collect$$_printf_percent$$00000003  c_w.l(_printf_f.o)
    0x08000202   0x00000004   Code   RO         1607    .ARM.Collect$$_printf_percent$$00000017  c_w.l(_printf_percent_end.o)
    0x08000206   0x00000002   Code   RO         1699    .ARM.Collect$$libinit$$00000000  c_w.l(libinit.o)
    0x08000208   0x00000004   Code   RO         1700    .ARM.Collect$$libinit$$00000001  c_w.l(libinit2.o)
    0x0800020c   0x00000000   Code   RO         1704    .ARM.Collect$$libinit$$00000008  c_w.l(libinit2.o)
    0x0800020c   0x00000000   Code   RO         1706    .ARM.Collect$$libinit$$0000000A  c_w.l(libinit2.o)
    0x0800020c   0x00000000   Code   RO         1708    .ARM.Collect$$libinit$$0000000C  c_w.l(libinit2.o)
    0x0800020c   0x00000006   Code   RO         1709    .ARM.Collect$$libinit$$0000000D  c_w.l(libinit2.o)
    0x08000212   0x00000000   Code   RO         1711    .ARM.Collect$$libinit$$0000000F  c_w.l(libinit2.o)
    0x08000212   0x00000000   Code   RO         1713    .ARM.Collect$$libinit$$00000011  c_w.l(libinit2.o)
    0x08000212   0x00000000   Code   RO         1715    .ARM.Collect$$libinit$$00000013  c_w.l(libinit2.o)
    0x08000212   0x0000000a   Code   RO         1716    .ARM.Collect$$libinit$$00000014  c_w.l(libinit2.o)
    0x0800021c   0x00000000   Code   RO         1717    .ARM.Collect$$libinit$$00000015  c_w.l(libinit2.o)
    0x0800021c   0x00000000   Code   RO         1719    .ARM.Collect$$libinit$$00000017  c_w.l(libinit2.o)
    0x0800021c   0x00000000   Code   RO         1721    .ARM.Collect$$libinit$$00000019  c_w.l(libinit2.o)
    0x0800021c   0x00000000   Code   RO         1723    .ARM.Collect$$libinit$$0000001B  c_w.l(libinit2.o)
    0x0800021c   0x00000000   Code   RO         1725    .ARM.Collect$$libinit$$0000001D  c_w.l(libinit2.o)
    0x0800021c   0x00000000   Code   RO         1727    .ARM.Collect$$libinit$$0000001F  c_w.l(libinit2.o)
    0x0800021c   0x00000000   Code   RO         1729    .ARM.Collect$$libinit$$00000021  c_w.l(libinit2.o)
    0x0800021c   0x00000000   Code   RO         1731    .ARM.Collect$$libinit$$00000023  c_w.l(libinit2.o)
    0x0800021c   0x00000000   Code   RO         1735    .ARM.Collect$$libinit$$0000002A  c_w.l(libinit2.o)
    0x0800021c   0x00000000   Code   RO         1737    .ARM.Collect$$libinit$$0000002C  c_w.l(libinit2.o)
    0x0800021c   0x00000000   Code   RO         1739    .ARM.Collect$$libinit$$0000002E  c_w.l(libinit2.o)
    0x0800021c   0x00000000   Code   RO         1741    .ARM.Collect$$libinit$$00000030  c_w.l(libinit2.o)
    0x0800021c   0x00000002   Code   RO         1742    .ARM.Collect$$libinit$$00000031  c_w.l(libinit2.o)
    0x0800021e   0x00000002   Code   RO         1784    .ARM.Collect$$libshutdown$$00000000  c_w.l(libshutdown.o)
    0x08000220   0x00000000   Code   RO         1804    .ARM.Collect$$libshutdown$$00000003  c_w.l(libshutdown2.o)
    0x08000220   0x00000000   Code   RO         1807    .ARM.Collect$$libshutdown$$00000006  c_w.l(libshutdown2.o)
    0x08000220   0x00000000   Code   RO         1810    .ARM.Collect$$libshutdown$$00000009  c_w.l(libshutdown2.o)
    0x08000220   0x00000000   Code   RO         1812    .ARM.Collect$$libshutdown$$0000000B  c_w.l(libshutdown2.o)
    0x08000220   0x00000000   Code   RO         1815    .ARM.Collect$$libshutdown$$0000000E  c_w.l(libshutdown2.o)
    0x08000220   0x00000002   Code   RO         1816    .ARM.Collect$$libshutdown$$0000000F  c_w.l(libshutdown2.o)
    0x08000222   0x00000000   Code   RO         1598    .ARM.Collect$$rtentry$$00000000  c_w.l(rtentry.o)
    0x08000222   0x00000000   Code   RO         1616    .ARM.Collect$$rtentry$$00000002  c_w.l(rtentry2.o)
    0x08000222   0x00000006   Code   RO         1628    .ARM.Collect$$rtentry$$00000004  c_w.l(rtentry4.o)
    0x08000228   0x00000000   Code   RO         1618    .ARM.Collect$$rtentry$$00000009  c_w.l(rtentry2.o)
    0x08000228   0x00000004   Code   RO         1619    .ARM.Collect$$rtentry$$0000000A  c_w.l(rtentry2.o)
    0x0800022c   0x00000000   Code   RO         1621    .ARM.Collect$$rtentry$$0000000C  c_w.l(rtentry2.o)
    0x0800022c   0x00000008   Code   RO         1622    .ARM.Collect$$rtentry$$0000000D  c_w.l(rtentry2.o)
    0x08000234   0x00000002   Code   RO         1743    .ARM.Collect$$rtexit$$00000000  c_w.l(rtexit.o)
    0x08000236   0x00000000   Code   RO         1756    .ARM.Collect$$rtexit$$00000002  c_w.l(rtexit2.o)
    0x08000236   0x00000004   Code   RO         1757    .ARM.Collect$$rtexit$$00000003  c_w.l(rtexit2.o)
    0x0800023a   0x00000006   Code   RO         1758    .ARM.Collect$$rtexit$$00000004  c_w.l(rtexit2.o)
    0x08000240   0x00000420   Code   RO            3    .text               main.o
    0x08000660   0x00000016   Code   RO          228    .text               stm32f4xx_it.o
    0x08000676   0x00000002   PAD
    0x08000678   0x00000210   Code   RO          277    .text               system_stm32f4xx.o
    0x08000888   0x00000040   Code   RO          303    .text               led.o
    0x080008c8   0x00000384   Code   RO          323    .text               kulun.o
    0x08000c4c   0x00000040   Code   RO          350    .text               startup_stm32f40_41xxx.o
    0x08000c8c   0x000000e0   Code   RO          356    .text               misc.o
    0x08000d6c   0x00000294   Code   RO          376    .text               stm32f4xx_gpio.o
    0x08001000   0x0000065c   Code   RO          396    .text               stm32f4xx_rcc.o
    0x0800165c   0x00000454   Code   RO          438    .text               stm32f4xx_usart.o
    0x08001ab0   0x000003a8   Code   RO          658    .text               stm32f4xx_dma.o
    0x08001e58   0x00000148   Code   RO         1073    .text               delay.o
    0x08001fa0   0x0000015c   Code   RO         1113    .text               usart.o
    0x080020fc   0x00000084   Code   RO         1144    .text               bsp.o
    0x08002180   0x000002ac   Code   RO         1177    .text               cpu_core.o
    0x0800242c   0x00000034   Code   RO         1203    .text               cpu_a.o
    0x08002460   0x00000256   Code   RO         1206    .text               lib_ascii.o
    0x080026b6   0x00000002   PAD
    0x080026b8   0x000009c6   Code   RO         1239    .text               lib_mem.o
    0x0800307e   0x00000002   PAD
    0x08003080   0x0000092c   Code   RO         1258    .text               lib_str.o
    0x080039ac   0x00000220   Code   RO         1275    .text               lib_mem_a.o
    0x08003bcc   0x000000fc   Code   RO         1278    .text               os_cfg_app.o
    0x08003cc8   0x00000df0   Code   RO         1301    .text               os_core.o
    0x08004ab8   0x000001b0   Code   RO         1313    .text               os_dbg.o
    0x08004c68   0x00000e28   Code   RO         1328    .text               os_flag.o
    0x08005a90   0x00000444   Code   RO         1340    .text               os_int.o
    0x08005ed4   0x00000238   Code   RO         1352    .text               os_mem.o
    0x0800610c   0x0000022c   Code   RO         1364    .text               os_msg.o
    0x08006338   0x00000ad4   Code   RO         1376    .text               os_mutex.o
    0x08006e0c   0x0000007c   Code   RO         1394    .text               os_prio.o
    0x08006e88   0x000008d8   Code   RO         1413    .text               os_q.o
    0x08007760   0x00000830   Code   RO         1425    .text               os_sem.o
    0x08007f90   0x00000638   Code   RO         1437    .text               os_stat.o
    0x080085c8   0x00001bb4   Code   RO         1449    .text               os_task.o
    0x0800a17c   0x000004fc   Code   RO         1461    .text               os_tick.o
    0x0800a678   0x00000564   Code   RO         1473    .text               os_time.o
    0x0800abdc   0x00000818   Code   RO         1485    .text               os_tmr.o
    0x0800b3f4   0x000003f8   Code   RO         1513    .text               os_cpu_c.o
    0x0800b7ec   0x00000002   Code   RO         1554    .text               c_w.l(use_no_semi_2.o)
    0x0800b7ee   0x000000ee   Code   RO         1556    .text               c_w.l(lludivv7m.o)
    0x0800b8dc   0x00000018   Code   RO         1560    .text               c_w.l(noretval__2printf.o)
    0x0800b8f4   0x0000010e   Code   RO         1572    .text               c_w.l(__printf_wp.o)
    0x0800ba02   0x0000008a   Code   RO         1586    .text               c_w.l(rt_memcpy_v6.o)
    0x0800ba8c   0x00000006   Code   RO         1588    .text               c_w.l(heapauxi.o)
    0x0800ba92   0x00000002   Code   RO         1596    .text               c_w.l(use_no_semi.o)
    0x0800ba94   0x00000416   Code   RO         1603    .text               c_w.l(_printf_fp_dec.o)
    0x0800beaa   0x00000002   PAD
    0x0800beac   0x00000024   Code   RO         1605    .text               c_w.l(_printf_char_file.o)
    0x0800bed0   0x00000064   Code   RO         1608    .text               c_w.l(rt_memcpy_w.o)
    0x0800bf34   0x00000008   Code   RO         1635    .text               c_w.l(rt_locale_intlibspace.o)
    0x0800bf3c   0x0000008a   Code   RO         1637    .text               c_w.l(lludiv10.o)
    0x0800bfc6   0x00000002   PAD
    0x0800bfc8   0x00000030   Code   RO         1639    .text               c_w.l(_printf_char_common.o)
    0x0800bff8   0x00000080   Code   RO         1641    .text               c_w.l(_printf_fp_infnan.o)
    0x0800c078   0x000000d8   Code   RO         1643    .text               c_w.l(bigflt0.o)
    0x0800c150   0x00000008   Code   RO         1668    .text               c_w.l(ferror.o)
    0x0800c158   0x00000008   Code   RO         1679    .text               c_w.l(libspace.o)
    0x0800c160   0x0000004a   Code   RO         1682    .text               c_w.l(sys_stackheap_outer.o)
    0x0800c1aa   0x0000000c   Code   RO         1686    .text               c_w.l(exit.o)
    0x0800c1b6   0x00000002   PAD
    0x0800c1b8   0x00000080   Code   RO         1692    .text               c_w.l(strcmpv7m.o)
    0x0800c238   0x0000003e   Code   RO         1646    CL$$btod_d2e        c_w.l(btod.o)
    0x0800c276   0x00000046   Code   RO         1648    CL$$btod_d2e_denorm_low  c_w.l(btod.o)
    0x0800c2bc   0x00000060   Code   RO         1647    CL$$btod_d2e_norm_op1  c_w.l(btod.o)
    0x0800c31c   0x00000338   Code   RO         1656    CL$$btod_div_common  c_w.l(btod.o)
    0x0800c654   0x000000c6   Code   RO         1653    CL$$btod_e2e        c_w.l(btod.o)
    0x0800c71a   0x00000028   Code   RO         1650    CL$$btod_ediv       c_w.l(btod.o)
    0x0800c742   0x00000028   Code   RO         1649    CL$$btod_emul       c_w.l(btod.o)
    0x0800c76a   0x00000244   Code   RO         1655    CL$$btod_mult_common  c_w.l(btod.o)
    0x0800c9ae   0x00000002   PAD
    0x0800c9b0   0x000000ac   Code   RO         1537    CODE                os_cpu_a.o
    0x0800ca5c   0x00000030   Code   RO         1677    i.__ARM_fpclassify  m_wm.l(fpclassify.o)
    0x0800ca8c   0x0000000e   Code   RO         1574    i._is_digit         c_w.l(__printf_wp.o)
    0x0800ca9a   0x00000002   PAD
    0x0800ca9c   0x0000002c   Code   RO         1673    locale$$code        c_w.l(lc_numeric_c.o)
    0x0800cac8   0x0000000c   Code   RO         1610    x$fpl$dretinf       fz_wm.l(dretinf.o)
    0x0800cad4   0x00000056   Code   RO         1592    x$fpl$f2d           fz_wm.l(f2d.o)
    0x0800cb2a   0x0000008c   Code   RO         1612    x$fpl$fnaninf       fz_wm.l(fnaninf.o)
    0x0800cbb6   0x0000000a   Code   RO         1753    x$fpl$fpinit        fz_wm.l(fpinit.o)
    0x0800cbc0   0x00000004   Code   RO         1594    x$fpl$printf1       fz_wm.l(printf1.o)
    0x0800cbc4   0x00000000   Code   RO         1614    x$fpl$usenofp       fz_wm.l(usenofp.o)
    0x0800cbc4   0x00000104   Data   RO         1179    .constdata          cpu_core.o
    0x0800ccc8   0x00000094   Data   RO         1259    .constdata          lib_str.o
    0x0800cd5c   0x000000a4   Data   RO         1280    .constdata          os_cfg_app.o
    0x0800ce00   0x0000016c   Data   RO         1314    .constdata          os_dbg.o
    0x0800cf6c   0x00000094   Data   RO         1644    .constdata          c_w.l(bigflt0.o)
    0x0800d000   0x00000020   Data   RO         1817    Region$$Table       anon$$obj.o
    0x0800d020   0x0000001c   Data   RO         1672    locale$$data        c_w.l(lc_numeric_c.o)


    Execution Region RW_IRAM1 (Base: 0x20000000, Size: 0x00003c28, Max: 0x00020000, ABSOLUTE)

    Base Addr    Size         Type   Attr      Idx    E Section Name        Object

    0x20000000   0x00000004   Data   RW            5    .data               main.o
    0x20000004   0x00000014   Data   RW          278    .data               system_stm32f4xx.o
    0x20000018   0x00000010   Data   RW          397    .data               stm32f4xx_rcc.o
    0x20000028   0x00000004   Data   RW         1074    .data               delay.o
    0x2000002c   0x00000006   Data   RW         1115    .data               usart.o
    0x20000032   0x00000002   PAD
    0x20000034   0x00000004   Data   RW         1180    .data               cpu_core.o
    0x20000038   0x00000004   Data   RW         1241    .data               lib_mem.o
    0x2000003c   0x00000008   Data   RW         1395    .data               os_prio.o
    0x20000044   0x000000c8   Data   RW         1498    .data               os_var.o
    0x2000010c   0x00000004   Data   RW         1514    .data               os_cpu_c.o
    0x20000110   0x000013d8   Zero   RW            4    .bss                main.o
    0x200014e8   0x0000004f   Zero   RW          324    .bss                kulun.o
    0x20001537   0x000000c8   Zero   RW         1114    .bss                usart.o
    0x200015ff   0x00000010   Zero   RW         1178    .bss                cpu_core.o
    0x2000160f   0x00000001   PAD
    0x20001610   0x00000448   Zero   RW         1240    .bss                lib_mem.o
    0x20001a58   0x00001490   Zero   RW         1279    .bss                os_cfg_app.o
    0x20002ee8   0x000006e0   Zero   RW         1497    .bss                os_var.o
    0x200035c8   0x00000060   Zero   RW         1680    .bss                c_w.l(libspace.o)
    0x20003628   0x00000200   Zero   RW          348    HEAP                startup_stm32f40_41xxx.o
    0x20003828   0x00000400   Zero   RW          347    STACK               startup_stm32f40_41xxx.o


==============================================================================

Image component sizes


      Code (inc. data)   RO Data    RW Data    ZI Data      Debug   Object Name

       132         14          0          0          0       1223   bsp.o
        52          0          0          0          0        420   cpu_a.o
       684         14        260          4         16      14699   cpu_core.o
       328         24          0          4          0       1881   delay.o
       900         16          0          0         79       2216   kulun.o
        64          6          0          0          0        543   led.o
       598          0          0          0          0       3796   lib_ascii.o
      2502         32          0          4       1096      21968   lib_mem.o
       544          0          0          0          0        564   lib_mem_a.o
      2348          6        148          0          0      13230   lib_str.o
      1056        152          0          4       5080     318102   main.o
       224         20          0          0          0       1993   misc.o
       252        166        164          0       5264      20978   os_cfg_app.o
      3568        284          0          0          0      12233   os_core.o
       172         32          0          0          0        484   os_cpu_a.o
      1016         64          0          4          0       4097   os_cpu_c.o
       432        286        364          0          0       4821   os_dbg.o
      3624        110          0          0          0       7951   os_flag.o
      1092        146          0          0          0       2332   os_int.o
       568         20          0          0          0       2824   os_mem.o
       556         12          0          0          0       2835   os_msg.o
      2772        114          0          0          0       5642   os_mutex.o
       124          4          0          8          0       1964   os_prio.o
      2264         76          0          0          0       6324   os_q.o
      2096         70          0          0          0       6340   os_sem.o
      1592        180          0          0          0       2829   os_stat.o
      7092        270          0          0          0      13702   os_task.o
      1276         90          0          0          0       3437   os_tick.o
      1380         46          0          0          0       3225   os_time.o
      2072        140          0          0          0       6522   os_tmr.o
         0          0          0        200       1760      19373   os_var.o
        64         26        392          0       1536        924   startup_stm32f40_41xxx.o
       936         32          0          0          0       6469   stm32f4xx_dma.o
       660         44          0          0          0       4265   stm32f4xx_gpio.o
        22          0          0          0          0       1055   stm32f4xx_it.o
      1628         52          0         16          0      13100   stm32f4xx_rcc.o
      1108         34          0          0          0       7972   stm32f4xx_usart.o
       528         46          0         20          0       1835   system_stm32f4xx.o
       348         18          0          6        200       3386   usart.o

    ----------------------------------------------------------------------
     46680       2646       1360        272      15032     547554   Object Totals
         0          0         32          0          0          0   (incl. Generated)
         6          0          0          2          1          0   (incl. Padding)

    ----------------------------------------------------------------------

      Code (inc. data)   RO Data    RW Data    ZI Data      Debug   Library Member Name

         8          0          0          0          0         68   __main.o
       284          0          0          0          0        156   __printf_wp.o
        52          8          0          0          0          0   __scatter.o
        26          0          0          0          0          0   __scatter_copy.o
        28          0          0          0          0          0   __scatter_zi.o
        48          6          0          0          0         96   _printf_char_common.o
        36          4          0          0          0         80   _printf_char_file.o
         6          0          0          0          0          0   _printf_f.o
      1046          0          0          0          0        216   _printf_fp_dec.o
       128         16          0          0          0         84   _printf_fp_infnan.o
         0          0          0          0          0          0   _printf_percent.o
         4          0          0          0          0          0   _printf_percent_end.o
       216          4        148          0          0         96   bigflt0.o
      1910        128          0          0          0        672   btod.o
        12          0          0          0          0         72   exit.o
         8          0          0          0          0         68   ferror.o
         6          0          0          0          0        152   heapauxi.o
        44         10         28          0          0         76   lc_numeric_c.o
         2          0          0          0          0          0   libinit.o
        22          0          0          0          0          0   libinit2.o
         2          0          0          0          0          0   libshutdown.o
         2          0          0          0          0          0   libshutdown2.o
         8          4          0          0         96         68   libspace.o
       138          0          0          0          0         80   lludiv10.o
       238          0          0          0          0        100   lludivv7m.o
        24          4          0          0          0         84   noretval__2printf.o
         8          4          0          0          0         68   rt_locale_intlibspace.o
       138          0          0          0          0         68   rt_memcpy_v6.o
       100          0          0          0          0         80   rt_memcpy_w.o
         0          0          0          0          0          0   rtentry.o
        12          0          0          0          0          0   rtentry2.o
         6          0          0          0          0          0   rtentry4.o
         2          0          0          0          0          0   rtexit.o
        10          0          0          0          0          0   rtexit2.o
       128          0          0          0          0         68   strcmpv7m.o
        74          0          0          0          0         80   sys_stackheap_outer.o
         2          0          0          0          0         68   use_no_semi.o
         2          0          0          0          0         68   use_no_semi_2.o
        12          0          0          0          0        116   dretinf.o
        86          4          0          0          0        132   f2d.o
       140          4          0          0          0        132   fnaninf.o
        10          0          0          0          0        116   fpinit.o
         4          0          0          0          0        116   printf1.o
         0          0          0          0          0          0   usenofp.o
        48          0          0          0          0        124   fpclassify.o

    ----------------------------------------------------------------------
      5092        196        176          0         96       3404   Library Totals
        12          0          0          0          0          0   (incl. Padding)

    ----------------------------------------------------------------------

      Code (inc. data)   RO Data    RW Data    ZI Data      Debug   Library Name

      4780        188        176          0         96       2668   c_w.l
       252          8          0          0          0        612   fz_wm.l
        48          0          0          0          0        124   m_wm.l

    ----------------------------------------------------------------------
      5092        196        176          0         96       3404   Library Totals

    ----------------------------------------------------------------------

==============================================================================


      Code (inc. data)   RO Data    RW Data    ZI Data      Debug   

     51772       2842       1536        272      15128     540802   Grand Totals
     51772       2842       1536        272      15128     540802   ELF Image Totals
     51772       2842       1536        272          0          0   ROM Totals

==============================================================================

    Total RO  Size (Code + RO Data)                53308 (  52.06kB)
    Total RW  Size (RW Data + ZI Data)             15400 (  15.04kB)
    Total ROM Size (Code + RO Data + RW Data)      53580 (  52.32kB)

==============================================================================

